[2021-05-10T17:09:41.084+0800] Using Concurrent Mark Sweep
[2021-05-10T17:09:41.084+0800] Heap address: 0x00000000e0000000, size: 512 MB, Compressed Oops mode: 32-bit
[2021-05-10T17:09:41.541+0800] GC(0) Pause Young (Allocation Failure)
[2021-05-10T17:09:41.541+0800] GC(0) Using 10 workers of 10 for evacuation
[2021-05-10T17:09:41.556+0800] GC(0) ParNew: 139776K->17471K(157248K)
[2021-05-10T17:09:41.556+0800] GC(0) CMS: 0K->27406K(349568K)
[2021-05-10T17:09:41.556+0800] GC(0) Metaspace: 14991K->14991K(1062912K)
[2021-05-10T17:09:41.556+0800] GC(0) Pause Young (Allocation Failure) 136M->43M(494M) 15.294ms
[2021-05-10T17:09:41.557+0800] GC(0) User=0.00s Sys=0.00s Real=0.02s
[2021-05-10T17:09:41.570+0800] GC(1) Pause Young (Allocation Failure)
[2021-05-10T17:09:41.570+0800] GC(1) Using 10 workers of 10 for evacuation
[2021-05-10T17:09:41.582+0800] GC(1) ParNew: 157247K->17470K(157248K)
[2021-05-10T17:09:41.582+0800] GC(1) CMS: 27406K->82006K(349568K)
[2021-05-10T17:09:41.582+0800] GC(1) Metaspace: 14993K->14993K(1062912K)
[2021-05-10T17:09:41.582+0800] GC(1) Pause Young (Allocation Failure) 180M->97M(494M) 12.529ms
[2021-05-10T17:09:41.582+0800] GC(1) User=0.05s Sys=0.02s Real=0.01s
[2021-05-10T17:09:41.595+0800] GC(2) Pause Young (Allocation Failure)
[2021-05-10T17:09:41.595+0800] GC(2) Using 10 workers of 10 for evacuation
[2021-05-10T17:09:41.617+0800] GC(2) ParNew: 157034K->17472K(157248K)
[2021-05-10T17:09:41.617+0800] GC(2) CMS: 82006K->137306K(349568K)
[2021-05-10T17:09:41.617+0800] GC(2) Metaspace: 14993K->14993K(1062912K)
[2021-05-10T17:09:41.617+0800] GC(2) Pause Young (Allocation Failure) 233M->151M(494M) 21.721ms
[2021-05-10T17:09:41.617+0800] GC(2) User=0.14s Sys=0.02s Real=0.02s
[2021-05-10T17:09:41.631+0800] GC(3) Pause Young (Allocation Failure)
[2021-05-10T17:09:41.631+0800] GC(3) Using 10 workers of 10 for evacuation
[2021-05-10T17:09:41.650+0800] GC(3) ParNew: 157248K->17472K(157248K)
[2021-05-10T17:09:41.650+0800] GC(3) CMS: 137306K->191545K(349568K)
[2021-05-10T17:09:41.650+0800] GC(3) Metaspace: 14993K->14993K(1062912K)
[2021-05-10T17:09:41.650+0800] GC(3) Pause Young (Allocation Failure) 287M->204M(494M) 20.257ms
[2021-05-10T17:09:41.650+0800] GC(3) User=0.16s Sys=0.00s Real=0.02s
[2021-05-10T17:09:41.650+0800] GC(4) Pause Initial Mark
[2021-05-10T17:09:41.652+0800] GC(4) Pause Initial Mark 206M->206M(494M) 0.179ms
[2021-05-10T17:09:41.652+0800] GC(4) User=0.06s Sys=0.02s Real=0.00s
[2021-05-10T17:09:41.652+0800] GC(4) Concurrent Mark
[2021-05-10T17:09:41.652+0800] GC(4) Using 3 workers of 3 for marking
[2021-05-10T17:09:41.654+0800] GC(4) Concurrent Mark 2.179ms
[2021-05-10T17:09:41.654+0800] GC(4) User=0.00s Sys=0.00s Real=0.00s
[2021-05-10T17:09:41.654+0800] GC(4) Concurrent Preclean
[2021-05-10T17:09:41.654+0800] GC(4) Concurrent Preclean 0.391ms
[2021-05-10T17:09:41.654+0800] GC(4) User=0.00s Sys=0.00s Real=0.00s
[2021-05-10T17:09:41.654+0800] GC(4) Concurrent Abortable Preclean
[2021-05-10T17:09:41.664+0800] GC(5) Pause Young (Allocation Failure)
[2021-05-10T17:09:41.664+0800] GC(5) Using 10 workers of 10 for evacuation
[2021-05-10T17:09:41.680+0800] GC(5) ParNew: 157248K->17472K(157248K)
[2021-05-10T17:09:41.680+0800] GC(5) CMS: 191545K->236848K(349568K)
[2021-05-10T17:09:41.680+0800] GC(5) Metaspace: 14993K->14993K(1062912K)
[2021-05-10T17:09:41.680+0800] GC(5) Pause Young (Allocation Failure) 340M->248M(494M) 17.052ms
[2021-05-10T17:09:41.680+0800] GC(5) User=0.14s Sys=0.02s Real=0.02s
[2021-05-10T17:09:41.694+0800] GC(6) Pause Young (Allocation Failure)
[2021-05-10T17:09:41.694+0800] GC(6) Using 10 workers of 10 for evacuation
[2021-05-10T17:09:41.713+0800] GC(6) ParNew: 157248K->17472K(157248K)
[2021-05-10T17:09:41.713+0800] GC(6) CMS: 236848K->288453K(349568K)
[2021-05-10T17:09:41.713+0800] GC(6) Metaspace: 14993K->14993K(1062912K)
[2021-05-10T17:09:41.713+0800] GC(6) Pause Young (Allocation Failure) 384M->298M(494M) 19.474ms
[2021-05-10T17:09:41.713+0800] GC(6) User=0.14s Sys=0.02s Real=0.02s
[2021-05-10T17:09:41.727+0800] GC(7) Pause Young (Allocation Failure)
[2021-05-10T17:09:41.727+0800] GC(7) Using 10 workers of 10 for evacuation
[2021-05-10T17:09:41.746+0800] GC(7) ParNew: 157248K->17472K(157248K)
[2021-05-10T17:09:41.746+0800] GC(7) CMS: 288453K->337361K(349568K)
[2021-05-10T17:09:41.746+0800] GC(7) Metaspace: 14993K->14993K(1062912K)
[2021-05-10T17:09:41.746+0800] GC(7) Pause Young (Allocation Failure) 435M->346M(494M) 18.897ms
[2021-05-10T17:09:41.746+0800] GC(7) User=0.30s Sys=0.02s Real=0.02s
[2021-05-10T17:09:41.746+0800] GC(4) Concurrent Abortable Preclean 92.502ms
[2021-05-10T17:09:41.746+0800] GC(4) User=0.63s Sys=0.05s Real=0.09s
[2021-05-10T17:09:41.746+0800] GC(4) Pause Remark
[2021-05-10T17:09:41.747+0800] GC(4) Pause Remark 349M->349M(494M) 1.347ms
[2021-05-10T17:09:41.747+0800] GC(4) User=0.00s Sys=0.00s Real=0.00s
[2021-05-10T17:09:41.747+0800] GC(4) Concurrent Sweep
[2021-05-10T17:09:41.749+0800] GC(4) Concurrent Sweep 1.218ms
[2021-05-10T17:09:41.749+0800] GC(4) User=0.00s Sys=0.00s Real=0.00s
[2021-05-10T17:09:41.749+0800] GC(4) Concurrent Reset
[2021-05-10T17:09:41.749+0800] GC(4) Concurrent Reset 0.504ms
[2021-05-10T17:09:41.749+0800] GC(4) User=0.00s Sys=0.00s Real=0.00s
[2021-05-10T17:09:41.749+0800] GC(4) Old: 191545K->303785K(349568K)
[2021-05-10T17:09:41.763+0800] GC(8) Pause Young (Allocation Failure)
[2021-05-10T17:09:41.763+0800] GC(8) Using 10 workers of 10 for evacuation
[2021-05-10T17:09:41.763+0800] GC(9) Pause Full (Allocation Failure)
[2021-05-10T17:09:41.763+0800] GC(9) Phase 1: Mark live objects
[2021-05-10T17:09:41.766+0800] GC(9) Phase 1: Mark live objects 3.214ms
[2021-05-10T17:09:41.766+0800] GC(9) Phase 2: Compute new object addresses
[2021-05-10T17:09:41.768+0800] GC(9) Phase 2: Compute new object addresses 1.522ms
[2021-05-10T17:09:41.768+0800] GC(9) Phase 3: Adjust pointers
[2021-05-10T17:09:41.770+0800] GC(9) Phase 3: Adjust pointers 2.143ms
[2021-05-10T17:09:41.770+0800] GC(9) Phase 4: Move objects
[2021-05-10T17:09:41.796+0800] GC(9) Phase 4: Move objects 26.340ms
[2021-05-10T17:09:41.797+0800] GC(9) Pause Full (Allocation Failure) 450M->246M(494M) 33.696ms
[2021-05-10T17:09:41.797+0800] GC(8) ParNew: 157248K->0K(157248K)
[2021-05-10T17:09:41.797+0800] GC(8) CMS: 303785K->252540K(349568K)
[2021-05-10T17:09:41.797+0800] GC(8) Metaspace: 14993K->14993K(1062912K)
[2021-05-10T17:09:41.797+0800] GC(8) Pause Young (Allocation Failure) 450M->246M(494M) 33.812ms
[2021-05-10T17:09:41.797+0800] GC(8) User=0.03s Sys=0.00s Real=0.03s
[2021-05-10T17:09:41.797+0800] GC(10) Pause Initial Mark
[2021-05-10T17:09:41.797+0800] GC(10) Pause Initial Mark 249M->249M(494M) 0.099ms
[2021-05-10T17:09:41.797+0800] GC(10) User=0.00s Sys=0.00s Real=0.00s
[2021-05-10T17:09:41.797+0800] GC(10) Concurrent Mark
[2021-05-10T17:09:41.797+0800] GC(10) Using 3 workers of 3 for marking
[2021-05-10T17:09:41.799+0800] GC(10) Concurrent Mark 1.980ms
[2021-05-10T17:09:41.799+0800] GC(10) User=0.00s Sys=0.00s Real=0.00s
[2021-05-10T17:09:41.799+0800] GC(10) Concurrent Preclean
[2021-05-10T17:09:41.800+0800] GC(10) Concurrent Preclean 0.383ms
[2021-05-10T17:09:41.800+0800] GC(10) User=0.00s Sys=0.00s Real=0.00s
[2021-05-10T17:09:41.800+0800] GC(10) Concurrent Abortable Preclean
[2021-05-10T17:09:41.811+0800] GC(11) Pause Young (Allocation Failure)
[2021-05-10T17:09:41.811+0800] GC(11) Using 10 workers of 10 for evacuation
[2021-05-10T17:09:41.816+0800] GC(11) ParNew: 139776K->17471K(157248K)
[2021-05-10T17:09:41.816+0800] GC(11) CMS: 252540K->288029K(349568K)
[2021-05-10T17:09:41.816+0800] GC(11) Metaspace: 14993K->14993K(1062912K)
[2021-05-10T17:09:41.816+0800] GC(11) Pause Young (Allocation Failure) 383M->298M(494M) 5.735ms
[2021-05-10T17:09:41.816+0800] GC(11) User=0.00s Sys=0.00s Real=0.00s
[2021-05-10T17:09:41.829+0800] GC(12) Pause Young (Allocation Failure)
[2021-05-10T17:09:41.829+0800] GC(12) Using 10 workers of 10 for evacuation
[2021-05-10T17:09:41.836+0800] GC(12) ParNew: 157247K->17471K(157248K)
[2021-05-10T17:09:41.836+0800] GC(12) CMS: 288029K->338322K(349568K)
[2021-05-10T17:09:41.836+0800] GC(12) Metaspace: 14993K->14993K(1062912K)
[2021-05-10T17:09:41.837+0800] GC(12) Pause Young (Allocation Failure) 434M->347M(494M) 7.362ms
[2021-05-10T17:09:41.837+0800] GC(12) User=0.00s Sys=0.00s Real=0.01s
[2021-05-10T17:09:41.837+0800] GC(10) Concurrent Abortable Preclean 36.858ms
[2021-05-10T17:09:41.837+0800] GC(10) User=0.03s Sys=0.00s Real=0.04s
[2021-05-10T17:09:41.837+0800] GC(10) Pause Remark
[2021-05-10T17:09:41.838+0800] GC(10) Pause Remark 350M->350M(494M) 1.443ms
[2021-05-10T17:09:41.838+0800] GC(10) User=0.00s Sys=0.00s Real=0.00s
[2021-05-10T17:09:41.838+0800] GC(10) Concurrent Sweep
[2021-05-10T17:09:41.839+0800] GC(10) Concurrent Sweep 0.985ms
[2021-05-10T17:09:41.839+0800] GC(10) User=0.03s Sys=0.00s Real=0.00s
[2021-05-10T17:09:41.839+0800] GC(10) Concurrent Reset
[2021-05-10T17:09:41.839+0800] GC(10) Concurrent Reset 0.176ms
[2021-05-10T17:09:41.839+0800] GC(10) User=0.00s Sys=0.00s Real=0.00s
[2021-05-10T17:09:41.839+0800] GC(10) Old: 252540K->338201K(349568K)
[2021-05-10T17:09:41.851+0800] GC(13) Pause Young (Allocation Failure)
[2021-05-10T17:09:41.851+0800] GC(13) Using 10 workers of 10 for evacuation
[2021-05-10T17:09:41.851+0800] GC(14) Pause Full (Allocation Failure)
[2021-05-10T17:09:41.851+0800] GC(14) Phase 1: Mark live objects
[2021-05-10T17:09:41.854+0800] GC(14) Phase 1: Mark live objects 3.314ms
[2021-05-10T17:09:41.854+0800] GC(14) Phase 2: Compute new object addresses
[2021-05-10T17:09:41.856+0800] GC(14) Phase 2: Compute new object addresses 1.345ms
[2021-05-10T17:09:41.856+0800] GC(14) Phase 3: Adjust pointers
[2021-05-10T17:09:41.858+0800] GC(14) Phase 3: Adjust pointers 2.194ms
[2021-05-10T17:09:41.858+0800] GC(14) Phase 4: Move objects
[2021-05-10T17:09:41.888+0800] GC(14) Phase 4: Move objects 29.957ms
[2021-05-10T17:09:41.888+0800] GC(14) Pause Full (Allocation Failure) 483M->285M(494M) 37.245ms
[2021-05-10T17:09:41.888+0800] GC(13) ParNew: 156927K->0K(157248K)
[2021-05-10T17:09:41.888+0800] GC(13) CMS: 338201K->291910K(349568K)
[2021-05-10T17:09:41.888+0800] GC(13) Metaspace: 14993K->14993K(1062912K)
[2021-05-10T17:09:41.888+0800] GC(13) Pause Young (Allocation Failure) 483M->285M(494M) 37.377ms
[2021-05-10T17:09:41.888+0800] GC(13) User=0.05s Sys=0.00s Real=0.04s
[2021-05-10T17:09:41.888+0800] GC(15) Pause Initial Mark
[2021-05-10T17:09:41.889+0800] GC(15) Pause Initial Mark 288M->288M(494M) 0.137ms
[2021-05-10T17:09:41.889+0800] GC(15) User=0.00s Sys=0.00s Real=0.00s
[2021-05-10T17:09:41.889+0800] GC(15) Concurrent Mark
[2021-05-10T17:09:41.889+0800] GC(15) Using 3 workers of 3 for marking
[2021-05-10T17:09:41.891+0800] GC(15) Concurrent Mark 1.984ms
[2021-05-10T17:09:41.891+0800] GC(15) User=0.00s Sys=0.00s Real=0.00s
[2021-05-10T17:09:41.891+0800] GC(15) Concurrent Preclean
[2021-05-10T17:09:41.891+0800] GC(15) Concurrent Preclean 0.382ms
[2021-05-10T17:09:41.891+0800] GC(15) User=0.00s Sys=0.00s Real=0.00s
[2021-05-10T17:09:41.891+0800] GC(15) Concurrent Abortable Preclean
[2021-05-10T17:09:41.903+0800] GC(16) Pause Young (Allocation Failure)
[2021-05-10T17:09:41.903+0800] GC(16) Using 10 workers of 10 for evacuation
[2021-05-10T17:09:41.909+0800] GC(16) ParNew: 139776K->17470K(157248K)
[2021-05-10T17:09:41.909+0800] GC(16) CMS: 291910K->333443K(349568K)
[2021-05-10T17:09:41.909+0800] GC(16) Metaspace: 14993K->14993K(1062912K)
[2021-05-10T17:09:41.909+0800] GC(16) Pause Young (Allocation Failure) 421M->342M(494M) 6.288ms
[2021-05-10T17:09:41.909+0800] GC(16) User=0.00s Sys=0.00s Real=0.01s
[2021-05-10T17:09:41.909+0800] GC(15) Concurrent Abortable Preclean 18.211ms
[2021-05-10T17:09:41.909+0800] GC(15) User=0.02s Sys=0.00s Real=0.02s
[2021-05-10T17:09:41.909+0800] GC(15) Pause Remark
[2021-05-10T17:09:41.911+0800] GC(15) Pause Remark 345M->345M(494M) 1.419ms
[2021-05-10T17:09:41.911+0800] GC(15) User=0.00s Sys=0.00s Real=0.00s
[2021-05-10T17:09:41.911+0800] GC(15) Concurrent Sweep
[2021-05-10T17:09:41.912+0800] GC(15) Concurrent Sweep 1.092ms
[2021-05-10T17:09:41.912+0800] GC(15) User=0.00s Sys=0.00s Real=0.00s
[2021-05-10T17:09:41.912+0800] GC(15) Concurrent Reset
[2021-05-10T17:09:41.912+0800] GC(15) Concurrent Reset 0.191ms
[2021-05-10T17:09:41.912+0800] GC(15) User=0.00s Sys=0.00s Real=0.00s
[2021-05-10T17:09:41.912+0800] GC(15) Old: 291910K->332673K(349568K)
[2021-05-10T17:09:41.923+0800] GC(17) Pause Young (Allocation Failure)
[2021-05-10T17:09:41.923+0800] GC(17) Using 10 workers of 10 for evacuation
[2021-05-10T17:09:41.923+0800] GC(18) Pause Full (Allocation Failure)
[2021-05-10T17:09:41.923+0800] GC(18) Phase 1: Mark live objects
[2021-05-10T17:09:41.926+0800] GC(18) Phase 1: Mark live objects 3.345ms
[2021-05-10T17:09:41.926+0800] GC(18) Phase 2: Compute new object addresses
[2021-05-10T17:09:41.928+0800] GC(18) Phase 2: Compute new object addresses 1.311ms
[2021-05-10T17:09:41.928+0800] GC(18) Phase 3: Adjust pointers
[2021-05-10T17:09:41.930+0800] GC(18) Phase 3: Adjust pointers 2.104ms
[2021-05-10T17:09:41.930+0800] GC(18) Phase 4: Move objects
[2021-05-10T17:09:41.962+0800] GC(18) Phase 4: Move objects 32.432ms
[2021-05-10T17:09:41.963+0800] GC(18) Pause Full (Allocation Failure) 478M->313M(494M) 39.620ms
[2021-05-10T17:09:41.963+0800] GC(17) ParNew: 157246K->0K(157248K)
[2021-05-10T17:09:41.963+0800] GC(17) CMS: 332673K->321011K(349568K)
[2021-05-10T17:09:41.963+0800] GC(17) Metaspace: 14993K->14993K(1062912K)
[2021-05-10T17:09:41.963+0800] GC(17) Pause Young (Allocation Failure) 478M->313M(494M) 39.743ms
[2021-05-10T17:09:41.963+0800] GC(17) User=0.03s Sys=0.00s Real=0.04s
[2021-05-10T17:09:41.963+0800] GC(19) Pause Initial Mark
[2021-05-10T17:09:41.963+0800] GC(19) Pause Initial Mark 316M->316M(494M) 0.137ms
[2021-05-10T17:09:41.963+0800] GC(19) User=0.00s Sys=0.00s Real=0.00s
[2021-05-10T17:09:41.963+0800] GC(19) Concurrent Mark
[2021-05-10T17:09:41.963+0800] GC(19) Using 3 workers of 3 for marking
[2021-05-10T17:09:41.965+0800] GC(19) Concurrent Mark 2.479ms
[2021-05-10T17:09:41.965+0800] GC(19) User=0.06s Sys=0.00s Real=0.00s
[2021-05-10T17:09:41.965+0800] GC(19) Concurrent Preclean
[2021-05-10T17:09:41.965+0800] GC(19) Concurrent Preclean 0.382ms
[2021-05-10T17:09:41.965+0800] GC(19) User=0.00s Sys=0.00s Real=0.00s
[2021-05-10T17:09:41.965+0800] GC(19) Concurrent Abortable Preclean
[2021-05-10T17:09:41.978+0800] GC(20) Pause Young (Allocation Failure)
[2021-05-10T17:09:41.978+0800] GC(20) Using 10 workers of 10 for evacuation
[2021-05-10T17:09:41.978+0800] GC(21) Pause Full (Allocation Failure)
[2021-05-10T17:09:41.978+0800] GC(19) Concurrent Abortable Preclean 12.547ms
[2021-05-10T17:09:41.978+0800] GC(19) User=0.00s Sys=0.00s Real=0.01s
[2021-05-10T17:09:41.978+0800] GC(21) Phase 1: Mark live objects
[2021-05-10T17:09:41.982+0800] GC(21) Phase 1: Mark live objects 3.497ms
[2021-05-10T17:09:41.982+0800] GC(21) Phase 2: Compute new object addresses
[2021-05-10T17:09:41.983+0800] GC(21) Phase 2: Compute new object addresses 1.422ms
[2021-05-10T17:09:41.983+0800] GC(21) Phase 3: Adjust pointers
[2021-05-10T17:09:41.985+0800] GC(21) Phase 3: Adjust pointers 2.277ms
[2021-05-10T17:09:41.985+0800] GC(21) Phase 4: Move objects
[2021-05-10T17:09:42.019+0800] GC(21) Phase 4: Move objects 33.287ms
[2021-05-10T17:09:42.019+0800] GC(21) Pause Full (Allocation Failure) 449M->318M(494M) 41.025ms
[2021-05-10T17:09:42.019+0800] GC(20) ParNew: 139776K->0K(157248K)
[2021-05-10T17:09:42.019+0800] GC(20) CMS: 321011K->325901K(349568K)
[2021-05-10T17:09:42.019+0800] GC(20) Metaspace: 14993K->14993K(1062912K)
[2021-05-10T17:09:42.019+0800] GC(20) Pause Young (Allocation Failure) 449M->318M(494M) 41.150ms
[2021-05-10T17:09:42.019+0800] GC(20) User=0.05s Sys=0.00s Real=0.04s
[2021-05-10T17:09:42.034+0800] GC(22) Pause Young (Allocation Failure)
[2021-05-10T17:09:42.035+0800] GC(22) Using 10 workers of 10 for evacuation
[2021-05-10T17:09:42.035+0800] GC(23) Pause Full (Allocation Failure)
[2021-05-10T17:09:42.035+0800] GC(23) Phase 1: Mark live objects
[2021-05-10T17:09:42.038+0800] GC(23) Phase 1: Mark live objects 3.289ms
[2021-05-10T17:09:42.038+0800] GC(23) Phase 2: Compute new object addresses
[2021-05-10T17:09:42.039+0800] GC(23) Phase 2: Compute new object addresses 1.443ms
[2021-05-10T17:09:42.039+0800] GC(23) Phase 3: Adjust pointers
[2021-05-10T17:09:42.042+0800] GC(23) Phase 3: Adjust pointers 2.290ms
[2021-05-10T17:09:42.042+0800] GC(23) Phase 4: Move objects
[2021-05-10T17:09:42.075+0800] GC(23) Phase 4: Move objects 33.741ms
[2021-05-10T17:09:42.076+0800] GC(23) Pause Full (Allocation Failure) 454M->325M(494M) 41.222ms
[2021-05-10T17:09:42.076+0800] GC(22) ParNew: 139776K->0K(157248K)
[2021-05-10T17:09:42.076+0800] GC(22) CMS: 325901K->332921K(349568K)
[2021-05-10T17:09:42.076+0800] GC(22) Metaspace: 14993K->14993K(1062912K)
[2021-05-10T17:09:42.076+0800] GC(22) Pause Young (Allocation Failure) 454M->325M(494M) 41.342ms
[2021-05-10T17:09:42.076+0800] GC(22) User=0.05s Sys=0.00s Real=0.04s
[2021-05-10T17:09:42.076+0800] GC(24) Pause Initial Mark
[2021-05-10T17:09:42.076+0800] GC(24) Pause Initial Mark 328M->328M(494M) 0.095ms
[2021-05-10T17:09:42.076+0800] GC(24) User=0.00s Sys=0.00s Real=0.00s
[2021-05-10T17:09:42.076+0800] GC(24) Concurrent Mark
[2021-05-10T17:09:42.076+0800] GC(24) Using 3 workers of 3 for marking
[2021-05-10T17:09:42.078+0800] GC(24) Concurrent Mark 2.082ms
[2021-05-10T17:09:42.078+0800] GC(24) User=0.00s Sys=0.00s Real=0.00s
[2021-05-10T17:09:42.078+0800] GC(24) Concurrent Preclean
[2021-05-10T17:09:42.079+0800] GC(24) Concurrent Preclean 0.381ms
[2021-05-10T17:09:42.079+0800] GC(24) User=0.00s Sys=0.00s Real=0.00s
[2021-05-10T17:09:42.079+0800] GC(24) Concurrent Abortable Preclean
[2021-05-10T17:09:42.079+0800] GC(24) Concurrent Abortable Preclean 0.012ms
[2021-05-10T17:09:42.079+0800] GC(24) User=0.00s Sys=0.00s Real=0.00s
[2021-05-10T17:09:42.079+0800] GC(24) Pause Remark
[2021-05-10T17:09:42.080+0800] GC(24) Pause Remark 350M->350M(494M) 1.363ms
[2021-05-10T17:09:42.080+0800] GC(24) User=0.00s Sys=0.00s Real=0.00s
[2021-05-10T17:09:42.080+0800] GC(24) Concurrent Sweep
[2021-05-10T17:09:42.081+0800] GC(24) Concurrent Sweep 1.065ms
[2021-05-10T17:09:42.081+0800] GC(24) User=0.00s Sys=0.00s Real=0.00s
[2021-05-10T17:09:42.082+0800] GC(24) Concurrent Reset
[2021-05-10T17:09:42.082+0800] GC(24) Concurrent Reset 0.191ms
[2021-05-10T17:09:42.082+0800] GC(24) User=0.00s Sys=0.00s Real=0.00s
[2021-05-10T17:09:42.082+0800] GC(24) Old: 332921K->330784K(349568K)
[2021-05-10T17:09:42.092+0800] GC(25) Pause Young (Allocation Failure)
[2021-05-10T17:09:42.092+0800] GC(25) Using 10 workers of 10 for evacuation
[2021-05-10T17:09:42.092+0800] GC(26) Pause Full (Allocation Failure)
[2021-05-10T17:09:42.092+0800] GC(26) Phase 1: Mark live objects
[2021-05-10T17:09:42.096+0800] GC(26) Phase 1: Mark live objects 3.234ms
[2021-05-10T17:09:42.096+0800] GC(26) Phase 2: Compute new object addresses
[2021-05-10T17:09:42.097+0800] GC(26) Phase 2: Compute new object addresses 1.342ms
[2021-05-10T17:09:42.097+0800] GC(26) Phase 3: Adjust pointers
[2021-05-10T17:09:42.099+0800] GC(26) Phase 3: Adjust pointers 2.196ms
[2021-05-10T17:09:42.099+0800] GC(26) Phase 4: Move objects
[2021-05-10T17:09:42.134+0800] GC(26) Phase 4: Move objects 34.338ms
[2021-05-10T17:09:42.134+0800] GC(26) Pause Full (Allocation Failure) 459M->328M(494M) 41.533ms
[2021-05-10T17:09:42.134+0800] GC(25) ParNew: 139776K->0K(157248K)
[2021-05-10T17:09:42.134+0800] GC(25) CMS: 330784K->336224K(349568K)
[2021-05-10T17:09:42.134+0800] GC(25) Metaspace: 14993K->14993K(1062912K)
[2021-05-10T17:09:42.134+0800] GC(25) Pause Young (Allocation Failure) 459M->328M(494M) 41.648ms
[2021-05-10T17:09:42.134+0800] GC(25) User=0.03s Sys=0.00s Real=0.04s
[2021-05-10T17:09:42.134+0800] GC(27) Pause Initial Mark
[2021-05-10T17:09:42.134+0800] GC(27) Pause Initial Mark 331M->331M(494M) 0.088ms
[2021-05-10T17:09:42.134+0800] GC(27) User=0.00s Sys=0.00s Real=0.00s
[2021-05-10T17:09:42.134+0800] GC(27) Concurrent Mark
[2021-05-10T17:09:42.134+0800] GC(27) Using 3 workers of 3 for marking
[2021-05-10T17:09:42.136+0800] GC(27) Concurrent Mark 1.951ms
[2021-05-10T17:09:42.136+0800] GC(27) User=0.06s Sys=0.00s Real=0.00s
[2021-05-10T17:09:42.136+0800] GC(27) Concurrent Preclean
[2021-05-10T17:09:42.137+0800] GC(27) Concurrent Preclean 0.405ms
[2021-05-10T17:09:42.137+0800] GC(27) User=0.00s Sys=0.00s Real=0.00s
[2021-05-10T17:09:42.137+0800] GC(27) Concurrent Abortable Preclean
[2021-05-10T17:09:42.137+0800] GC(27) Concurrent Abortable Preclean 0.012ms
[2021-05-10T17:09:42.137+0800] GC(27) User=0.00s Sys=0.00s Real=0.00s
[2021-05-10T17:09:42.137+0800] GC(27) Pause Remark
[2021-05-10T17:09:42.138+0800] GC(27) Pause Remark 352M->352M(494M) 1.361ms
[2021-05-10T17:09:42.138+0800] GC(27) User=0.00s Sys=0.00s Real=0.00s
[2021-05-10T17:09:42.138+0800] GC(27) Concurrent Sweep
[2021-05-10T17:09:42.139+0800] GC(27) Concurrent Sweep 1.103ms
[2021-05-10T17:09:42.139+0800] GC(27) User=0.00s Sys=0.00s Real=0.00s
[2021-05-10T17:09:42.139+0800] GC(27) Concurrent Reset
[2021-05-10T17:09:42.140+0800] GC(27) Concurrent Reset 0.201ms
[2021-05-10T17:09:42.140+0800] GC(27) User=0.00s Sys=0.00s Real=0.00s
[2021-05-10T17:09:42.140+0800] GC(27) Old: 336224K->335435K(349568K)
[2021-05-10T17:09:42.150+0800] GC(28) Pause Young (Allocation Failure)
[2021-05-10T17:09:42.150+0800] GC(28) Using 10 workers of 10 for evacuation
[2021-05-10T17:09:42.150+0800] GC(29) Pause Full (Allocation Failure)
[2021-05-10T17:09:42.150+0800] GC(29) Phase 1: Mark live objects
[2021-05-10T17:09:42.154+0800] GC(29) Phase 1: Mark live objects 3.213ms
[2021-05-10T17:09:42.154+0800] GC(29) Phase 2: Compute new object addresses
[2021-05-10T17:09:42.155+0800] GC(29) Phase 2: Compute new object addresses 1.387ms
[2021-05-10T17:09:42.155+0800] GC(29) Phase 3: Adjust pointers
[2021-05-10T17:09:42.157+0800] GC(29) Phase 3: Adjust pointers 2.290ms
[2021-05-10T17:09:42.157+0800] GC(29) Phase 4: Move objects
[2021-05-10T17:09:42.194+0800] GC(29) Phase 4: Move objects 36.380ms
[2021-05-10T17:09:42.194+0800] GC(29) Pause Full (Allocation Failure) 464M->336M(494M) 43.697ms
[2021-05-10T17:09:42.194+0800] GC(28) ParNew: 139776K->0K(157248K)
[2021-05-10T17:09:42.194+0800] GC(28) CMS: 335435K->344892K(349568K)
[2021-05-10T17:09:42.194+0800] GC(28) Metaspace: 14993K->14993K(1062912K)
[2021-05-10T17:09:42.194+0800] GC(28) Pause Young (Allocation Failure) 464M->336M(494M) 43.810ms
[2021-05-10T17:09:42.194+0800] GC(28) User=0.05s Sys=0.00s Real=0.04s
[2021-05-10T17:09:42.194+0800] GC(30) Pause Initial Mark
[2021-05-10T17:09:42.194+0800] GC(30) Pause Initial Mark 339M->339M(494M) 0.096ms
[2021-05-10T17:09:42.195+0800] GC(30) User=0.00s Sys=0.00s Real=0.00s
[2021-05-10T17:09:42.195+0800] GC(30) Concurrent Mark
[2021-05-10T17:09:42.195+0800] GC(30) Using 3 workers of 3 for marking
[2021-05-10T17:09:42.197+0800] GC(30) Concurrent Mark 2.018ms
[2021-05-10T17:09:42.197+0800] GC(30) User=0.00s Sys=0.00s Real=0.00s
[2021-05-10T17:09:42.197+0800] GC(30) Concurrent Preclean
[2021-05-10T17:09:42.197+0800] GC(30) Concurrent Preclean 0.402ms
[2021-05-10T17:09:42.197+0800] GC(30) User=0.00s Sys=0.00s Real=0.00s
[2021-05-10T17:09:42.197+0800] GC(30) Concurrent Abortable Preclean
[2021-05-10T17:09:42.197+0800] GC(30) Concurrent Abortable Preclean 0.013ms
[2021-05-10T17:09:42.197+0800] GC(30) User=0.00s Sys=0.00s Real=0.00s
[2021-05-10T17:09:42.197+0800] GC(30) Pause Remark
[2021-05-10T17:09:42.199+0800] GC(30) Pause Remark 363M->363M(494M) 1.410ms
[2021-05-10T17:09:42.199+0800] GC(30) User=0.02s Sys=0.00s Real=0.00s
[2021-05-10T17:09:42.199+0800] GC(30) Concurrent Sweep
[2021-05-10T17:09:42.200+0800] GC(30) Concurrent Sweep 1.079ms
[2021-05-10T17:09:42.200+0800] GC(30) User=0.00s Sys=0.00s Real=0.00s
[2021-05-10T17:09:42.200+0800] GC(30) Concurrent Reset
[2021-05-10T17:09:42.200+0800] GC(30) Concurrent Reset 0.197ms
[2021-05-10T17:09:42.200+0800] GC(30) User=0.00s Sys=0.00s Real=0.00s
[2021-05-10T17:09:42.200+0800] GC(30) Old: 344892K->344304K(349568K)
[2021-05-10T17:09:42.210+0800] GC(31) Pause Young (Allocation Failure)
[2021-05-10T17:09:42.210+0800] GC(31) Using 10 workers of 10 for evacuation
[2021-05-10T17:09:42.210+0800] GC(32) Pause Full (Allocation Failure)
[2021-05-10T17:09:42.210+0800] GC(32) Phase 1: Mark live objects
[2021-05-10T17:09:42.213+0800] GC(32) Phase 1: Mark live objects 3.248ms
[2021-05-10T17:09:42.213+0800] GC(32) Phase 2: Compute new object addresses
[2021-05-10T17:09:42.215+0800] GC(32) Phase 2: Compute new object addresses 1.393ms
[2021-05-10T17:09:42.215+0800] GC(32) Phase 3: Adjust pointers
[2021-05-10T17:09:42.217+0800] GC(32) Phase 3: Adjust pointers 2.347ms
[2021-05-10T17:09:42.217+0800] GC(32) Phase 4: Move objects
[2021-05-10T17:09:42.253+0800] GC(32) Phase 4: Move objects 36.336ms
[2021-05-10T17:09:42.254+0800] GC(32) Pause Full (Allocation Failure) 472M->341M(494M) 43.758ms
[2021-05-10T17:09:42.254+0800] GC(31) ParNew: 139776K->857K(157248K)
[2021-05-10T17:09:42.254+0800] GC(31) CMS: 344304K->349329K(349568K)
[2021-05-10T17:09:42.254+0800] GC(31) Metaspace: 14993K->14993K(1062912K)
[2021-05-10T17:09:42.254+0800] GC(31) Pause Young (Allocation Failure) 472M->341M(494M) 43.880ms
[2021-05-10T17:09:42.254+0800] GC(31) User=0.05s Sys=0.00s Real=0.04s
[2021-05-10T17:09:42.254+0800] GC(33) Pause Initial Mark
[2021-05-10T17:09:42.254+0800] GC(33) Pause Initial Mark 345M->345M(494M) 0.098ms
[2021-05-10T17:09:42.254+0800] GC(33) User=0.00s Sys=0.00s Real=0.00s
[2021-05-10T17:09:42.254+0800] GC(33) Concurrent Mark
[2021-05-10T17:09:42.254+0800] GC(33) Using 3 workers of 3 for marking
[2021-05-10T17:09:42.256+0800] GC(33) Concurrent Mark 2.175ms
[2021-05-10T17:09:42.256+0800] GC(33) User=0.00s Sys=0.00s Real=0.00s
[2021-05-10T17:09:42.256+0800] GC(33) Concurrent Preclean
[2021-05-10T17:09:42.259+0800] GC(33) Concurrent Preclean 2.857ms
[2021-05-10T17:09:42.259+0800] GC(33) User=0.00s Sys=0.00s Real=0.00s
[2021-05-10T17:09:42.259+0800] GC(33) Concurrent Abortable Preclean
[2021-05-10T17:09:42.259+0800] GC(33) Concurrent Abortable Preclean 0.009ms
[2021-05-10T17:09:42.259+0800] GC(33) User=0.00s Sys=0.00s Real=0.00s
[2021-05-10T17:09:42.259+0800] GC(33) Pause Remark
[2021-05-10T17:09:42.261+0800] GC(33) Pause Remark 380M->380M(494M) 1.386ms
[2021-05-10T17:09:42.261+0800] GC(33) User=0.02s Sys=0.00s Real=0.00s
[2021-05-10T17:09:42.261+0800] GC(33) Concurrent Sweep
[2021-05-10T17:09:42.262+0800] GC(33) Concurrent Sweep 1.060ms
[2021-05-10T17:09:42.262+0800] GC(33) User=0.00s Sys=0.00s Real=0.00s
[2021-05-10T17:09:42.262+0800] GC(33) Concurrent Reset
[2021-05-10T17:09:42.262+0800] GC(33) Concurrent Reset 0.191ms
[2021-05-10T17:09:42.262+0800] GC(33) User=0.00s Sys=0.00s Real=0.00s
[2021-05-10T17:09:42.262+0800] GC(33) Old: 349329K->347247K(349568K)
[2021-05-10T17:09:42.273+0800] GC(34) Pause Young (Allocation Failure)
[2021-05-10T17:09:42.273+0800] GC(34) Using 10 workers of 10 for evacuation
[2021-05-10T17:09:42.273+0800] GC(35) Pause Full (Allocation Failure)
[2021-05-10T17:09:42.273+0800] GC(35) Phase 1: Mark live objects
[2021-05-10T17:09:42.276+0800] GC(35) Phase 1: Mark live objects 3.189ms
[2021-05-10T17:09:42.276+0800] GC(35) Phase 2: Compute new object addresses
[2021-05-10T17:09:42.278+0800] GC(35) Phase 2: Compute new object addresses 1.393ms
[2021-05-10T17:09:42.278+0800] GC(35) Phase 3: Adjust pointers
[2021-05-10T17:09:42.280+0800] GC(35) Phase 3: Adjust pointers 2.228ms
[2021-05-10T17:09:42.280+0800] GC(35) Phase 4: Move objects
[2021-05-10T17:09:42.314+0800] GC(35) Phase 4: Move objects 35.399ms
[2021-05-10T17:09:42.315+0800] GC(35) Pause Full (Allocation Failure) 492M->339M(494M) 42.653ms
[2021-05-10T17:09:42.315+0800] GC(34) ParNew: 157041K->0K(157248K)
[2021-05-10T17:09:42.315+0800] GC(34) CMS: 347247K->347856K(349568K)
[2021-05-10T17:09:42.315+0800] GC(34) Metaspace: 14993K->14993K(1062912K)
[2021-05-10T17:09:42.315+0800] GC(34) Pause Young (Allocation Failure) 492M->339M(494M) 42.773ms
[2021-05-10T17:09:42.315+0800] GC(34) User=0.05s Sys=0.00s Real=0.04s
[2021-05-10T17:09:42.315+0800] GC(36) Pause Initial Mark
[2021-05-10T17:09:42.315+0800] GC(36) Pause Initial Mark 342M->342M(494M) 0.117ms
[2021-05-10T17:09:42.315+0800] GC(36) User=0.00s Sys=0.00s Real=0.00s
[2021-05-10T17:09:42.315+0800] GC(36) Concurrent Mark
[2021-05-10T17:09:42.315+0800] GC(36) Using 3 workers of 3 for marking
[2021-05-10T17:09:42.317+0800] GC(36) Concurrent Mark 2.183ms
[2021-05-10T17:09:42.317+0800] GC(36) User=0.00s Sys=0.00s Real=0.00s
[2021-05-10T17:09:42.317+0800] GC(36) Concurrent Preclean
[2021-05-10T17:09:42.318+0800] GC(36) Concurrent Preclean 0.393ms
[2021-05-10T17:09:42.318+0800] GC(36) User=0.00s Sys=0.00s Real=0.00s
[2021-05-10T17:09:42.318+0800] GC(36) Concurrent Abortable Preclean
[2021-05-10T17:09:42.318+0800] GC(36) Concurrent Abortable Preclean 0.012ms
[2021-05-10T17:09:42.318+0800] GC(36) User=0.00s Sys=0.00s Real=0.00s
[2021-05-10T17:09:42.318+0800] GC(36) Pause Remark
[2021-05-10T17:09:42.319+0800] GC(36) Pause Remark 363M->363M(494M) 1.366ms
[2021-05-10T17:09:42.319+0800] GC(36) User=0.00s Sys=0.00s Real=0.00s
[2021-05-10T17:09:42.319+0800] GC(36) Concurrent Sweep
[2021-05-10T17:09:42.320+0800] GC(36) Concurrent Sweep 1.083ms
[2021-05-10T17:09:42.320+0800] GC(36) User=0.00s Sys=0.00s Real=0.00s
[2021-05-10T17:09:42.321+0800] GC(36) Concurrent Reset
[2021-05-10T17:09:42.321+0800] GC(36) Concurrent Reset 0.194ms
[2021-05-10T17:09:42.321+0800] GC(36) User=0.00s Sys=0.00s Real=0.00s
[2021-05-10T17:09:42.321+0800] GC(36) Old: 347856K->345453K(349568K)
[2021-05-10T17:09:42.331+0800] GC(37) Pause Young (Allocation Failure)
[2021-05-10T17:09:42.331+0800] GC(37) Using 10 workers of 10 for evacuation
[2021-05-10T17:09:42.331+0800] GC(38) Pause Full (Allocation Failure)
[2021-05-10T17:09:42.331+0800] GC(38) Phase 1: Mark live objects
[2021-05-10T17:09:42.334+0800] GC(38) Phase 1: Mark live objects 3.295ms
[2021-05-10T17:09:42.334+0800] GC(38) Phase 2: Compute new object addresses
[2021-05-10T17:09:42.336+0800] GC(38) Phase 2: Compute new object addresses 1.399ms
[2021-05-10T17:09:42.336+0800] GC(38) Phase 3: Adjust pointers
[2021-05-10T17:09:42.338+0800] GC(38) Phase 3: Adjust pointers 2.287ms
[2021-05-10T17:09:42.338+0800] GC(38) Phase 4: Move objects
[2021-05-10T17:09:42.374+0800] GC(38) Phase 4: Move objects 35.292ms
[2021-05-10T17:09:42.374+0800] GC(38) Pause Full (Allocation Failure) 473M->338M(494M) 42.731ms
[2021-05-10T17:09:42.374+0800] GC(37) ParNew: 139750K->0K(157248K)
[2021-05-10T17:09:42.374+0800] GC(37) CMS: 345453K->347108K(349568K)
[2021-05-10T17:09:42.374+0800] GC(37) Metaspace: 14993K->14993K(1062912K)
[2021-05-10T17:09:42.374+0800] GC(37) Pause Young (Allocation Failure) 473M->338M(494M) 42.856ms
[2021-05-10T17:09:42.374+0800] GC(37) User=0.05s Sys=0.00s Real=0.04s
[2021-05-10T17:09:42.374+0800] GC(39) Pause Initial Mark
[2021-05-10T17:09:42.374+0800] GC(39) Pause Initial Mark 341M->341M(494M) 0.101ms
[2021-05-10T17:09:42.374+0800] GC(39) User=0.00s Sys=0.00s Real=0.00s
[2021-05-10T17:09:42.374+0800] GC(39) Concurrent Mark
[2021-05-10T17:09:42.374+0800] GC(39) Using 3 workers of 3 for marking
[2021-05-10T17:09:42.377+0800] GC(39) Concurrent Mark 2.252ms
[2021-05-10T17:09:42.377+0800] GC(39) User=0.00s Sys=0.00s Real=0.00s
[2021-05-10T17:09:42.377+0800] GC(39) Concurrent Preclean
[2021-05-10T17:09:42.377+0800] GC(39) Concurrent Preclean 0.448ms
[2021-05-10T17:09:42.377+0800] GC(39) User=0.00s Sys=0.00s Real=0.00s
[2021-05-10T17:09:42.377+0800] GC(39) Concurrent Abortable Preclean
[2021-05-10T17:09:42.377+0800] GC(39) Concurrent Abortable Preclean 0.013ms
[2021-05-10T17:09:42.377+0800] GC(39) User=0.00s Sys=0.00s Real=0.00s
[2021-05-10T17:09:42.377+0800] GC(39) Pause Remark
[2021-05-10T17:09:42.379+0800] GC(39) Pause Remark 365M->365M(494M) 1.430ms
[2021-05-10T17:09:42.379+0800] GC(39) User=0.00s Sys=0.00s Real=0.00s
[2021-05-10T17:09:42.379+0800] GC(39) Concurrent Sweep
[2021-05-10T17:09:42.380+0800] GC(39) Concurrent Sweep 1.096ms
[2021-05-10T17:09:42.380+0800] GC(39) User=0.00s Sys=0.00s Real=0.00s
[2021-05-10T17:09:42.380+0800] GC(39) Concurrent Reset
[2021-05-10T17:09:42.380+0800] GC(39) Concurrent Reset 0.194ms
[2021-05-10T17:09:42.380+0800] GC(39) User=0.00s Sys=0.00s Real=0.00s
[2021-05-10T17:09:42.380+0800] GC(39) Old: 347108K->345567K(349568K)
[2021-05-10T17:09:42.390+0800] GC(40) Pause Young (Allocation Failure)
[2021-05-10T17:09:42.390+0800] GC(40) Using 10 workers of 10 for evacuation
[2021-05-10T17:09:42.390+0800] GC(41) Pause Full (Allocation Failure)
[2021-05-10T17:09:42.390+0800] GC(41) Phase 1: Mark live objects
[2021-05-10T17:09:42.393+0800] GC(41) Phase 1: Mark live objects 3.224ms
[2021-05-10T17:09:42.394+0800] GC(41) Phase 2: Compute new object addresses
[2021-05-10T17:09:42.395+0800] GC(41) Phase 2: Compute new object addresses 1.353ms
[2021-05-10T17:09:42.395+0800] GC(41) Phase 3: Adjust pointers
[2021-05-10T17:09:42.397+0800] GC(41) Phase 3: Adjust pointers 2.272ms
[2021-05-10T17:09:42.397+0800] GC(41) Phase 4: Move objects
[2021-05-10T17:09:42.433+0800] GC(41) Phase 4: Move objects 35.870ms
[2021-05-10T17:09:42.433+0800] GC(41) Pause Full (Allocation Failure) 473M->344M(494M) 43.148ms
[2021-05-10T17:09:42.433+0800] GC(40) ParNew: 139776K->2903K(157248K)
[2021-05-10T17:09:42.434+0800] GC(40) CMS: 345567K->349554K(349568K)
[2021-05-10T17:09:42.434+0800] GC(40) Metaspace: 14993K->14993K(1062912K)
[2021-05-10T17:09:42.434+0800] GC(40) Pause Young (Allocation Failure) 473M->344M(494M) 43.264ms
[2021-05-10T17:09:42.434+0800] GC(40) User=0.05s Sys=0.00s Real=0.04s
[2021-05-10T17:09:42.434+0800] GC(42) Pause Initial Mark
[2021-05-10T17:09:42.434+0800] GC(42) Pause Initial Mark 346M->346M(494M) 0.099ms
[2021-05-10T17:09:42.434+0800] GC(42) User=0.00s Sys=0.00s Real=0.00s
[2021-05-10T17:09:42.434+0800] GC(42) Concurrent Mark
[2021-05-10T17:09:42.434+0800] GC(42) Using 3 workers of 3 for marking
[2021-05-10T17:09:42.436+0800] GC(42) Concurrent Mark 2.459ms
[2021-05-10T17:09:42.436+0800] GC(42) User=0.00s Sys=0.00s Real=0.00s
[2021-05-10T17:09:42.436+0800] GC(42) Concurrent Preclean
[2021-05-10T17:09:42.439+0800] GC(42) Concurrent Preclean 2.835ms
[2021-05-10T17:09:42.439+0800] GC(42) User=0.00s Sys=0.00s Real=0.00s
[2021-05-10T17:09:42.439+0800] GC(42) Concurrent Abortable Preclean
[2021-05-10T17:09:42.439+0800] GC(42) Concurrent Abortable Preclean 0.010ms
[2021-05-10T17:09:42.439+0800] GC(42) User=0.00s Sys=0.00s Real=0.00s
[2021-05-10T17:09:42.439+0800] GC(42) Pause Remark
[2021-05-10T17:09:42.441+0800] GC(42) Pause Remark 389M->389M(494M) 1.371ms
[2021-05-10T17:09:42.441+0800] GC(42) User=0.00s Sys=0.00s Real=0.00s
[2021-05-10T17:09:42.441+0800] GC(42) Concurrent Sweep
[2021-05-10T17:09:42.442+0800] GC(42) Concurrent Sweep 1.105ms
[2021-05-10T17:09:42.442+0800] GC(42) User=0.00s Sys=0.00s Real=0.00s
[2021-05-10T17:09:42.442+0800] GC(42) Concurrent Reset
[2021-05-10T17:09:42.442+0800] GC(42) Concurrent Reset 0.188ms
[2021-05-10T17:09:42.442+0800] GC(42) User=0.00s Sys=0.00s Real=0.00s
[2021-05-10T17:09:42.442+0800] GC(42) Old: 349554K->348482K(349568K)
[2021-05-10T17:09:42.452+0800] GC(43) Pause Young (Allocation Failure)
[2021-05-10T17:09:42.452+0800] GC(43) Using 10 workers of 10 for evacuation
[2021-05-10T17:09:42.452+0800] GC(44) Pause Full (Allocation Failure)
[2021-05-10T17:09:42.452+0800] GC(44) Phase 1: Mark live objects
[2021-05-10T17:09:42.456+0800] GC(44) Phase 1: Mark live objects 3.245ms
[2021-05-10T17:09:42.456+0800] GC(44) Phase 2: Compute new object addresses
[2021-05-10T17:09:42.457+0800] GC(44) Phase 2: Compute new object addresses 1.397ms
[2021-05-10T17:09:42.457+0800] GC(44) Phase 3: Adjust pointers
[2021-05-10T17:09:42.459+0800] GC(44) Phase 3: Adjust pointers 2.231ms
[2021-05-10T17:09:42.459+0800] GC(44) Phase 4: Move objects
[2021-05-10T17:09:42.495+0800] GC(44) Phase 4: Move objects 35.731ms
[2021-05-10T17:09:42.496+0800] GC(44) Pause Full (Allocation Failure) 493M->344M(494M) 43.039ms
[2021-05-10T17:09:42.496+0800] GC(43) ParNew: 157217K->3034K(157248K)
[2021-05-10T17:09:42.496+0800] GC(43) CMS: 348482K->349501K(349568K)
[2021-05-10T17:09:42.496+0800] GC(43) Metaspace: 14993K->14993K(1062912K)
[2021-05-10T17:09:42.496+0800] GC(43) Pause Young (Allocation Failure) 493M->344M(494M) 43.163ms
[2021-05-10T17:09:42.496+0800] GC(43) User=0.05s Sys=0.00s Real=0.04s
[2021-05-10T17:09:42.496+0800] GC(45) Pause Initial Mark
[2021-05-10T17:09:42.496+0800] GC(45) Pause Initial Mark 347M->347M(494M) 0.102ms
[2021-05-10T17:09:42.496+0800] GC(45) User=0.00s Sys=0.00s Real=0.00s
[2021-05-10T17:09:42.496+0800] GC(45) Concurrent Mark
[2021-05-10T17:09:42.496+0800] GC(45) Using 3 workers of 3 for marking
[2021-05-10T17:09:42.498+0800] GC(45) Concurrent Mark 2.214ms
[2021-05-10T17:09:42.498+0800] GC(45) User=0.00s Sys=0.00s Real=0.00s
[2021-05-10T17:09:42.498+0800] GC(45) Concurrent Preclean
[2021-05-10T17:09:42.501+0800] GC(45) Concurrent Preclean 2.774ms
[2021-05-10T17:09:42.501+0800] GC(45) User=0.00s Sys=0.00s Real=0.00s
[2021-05-10T17:09:42.501+0800] GC(45) Concurrent Abortable Preclean
[2021-05-10T17:09:42.501+0800] GC(45) Concurrent Abortable Preclean 0.009ms
[2021-05-10T17:09:42.501+0800] GC(45) User=0.00s Sys=0.00s Real=0.00s
[2021-05-10T17:09:42.501+0800] GC(45) Pause Remark
[2021-05-10T17:09:42.502+0800] GC(45) Pause Remark 368M->368M(494M) 1.472ms
[2021-05-10T17:09:42.502+0800] GC(45) User=0.00s Sys=0.00s Real=0.00s
[2021-05-10T17:09:42.503+0800] GC(45) Concurrent Sweep
[2021-05-10T17:09:42.504+0800] GC(45) Concurrent Sweep 0.993ms
[2021-05-10T17:09:42.504+0800] GC(45) User=0.00s Sys=0.00s Real=0.00s
[2021-05-10T17:09:42.504+0800] GC(45) Concurrent Reset
[2021-05-10T17:09:42.504+0800] GC(45) Concurrent Reset 0.194ms
[2021-05-10T17:09:42.504+0800] GC(45) User=0.00s Sys=0.00s Real=0.00s
[2021-05-10T17:09:42.504+0800] GC(45) Old: 349501K->345263K(349568K)
[2021-05-10T17:09:42.510+0800] Heap
[2021-05-10T17:09:42.511+0800]  par new generation   total 157248K, used 34760K [0x00000000e0000000, 0x00000000eaaa0000, 0x00000000eaaa0000)
[2021-05-10T17:09:42.511+0800]   eden space 139776K,  24% used [0x00000000e0000000, 0x00000000e21f20b0, 0x00000000e8880000)
[2021-05-10T17:09:42.511+0800]   from space 17472K,   0% used [0x00000000e8880000, 0x00000000e8880000, 0x00000000e9990000)
[2021-05-10T17:09:42.511+0800]   to   space 17472K,   0% used [0x00000000e9990000, 0x00000000e9990000, 0x00000000eaaa0000)
[2021-05-10T17:09:42.511+0800]  concurrent mark-sweep generation total 349568K, used 345263K [0x00000000eaaa0000, 0x0000000100000000, 0x0000000100000000)
[2021-05-10T17:09:42.511+0800]  Metaspace       used 15170K, capacity 15519K, committed 15616K, reserved 1062912K
[2021-05-10T17:09:42.511+0800]   class space    used 1643K, capacity 1758K, committed 1792K, reserved 1048576K
