[2021-05-10T17:04:58.927+0800] Heap region size: 1M
[2021-05-10T17:04:58.935+0800] Using G1
[2021-05-10T17:04:58.935+0800] Heap address: 0x00000000e0000000, size: 512 MB, Compressed Oops mode: 32-bit
[2021-05-10T17:04:59.363+0800] GC(0) Pause Young (Normal) (G1 Evacuation Pause)
[2021-05-10T17:04:59.363+0800] GC(0) Using 10 workers of 10 for evacuation
[2021-05-10T17:04:59.366+0800] GC(0)   Pre Evacuate Collection Set: 0.0ms
[2021-05-10T17:04:59.366+0800] GC(0)   Evacuate Collection Set: 2.5ms
[2021-05-10T17:04:59.366+0800] GC(0)   Post Evacuate Collection Set: 0.3ms
[2021-05-10T17:04:59.366+0800] GC(0)   Other: 0.4ms
[2021-05-10T17:04:59.366+0800] GC(0) Eden regions: 25->0(285)
[2021-05-10T17:04:59.371+0800] GC(0) Survivor regions: 0->4(4)
[2021-05-10T17:04:59.371+0800] GC(0) Old regions: 0->2
[2021-05-10T17:04:59.371+0800] GC(0) Humongous regions: 0->0
[2021-05-10T17:04:59.371+0800] GC(0) Metaspace: 14792K->14792K(1062912K)
[2021-05-10T17:04:59.371+0800] GC(0) Pause Young (Normal) (G1 Evacuation Pause) 25M->5M(512M) 7.856ms
[2021-05-10T17:04:59.371+0800] GC(0) User=0.00s Sys=0.00s Real=0.01s
[2021-05-10T17:04:59.513+0800] GC(1) Pause Young (Normal) (G1 Evacuation Pause)
[2021-05-10T17:04:59.513+0800] GC(1) Using 10 workers of 10 for evacuation
[2021-05-10T17:04:59.520+0800] GC(1) To-space exhausted
[2021-05-10T17:04:59.520+0800] GC(1)   Pre Evacuate Collection Set: 0.0ms
[2021-05-10T17:04:59.520+0800] GC(1)   Evacuate Collection Set: 5.9ms
[2021-05-10T17:04:59.521+0800] GC(1)   Post Evacuate Collection Set: 1.0ms
[2021-05-10T17:04:59.521+0800] GC(1)   Other: 0.2ms
[2021-05-10T17:04:59.521+0800] GC(1) Eden regions: 285->0(35)
[2021-05-10T17:04:59.521+0800] GC(1) Survivor regions: 4->37(37)
[2021-05-10T17:04:59.521+0800] GC(1) Old regions: 2->223
[2021-05-10T17:04:59.521+0800] GC(1) Humongous regions: 177->69
[2021-05-10T17:04:59.521+0800] GC(1) Metaspace: 14995K->14995K(1062912K)
[2021-05-10T17:04:59.521+0800] GC(1) Pause Young (Normal) (G1 Evacuation Pause) 467M->329M(512M) 7.258ms
[2021-05-10T17:04:59.521+0800] GC(1) User=0.00s Sys=0.00s Real=0.01s
[2021-05-10T17:04:59.521+0800] GC(2) Pause Young (Concurrent Start) (G1 Humongous Allocation)
[2021-05-10T17:04:59.521+0800] GC(2) Using 10 workers of 10 for evacuation
[2021-05-10T17:04:59.525+0800] GC(2)   Pre Evacuate Collection Set: 0.0ms
[2021-05-10T17:04:59.525+0800] GC(2)   Evacuate Collection Set: 3.7ms
[2021-05-10T17:04:59.525+0800] GC(2)   Post Evacuate Collection Set: 0.3ms
[2021-05-10T17:04:59.525+0800] GC(2)   Other: 0.1ms
[2021-05-10T17:04:59.525+0800] GC(2) Eden regions: 3->0(39)
[2021-05-10T17:04:59.525+0800] GC(2) Survivor regions: 37->2(9)
[2021-05-10T17:04:59.526+0800] GC(2) Old regions: 223->261
[2021-05-10T17:04:59.526+0800] GC(2) Humongous regions: 69->69
[2021-05-10T17:04:59.526+0800] GC(2) Metaspace: 14995K->14995K(1062912K)
[2021-05-10T17:04:59.526+0800] GC(2) Pause Young (Concurrent Start) (G1 Humongous Allocation) 331M->330M(512M) 4.231ms
[2021-05-10T17:04:59.526+0800] GC(2) User=0.00s Sys=0.00s Real=0.01s
[2021-05-10T17:04:59.526+0800] GC(3) Concurrent Cycle
[2021-05-10T17:04:59.526+0800] GC(3) Concurrent Clear Claimed Marks
[2021-05-10T17:04:59.526+0800] GC(3) Concurrent Clear Claimed Marks 0.021ms
[2021-05-10T17:04:59.526+0800] GC(3) Concurrent Scan Root Regions
[2021-05-10T17:04:59.526+0800] GC(3) Concurrent Scan Root Regions 0.175ms
[2021-05-10T17:04:59.526+0800] GC(3) Concurrent Mark (0.604s)
[2021-05-10T17:04:59.526+0800] GC(3) Concurrent Mark From Roots
[2021-05-10T17:04:59.526+0800] GC(3) Using 3 workers of 3 for marking
[2021-05-10T17:04:59.528+0800] GC(3) Concurrent Mark From Roots 2.589ms
[2021-05-10T17:04:59.529+0800] GC(3) Concurrent Preclean
[2021-05-10T17:04:59.529+0800] GC(3) Concurrent Preclean 0.044ms
[2021-05-10T17:04:59.529+0800] GC(3) Concurrent Mark (0.604s, 0.607s) 2.695ms
[2021-05-10T17:04:59.529+0800] GC(3) Pause Remark
[2021-05-10T17:04:59.529+0800] GC(3) Cleaned string and symbol table, strings: 5942 processed, 0 removed, symbols: 50063 processed, 12 removed
[2021-05-10T17:04:59.530+0800] GC(3) Pause Remark 360M->359M(512M) 0.986ms
[2021-05-10T17:04:59.530+0800] GC(3) User=0.00s Sys=0.00s Real=0.00s
[2021-05-10T17:04:59.530+0800] GC(3) Concurrent Rebuild Remembered Sets
[2021-05-10T17:04:59.531+0800] GC(3) Concurrent Rebuild Remembered Sets 1.302ms
[2021-05-10T17:04:59.531+0800] GC(3) Pause Cleanup
[2021-05-10T17:04:59.531+0800] GC(3) Pause Cleanup 375M->375M(512M) 0.176ms
[2021-05-10T17:04:59.531+0800] GC(3) User=0.00s Sys=0.00s Real=0.00s
[2021-05-10T17:04:59.531+0800] GC(3) Concurrent Cleanup for Next Mark
[2021-05-10T17:04:59.532+0800] GC(3) Concurrent Cleanup for Next Mark 0.342ms
[2021-05-10T17:04:59.532+0800] GC(3) Concurrent Cycle 6.306ms
[2021-05-10T17:04:59.533+0800] GC(4) Pause Young (Prepare Mixed) (G1 Evacuation Pause)
[2021-05-10T17:04:59.534+0800] GC(4) Using 10 workers of 10 for evacuation
[2021-05-10T17:04:59.535+0800] GC(4)   Pre Evacuate Collection Set: 0.0ms
[2021-05-10T17:04:59.535+0800] GC(4)   Evacuate Collection Set: 1.5ms
[2021-05-10T17:04:59.535+0800] GC(4)   Post Evacuate Collection Set: 0.3ms
[2021-05-10T17:04:59.535+0800] GC(4)   Other: 0.1ms
[2021-05-10T17:04:59.535+0800] GC(4) Eden regions: 39->0(19)
[2021-05-10T17:04:59.535+0800] GC(4) Survivor regions: 2->6(6)
[2021-05-10T17:04:59.535+0800] GC(4) Old regions: 260->272
[2021-05-10T17:04:59.535+0800] GC(4) Humongous regions: 94->78
[2021-05-10T17:04:59.535+0800] GC(4) Metaspace: 14995K->14995K(1062912K)
[2021-05-10T17:04:59.535+0800] GC(4) Pause Young (Prepare Mixed) (G1 Evacuation Pause) 393M->355M(512M) 2.027ms
[2021-05-10T17:04:59.535+0800] GC(4) User=0.00s Sys=0.00s Real=0.00s
[2021-05-10T17:04:59.538+0800] GC(5) Pause Young (Mixed) (G1 Evacuation Pause)
[2021-05-10T17:04:59.538+0800] GC(5) Using 10 workers of 10 for evacuation
[2021-05-10T17:04:59.540+0800] GC(5)   Pre Evacuate Collection Set: 0.1ms
[2021-05-10T17:04:59.540+0800] GC(5)   Evacuate Collection Set: 1.4ms
[2021-05-10T17:04:59.540+0800] GC(5)   Post Evacuate Collection Set: 0.3ms
[2021-05-10T17:04:59.540+0800] GC(5)   Other: 0.1ms
[2021-05-10T17:04:59.540+0800] GC(5) Eden regions: 19->0(21)
[2021-05-10T17:04:59.540+0800] GC(5) Survivor regions: 6->4(4)
[2021-05-10T17:04:59.540+0800] GC(5) Old regions: 272->233
[2021-05-10T17:04:59.540+0800] GC(5) Humongous regions: 89->83
[2021-05-10T17:04:59.540+0800] GC(5) Metaspace: 14995K->14995K(1062912K)
[2021-05-10T17:04:59.540+0800] GC(5) Pause Young (Mixed) (G1 Evacuation Pause) 385M->319M(512M) 1.947ms
[2021-05-10T17:04:59.540+0800] GC(5) User=0.00s Sys=0.00s Real=0.00s
[2021-05-10T17:04:59.543+0800] GC(6) Pause Young (Mixed) (G1 Evacuation Pause)
[2021-05-10T17:04:59.543+0800] GC(6) Using 10 workers of 10 for evacuation
[2021-05-10T17:04:59.545+0800] GC(6)   Pre Evacuate Collection Set: 0.1ms
[2021-05-10T17:04:59.545+0800] GC(6)   Evacuate Collection Set: 1.4ms
[2021-05-10T17:04:59.545+0800] GC(6)   Post Evacuate Collection Set: 0.2ms
[2021-05-10T17:04:59.545+0800] GC(6)   Other: 0.1ms
[2021-05-10T17:04:59.545+0800] GC(6) Eden regions: 21->0(21)
[2021-05-10T17:04:59.545+0800] GC(6) Survivor regions: 4->4(4)
[2021-05-10T17:04:59.545+0800] GC(6) Old regions: 233->195
[2021-05-10T17:04:59.545+0800] GC(6) Humongous regions: 93->84
[2021-05-10T17:04:59.545+0800] GC(6) Metaspace: 14995K->14995K(1062912K)
[2021-05-10T17:04:59.545+0800] GC(6) Pause Young (Mixed) (G1 Evacuation Pause) 350M->282M(512M) 1.836ms
[2021-05-10T17:04:59.545+0800] GC(6) User=0.00s Sys=0.00s Real=0.00s
[2021-05-10T17:04:59.548+0800] GC(7) Pause Young (Mixed) (G1 Evacuation Pause)
[2021-05-10T17:04:59.548+0800] GC(7) Using 10 workers of 10 for evacuation
[2021-05-10T17:04:59.551+0800] GC(7)   Pre Evacuate Collection Set: 0.1ms
[2021-05-10T17:04:59.551+0800] GC(7)   Evacuate Collection Set: 1.9ms
[2021-05-10T17:04:59.551+0800] GC(7)   Post Evacuate Collection Set: 0.3ms
[2021-05-10T17:04:59.551+0800] GC(7)   Other: 0.1ms
[2021-05-10T17:04:59.551+0800] GC(7) Eden regions: 21->0(21)
[2021-05-10T17:04:59.551+0800] GC(7) Survivor regions: 4->4(4)
[2021-05-10T17:04:59.551+0800] GC(7) Old regions: 195->165
[2021-05-10T17:04:59.551+0800] GC(7) Humongous regions: 103->89
[2021-05-10T17:04:59.551+0800] GC(7) Metaspace: 14995K->14995K(1062912K)
[2021-05-10T17:04:59.551+0800] GC(7) Pause Young (Mixed) (G1 Evacuation Pause) 322M->257M(512M) 2.424ms
[2021-05-10T17:04:59.551+0800] GC(7) User=0.00s Sys=0.00s Real=0.00s
[2021-05-10T17:04:59.554+0800] GC(8) Pause Young (Mixed) (G1 Evacuation Pause)
[2021-05-10T17:04:59.554+0800] GC(8) Using 10 workers of 10 for evacuation
[2021-05-10T17:04:59.556+0800] GC(8)   Pre Evacuate Collection Set: 0.1ms
[2021-05-10T17:04:59.556+0800] GC(8)   Evacuate Collection Set: 1.4ms
[2021-05-10T17:04:59.556+0800] GC(8)   Post Evacuate Collection Set: 0.3ms
[2021-05-10T17:04:59.556+0800] GC(8)   Other: 0.1ms
[2021-05-10T17:04:59.556+0800] GC(8) Eden regions: 21->0(98)
[2021-05-10T17:04:59.556+0800] GC(8) Survivor regions: 4->4(4)
[2021-05-10T17:04:59.556+0800] GC(8) Old regions: 165->161
[2021-05-10T17:04:59.556+0800] GC(8) Humongous regions: 101->90
[2021-05-10T17:04:59.556+0800] GC(8) Metaspace: 14995K->14995K(1062912K)
[2021-05-10T17:04:59.556+0800] GC(8) Pause Young (Mixed) (G1 Evacuation Pause) 290M->254M(512M) 1.993ms
[2021-05-10T17:04:59.556+0800] GC(8) User=0.00s Sys=0.00s Real=0.00s
[2021-05-10T17:04:59.557+0800] GC(9) Pause Young (Concurrent Start) (G1 Humongous Allocation)
[2021-05-10T17:04:59.557+0800] GC(9) Using 10 workers of 10 for evacuation
[2021-05-10T17:04:59.558+0800] GC(9)   Pre Evacuate Collection Set: 0.0ms
[2021-05-10T17:04:59.558+0800] GC(9)   Evacuate Collection Set: 0.5ms
[2021-05-10T17:04:59.558+0800] GC(9)   Post Evacuate Collection Set: 0.2ms
[2021-05-10T17:04:59.558+0800] GC(9)   Other: 0.1ms
[2021-05-10T17:04:59.558+0800] GC(9) Eden regions: 4->0(102)
[2021-05-10T17:04:59.558+0800] GC(9) Survivor regions: 4->6(13)
[2021-05-10T17:04:59.558+0800] GC(9) Old regions: 161->161
[2021-05-10T17:04:59.558+0800] GC(9) Humongous regions: 90->90
[2021-05-10T17:04:59.558+0800] GC(9) Metaspace: 14995K->14995K(1062912K)
[2021-05-10T17:04:59.558+0800] GC(9) Pause Young (Concurrent Start) (G1 Humongous Allocation) 258M->255M(512M) 0.837ms
[2021-05-10T17:04:59.558+0800] GC(9) User=0.03s Sys=0.00s Real=0.00s
[2021-05-10T17:04:59.558+0800] GC(10) Concurrent Cycle
[2021-05-10T17:04:59.558+0800] GC(10) Concurrent Clear Claimed Marks
[2021-05-10T17:04:59.558+0800] GC(10) Concurrent Clear Claimed Marks 0.014ms
[2021-05-10T17:04:59.558+0800] GC(10) Concurrent Scan Root Regions
[2021-05-10T17:04:59.558+0800] GC(10) Concurrent Scan Root Regions 0.039ms
[2021-05-10T17:04:59.558+0800] GC(10) Concurrent Mark (0.636s)
[2021-05-10T17:04:59.558+0800] GC(10) Concurrent Mark From Roots
[2021-05-10T17:04:59.558+0800] GC(10) Using 3 workers of 3 for marking
[2021-05-10T17:04:59.560+0800] GC(10) Concurrent Mark From Roots 2.144ms
[2021-05-10T17:04:59.560+0800] GC(10) Concurrent Preclean
[2021-05-10T17:04:59.560+0800] GC(10) Concurrent Preclean 0.048ms
[2021-05-10T17:04:59.560+0800] GC(10) Concurrent Mark (0.636s, 0.639s) 2.260ms
[2021-05-10T17:04:59.560+0800] GC(10) Pause Remark
[2021-05-10T17:04:59.560+0800] GC(10) Cleaned string and symbol table, strings: 5943 processed, 12 removed, symbols: 50051 processed, 0 removed
[2021-05-10T17:04:59.561+0800] GC(10) Pause Remark 294M->291M(512M) 0.846ms
[2021-05-10T17:04:59.561+0800] GC(10) User=0.00s Sys=0.00s Real=0.00s
[2021-05-10T17:04:59.561+0800] GC(10) Concurrent Rebuild Remembered Sets
[2021-05-10T17:04:59.562+0800] GC(10) Concurrent Rebuild Remembered Sets 1.090ms
[2021-05-10T17:04:59.562+0800] GC(10) Pause Cleanup
[2021-05-10T17:04:59.562+0800] GC(10) Pause Cleanup 304M->304M(512M) 0.132ms
[2021-05-10T17:04:59.562+0800] GC(10) User=0.00s Sys=0.00s Real=0.00s
[2021-05-10T17:04:59.562+0800] GC(10) Concurrent Cleanup for Next Mark
[2021-05-10T17:04:59.562+0800] GC(10) Concurrent Cleanup for Next Mark 0.310ms
[2021-05-10T17:04:59.562+0800] GC(10) Concurrent Cycle 5.232ms
[2021-05-10T17:04:59.574+0800] GC(11) Pause Young (Prepare Mixed) (G1 Evacuation Pause)
[2021-05-10T17:04:59.574+0800] GC(11) Using 10 workers of 10 for evacuation
[2021-05-10T17:04:59.578+0800] GC(11)   Pre Evacuate Collection Set: 0.1ms
[2021-05-10T17:04:59.578+0800] GC(11)   Evacuate Collection Set: 3.1ms
[2021-05-10T17:04:59.578+0800] GC(11)   Post Evacuate Collection Set: 0.3ms
[2021-05-10T17:04:59.578+0800] GC(11)   Other: 0.1ms
[2021-05-10T17:04:59.578+0800] GC(11) Eden regions: 102->0(11)
[2021-05-10T17:04:59.578+0800] GC(11) Survivor regions: 6->14(14)
[2021-05-10T17:04:59.578+0800] GC(11) Old regions: 158->186
[2021-05-10T17:04:59.578+0800] GC(11) Humongous regions: 172->115
[2021-05-10T17:04:59.578+0800] GC(11) Metaspace: 14995K->14995K(1062912K)
[2021-05-10T17:04:59.578+0800] GC(11) Pause Young (Prepare Mixed) (G1 Evacuation Pause) 436M->314M(512M) 3.703ms
[2021-05-10T17:04:59.578+0800] GC(11) User=0.00s Sys=0.00s Real=0.00s
[2021-05-10T17:04:59.579+0800] GC(12) Pause Young (Mixed) (G1 Evacuation Pause)
[2021-05-10T17:04:59.579+0800] GC(12) Using 10 workers of 10 for evacuation
[2021-05-10T17:04:59.582+0800] GC(12)   Pre Evacuate Collection Set: 0.1ms
[2021-05-10T17:04:59.582+0800] GC(12)   Evacuate Collection Set: 2.3ms
[2021-05-10T17:04:59.582+0800] GC(12)   Post Evacuate Collection Set: 0.3ms
[2021-05-10T17:04:59.582+0800] GC(12)   Other: 0.1ms
[2021-05-10T17:04:59.582+0800] GC(12) Eden regions: 11->0(82)
[2021-05-10T17:04:59.582+0800] GC(12) Survivor regions: 14->4(4)
[2021-05-10T17:04:59.582+0800] GC(12) Old regions: 186->180
[2021-05-10T17:04:59.582+0800] GC(12) Humongous regions: 121->114
[2021-05-10T17:04:59.582+0800] GC(12) Metaspace: 14995K->14995K(1062912K)
[2021-05-10T17:04:59.582+0800] GC(12) Pause Young (Mixed) (G1 Evacuation Pause) 331M->297M(512M) 2.878ms
[2021-05-10T17:04:59.582+0800] GC(12) User=0.00s Sys=0.00s Real=0.00s
[2021-05-10T17:04:59.583+0800] GC(13) Pause Young (Concurrent Start) (G1 Humongous Allocation)
[2021-05-10T17:04:59.583+0800] GC(13) Using 10 workers of 10 for evacuation
[2021-05-10T17:04:59.583+0800] GC(13)   Pre Evacuate Collection Set: 0.1ms
[2021-05-10T17:04:59.583+0800] GC(13)   Evacuate Collection Set: 0.5ms
[2021-05-10T17:04:59.583+0800] GC(13)   Post Evacuate Collection Set: 0.2ms
[2021-05-10T17:04:59.583+0800] GC(13)   Other: 0.1ms
[2021-05-10T17:04:59.583+0800] GC(13) Eden regions: 3->0(65)
[2021-05-10T17:04:59.584+0800] GC(13) Survivor regions: 4->6(11)
[2021-05-10T17:04:59.584+0800] GC(13) Old regions: 180->180
[2021-05-10T17:04:59.584+0800] GC(13) Humongous regions: 114->113
[2021-05-10T17:04:59.584+0800] GC(13) Metaspace: 14995K->14995K(1062912K)
[2021-05-10T17:04:59.584+0800] GC(13) Pause Young (Concurrent Start) (G1 Humongous Allocation) 300M->298M(512M) 0.846ms
[2021-05-10T17:04:59.584+0800] GC(13) User=0.00s Sys=0.00s Real=0.00s
[2021-05-10T17:04:59.584+0800] GC(14) Concurrent Cycle
[2021-05-10T17:04:59.584+0800] GC(14) Concurrent Clear Claimed Marks
[2021-05-10T17:04:59.584+0800] GC(14) Concurrent Clear Claimed Marks 0.014ms
[2021-05-10T17:04:59.584+0800] GC(14) Concurrent Scan Root Regions
[2021-05-10T17:04:59.584+0800] GC(14) Concurrent Scan Root Regions 0.075ms
[2021-05-10T17:04:59.584+0800] GC(14) Concurrent Mark (0.663s)
[2021-05-10T17:04:59.584+0800] GC(14) Concurrent Mark From Roots
[2021-05-10T17:04:59.584+0800] GC(14) Using 3 workers of 3 for marking
[2021-05-10T17:04:59.586+0800] GC(14) Concurrent Mark From Roots 2.234ms
[2021-05-10T17:04:59.586+0800] GC(14) Concurrent Preclean
[2021-05-10T17:04:59.586+0800] GC(14) Concurrent Preclean 0.051ms
[2021-05-10T17:04:59.586+0800] GC(14) Concurrent Mark (0.663s, 0.665s) 2.350ms
[2021-05-10T17:04:59.586+0800] GC(14) Pause Remark
[2021-05-10T17:04:59.587+0800] GC(14) Cleaned string and symbol table, strings: 5931 processed, 0 removed, symbols: 50051 processed, 0 removed
[2021-05-10T17:04:59.587+0800] GC(14) Pause Remark 323M->322M(512M) 0.807ms
[2021-05-10T17:04:59.587+0800] GC(14) User=0.00s Sys=0.00s Real=0.00s
[2021-05-10T17:04:59.587+0800] GC(14) Concurrent Rebuild Remembered Sets
[2021-05-10T17:04:59.588+0800] GC(14) Concurrent Rebuild Remembered Sets 1.151ms
[2021-05-10T17:04:59.588+0800] GC(14) Pause Cleanup
[2021-05-10T17:04:59.589+0800] GC(14) Pause Cleanup 341M->341M(512M) 0.136ms
[2021-05-10T17:04:59.589+0800] GC(14) User=0.02s Sys=0.00s Real=0.00s
[2021-05-10T17:04:59.589+0800] GC(14) Concurrent Cleanup for Next Mark
[2021-05-10T17:04:59.589+0800] GC(14) Concurrent Cleanup for Next Mark 0.405ms
[2021-05-10T17:04:59.589+0800] GC(14) Concurrent Cycle 5.493ms
[2021-05-10T17:04:59.594+0800] GC(15) Pause Young (Prepare Mixed) (G1 Evacuation Pause)
[2021-05-10T17:04:59.594+0800] GC(15) Using 10 workers of 10 for evacuation
[2021-05-10T17:04:59.597+0800] GC(15)   Pre Evacuate Collection Set: 0.1ms
[2021-05-10T17:04:59.597+0800] GC(15)   Evacuate Collection Set: 2.4ms
[2021-05-10T17:04:59.597+0800] GC(15)   Post Evacuate Collection Set: 0.3ms
[2021-05-10T17:04:59.597+0800] GC(15)   Other: 0.1ms
[2021-05-10T17:04:59.597+0800] GC(15) Eden regions: 65->0(16)
[2021-05-10T17:04:59.597+0800] GC(15) Survivor regions: 6->9(9)
[2021-05-10T17:04:59.597+0800] GC(15) Old regions: 179->204
[2021-05-10T17:04:59.597+0800] GC(15) Humongous regions: 146->118
[2021-05-10T17:04:59.597+0800] GC(15) Metaspace: 14995K->14995K(1062912K)
[2021-05-10T17:04:59.597+0800] GC(15) Pause Young (Prepare Mixed) (G1 Evacuation Pause) 395M->331M(512M) 2.917ms
[2021-05-10T17:04:59.597+0800] GC(15) User=0.00s Sys=0.00s Real=0.00s
[2021-05-10T17:04:59.600+0800] GC(16) Pause Young (Mixed) (G1 Evacuation Pause)
[2021-05-10T17:04:59.600+0800] GC(16) Using 10 workers of 10 for evacuation
[2021-05-10T17:04:59.602+0800] GC(16)   Pre Evacuate Collection Set: 0.1ms
[2021-05-10T17:04:59.602+0800] GC(16)   Evacuate Collection Set: 2.1ms
[2021-05-10T17:04:59.602+0800] GC(16)   Post Evacuate Collection Set: 0.3ms
[2021-05-10T17:04:59.602+0800] GC(16)   Other: 0.1ms
[2021-05-10T17:04:59.602+0800] GC(16) Eden regions: 16->0(63)
[2021-05-10T17:04:59.602+0800] GC(16) Survivor regions: 9->4(4)
[2021-05-10T17:04:59.602+0800] GC(16) Old regions: 204->195
[2021-05-10T17:04:59.602+0800] GC(16) Humongous regions: 124->114
[2021-05-10T17:04:59.602+0800] GC(16) Metaspace: 14995K->14995K(1062912K)
[2021-05-10T17:04:59.602+0800] GC(16) Pause Young (Mixed) (G1 Evacuation Pause) 352M->312M(512M) 2.690ms
[2021-05-10T17:04:59.602+0800] GC(16) User=0.00s Sys=0.00s Real=0.00s
[2021-05-10T17:04:59.612+0800] GC(17) Pause Young (Concurrent Start) (G1 Evacuation Pause)
[2021-05-10T17:04:59.612+0800] GC(17) Using 10 workers of 10 for evacuation
[2021-05-10T17:04:59.615+0800] GC(17)   Pre Evacuate Collection Set: 0.1ms
[2021-05-10T17:04:59.615+0800] GC(17)   Evacuate Collection Set: 2.2ms
[2021-05-10T17:04:59.615+0800] GC(17)   Post Evacuate Collection Set: 0.3ms
[2021-05-10T17:04:59.615+0800] GC(17)   Other: 0.1ms
[2021-05-10T17:04:59.615+0800] GC(17) Eden regions: 63->0(54)
[2021-05-10T17:04:59.615+0800] GC(17) Survivor regions: 4->9(9)
[2021-05-10T17:04:59.615+0800] GC(17) Old regions: 195->215
[2021-05-10T17:04:59.615+0800] GC(17) Humongous regions: 150->115
[2021-05-10T17:04:59.615+0800] GC(17) Metaspace: 14995K->14995K(1062912K)
[2021-05-10T17:04:59.615+0800] GC(17) Pause Young (Concurrent Start) (G1 Evacuation Pause) 411M->338M(512M) 2.822ms
[2021-05-10T17:04:59.615+0800] GC(17) User=0.00s Sys=0.00s Real=0.00s
[2021-05-10T17:04:59.615+0800] GC(18) Concurrent Cycle
[2021-05-10T17:04:59.615+0800] GC(18) Concurrent Clear Claimed Marks
[2021-05-10T17:04:59.615+0800] GC(18) Concurrent Clear Claimed Marks 0.021ms
[2021-05-10T17:04:59.615+0800] GC(18) Concurrent Scan Root Regions
[2021-05-10T17:04:59.615+0800] GC(18) Concurrent Scan Root Regions 0.105ms
[2021-05-10T17:04:59.615+0800] GC(18) Concurrent Mark (0.694s)
[2021-05-10T17:04:59.615+0800] GC(18) Concurrent Mark From Roots
[2021-05-10T17:04:59.615+0800] GC(18) Using 3 workers of 3 for marking
[2021-05-10T17:04:59.618+0800] GC(18) Concurrent Mark From Roots 2.556ms
[2021-05-10T17:04:59.618+0800] GC(18) Concurrent Preclean
[2021-05-10T17:04:59.618+0800] GC(18) Concurrent Preclean 0.049ms
[2021-05-10T17:04:59.618+0800] GC(18) Concurrent Mark (0.694s, 0.697s) 2.670ms
[2021-05-10T17:04:59.618+0800] GC(18) Pause Remark
[2021-05-10T17:04:59.619+0800] GC(18) Cleaned string and symbol table, strings: 5931 processed, 0 removed, symbols: 50051 processed, 0 removed
[2021-05-10T17:04:59.619+0800] GC(18) Pause Remark 368M->368M(512M) 0.858ms
[2021-05-10T17:04:59.619+0800] GC(18) User=0.00s Sys=0.00s Real=0.00s
[2021-05-10T17:04:59.619+0800] GC(18) Concurrent Rebuild Remembered Sets
[2021-05-10T17:04:59.620+0800] GC(18) Concurrent Rebuild Remembered Sets 1.210ms
[2021-05-10T17:04:59.621+0800] GC(18) Pause Cleanup
[2021-05-10T17:04:59.621+0800] GC(18) Pause Cleanup 382M->382M(512M) 0.175ms
[2021-05-10T17:04:59.621+0800] GC(18) User=0.00s Sys=0.00s Real=0.00s
[2021-05-10T17:04:59.621+0800] GC(18) Concurrent Cleanup for Next Mark
[2021-05-10T17:04:59.621+0800] GC(18) Concurrent Cleanup for Next Mark 0.347ms
[2021-05-10T17:04:59.621+0800] GC(18) Concurrent Cycle 6.157ms
[2021-05-10T17:04:59.625+0800] GC(19) Pause Young (Prepare Mixed) (G1 Evacuation Pause)
[2021-05-10T17:04:59.625+0800] GC(19) Using 10 workers of 10 for evacuation
[2021-05-10T17:04:59.627+0800] GC(19)   Pre Evacuate Collection Set: 0.1ms
[2021-05-10T17:04:59.628+0800] GC(19)   Evacuate Collection Set: 2.4ms
[2021-05-10T17:04:59.628+0800] GC(19)   Post Evacuate Collection Set: 0.4ms
[2021-05-10T17:04:59.628+0800] GC(19)   Other: 0.1ms
[2021-05-10T17:04:59.628+0800] GC(19) Eden regions: 54->0(17)
[2021-05-10T17:04:59.628+0800] GC(19) Survivor regions: 9->8(8)
[2021-05-10T17:04:59.628+0800] GC(19) Old regions: 215->240
[2021-05-10T17:04:59.628+0800] GC(19) Humongous regions: 137->114
[2021-05-10T17:04:59.628+0800] GC(19) Metaspace: 14995K->14995K(1062912K)
[2021-05-10T17:04:59.628+0800] GC(19) Pause Young (Prepare Mixed) (G1 Evacuation Pause) 414M->361M(512M) 3.095ms
[2021-05-10T17:04:59.628+0800] GC(19) User=0.00s Sys=0.00s Real=0.00s
[2021-05-10T17:04:59.631+0800] GC(20) Pause Young (Mixed) (G1 Evacuation Pause)
[2021-05-10T17:04:59.631+0800] GC(20) Using 10 workers of 10 for evacuation
[2021-05-10T17:04:59.635+0800] GC(20)   Pre Evacuate Collection Set: 0.1ms
[2021-05-10T17:04:59.635+0800] GC(20)   Evacuate Collection Set: 2.7ms
[2021-05-10T17:04:59.635+0800] GC(20)   Post Evacuate Collection Set: 0.3ms
[2021-05-10T17:04:59.635+0800] GC(20)   Other: 0.1ms
[2021-05-10T17:04:59.635+0800] GC(20) Eden regions: 17->0(21)
[2021-05-10T17:04:59.635+0800] GC(20) Survivor regions: 8->4(4)
[2021-05-10T17:04:59.635+0800] GC(20) Old regions: 240->221
[2021-05-10T17:04:59.635+0800] GC(20) Humongous regions: 126->114
[2021-05-10T17:04:59.635+0800] GC(20) Metaspace: 14995K->14995K(1062912K)
[2021-05-10T17:04:59.635+0800] GC(20) Pause Young (Mixed) (G1 Evacuation Pause) 390M->338M(512M) 3.355ms
[2021-05-10T17:04:59.635+0800] GC(20) User=0.00s Sys=0.00s Real=0.00s
[2021-05-10T17:04:59.639+0800] GC(21) Pause Young (Mixed) (G1 Evacuation Pause)
[2021-05-10T17:04:59.639+0800] GC(21) Using 10 workers of 10 for evacuation
[2021-05-10T17:04:59.641+0800] GC(21)   Pre Evacuate Collection Set: 0.1ms
[2021-05-10T17:04:59.641+0800] GC(21)   Evacuate Collection Set: 1.6ms
[2021-05-10T17:04:59.641+0800] GC(21)   Post Evacuate Collection Set: 0.2ms
[2021-05-10T17:04:59.641+0800] GC(21)   Other: 0.1ms
[2021-05-10T17:04:59.641+0800] GC(21) Eden regions: 21->0(51)
[2021-05-10T17:04:59.641+0800] GC(21) Survivor regions: 4->4(4)
[2021-05-10T17:04:59.641+0800] GC(21) Old regions: 221->225
[2021-05-10T17:04:59.641+0800] GC(21) Humongous regions: 127->118
[2021-05-10T17:04:59.641+0800] GC(21) Metaspace: 14995K->14995K(1062912K)
[2021-05-10T17:04:59.641+0800] GC(21) Pause Young (Mixed) (G1 Evacuation Pause) 372M->346M(512M) 2.173ms
[2021-05-10T17:04:59.641+0800] GC(21) User=0.00s Sys=0.00s Real=0.00s
[2021-05-10T17:04:59.649+0800] GC(22) Pause Young (Normal) (G1 Evacuation Pause)
[2021-05-10T17:04:59.649+0800] GC(22) Using 10 workers of 10 for evacuation
[2021-05-10T17:04:59.652+0800] GC(22)   Pre Evacuate Collection Set: 0.1ms
[2021-05-10T17:04:59.652+0800] GC(22)   Evacuate Collection Set: 1.8ms
[2021-05-10T17:04:59.652+0800] GC(22)   Post Evacuate Collection Set: 0.3ms
[2021-05-10T17:04:59.652+0800] GC(22)   Other: 0.1ms
[2021-05-10T17:04:59.652+0800] GC(22) Eden regions: 51->0(42)
[2021-05-10T17:04:59.652+0800] GC(22) Survivor regions: 4->7(7)
[2021-05-10T17:04:59.652+0800] GC(22) Old regions: 225->242
[2021-05-10T17:04:59.652+0800] GC(22) Humongous regions: 144->119
[2021-05-10T17:04:59.652+0800] GC(22) Metaspace: 14995K->14995K(1062912K)
[2021-05-10T17:04:59.652+0800] GC(22) Pause Young (Normal) (G1 Evacuation Pause) 423M->367M(512M) 2.386ms
[2021-05-10T17:04:59.652+0800] GC(22) User=0.02s Sys=0.00s Real=0.00s
[2021-05-10T17:04:59.653+0800] GC(23) Pause Young (Concurrent Start) (G1 Humongous Allocation)
[2021-05-10T17:04:59.653+0800] GC(23) Using 10 workers of 10 for evacuation
[2021-05-10T17:04:59.654+0800] GC(23)   Pre Evacuate Collection Set: 0.1ms
[2021-05-10T17:04:59.654+0800] GC(23)   Evacuate Collection Set: 0.8ms
[2021-05-10T17:04:59.654+0800] GC(23)   Post Evacuate Collection Set: 0.2ms
[2021-05-10T17:04:59.654+0800] GC(23)   Other: 0.1ms
[2021-05-10T17:04:59.654+0800] GC(23) Eden regions: 6->0(41)
[2021-05-10T17:04:59.654+0800] GC(23) Survivor regions: 7->2(7)
[2021-05-10T17:04:59.654+0800] GC(23) Old regions: 242->249
[2021-05-10T17:04:59.654+0800] GC(23) Humongous regions: 121->120
[2021-05-10T17:04:59.654+0800] GC(23) Metaspace: 14995K->14995K(1062912K)
[2021-05-10T17:04:59.654+0800] GC(23) Pause Young (Concurrent Start) (G1 Humongous Allocation) 374M->370M(512M) 1.333ms
[2021-05-10T17:04:59.654+0800] GC(23) User=0.00s Sys=0.00s Real=0.00s
[2021-05-10T17:04:59.654+0800] GC(24) Concurrent Cycle
[2021-05-10T17:04:59.654+0800] GC(24) Concurrent Clear Claimed Marks
[2021-05-10T17:04:59.654+0800] GC(24) Concurrent Clear Claimed Marks 0.015ms
[2021-05-10T17:04:59.654+0800] GC(24) Concurrent Scan Root Regions
[2021-05-10T17:04:59.654+0800] GC(24) Concurrent Scan Root Regions 0.043ms
[2021-05-10T17:04:59.654+0800] GC(24) Concurrent Mark (0.733s)
[2021-05-10T17:04:59.654+0800] GC(24) Concurrent Mark From Roots
[2021-05-10T17:04:59.654+0800] GC(24) Using 3 workers of 3 for marking
[2021-05-10T17:04:59.657+0800] GC(24) Concurrent Mark From Roots 2.502ms
[2021-05-10T17:04:59.657+0800] GC(24) Concurrent Preclean
[2021-05-10T17:04:59.657+0800] GC(24) Concurrent Preclean 0.050ms
[2021-05-10T17:04:59.657+0800] GC(24) Concurrent Mark (0.733s, 0.735s) 2.615ms
[2021-05-10T17:04:59.657+0800] GC(24) Pause Remark
[2021-05-10T17:04:59.657+0800] GC(24) Cleaned string and symbol table, strings: 5932 processed, 0 removed, symbols: 50052 processed, 0 removed
[2021-05-10T17:04:59.657+0800] GC(24) Pause Remark 397M->397M(512M) 0.815ms
[2021-05-10T17:04:59.657+0800] GC(24) User=0.00s Sys=0.00s Real=0.00s
[2021-05-10T17:04:59.657+0800] GC(24) Concurrent Rebuild Remembered Sets
[2021-05-10T17:04:59.659+0800] GC(24) Concurrent Rebuild Remembered Sets 1.200ms
[2021-05-10T17:04:59.659+0800] GC(24) Pause Cleanup
[2021-05-10T17:04:59.659+0800] GC(24) Pause Cleanup 410M->410M(512M) 0.166ms
[2021-05-10T17:04:59.659+0800] GC(24) User=0.00s Sys=0.00s Real=0.00s
[2021-05-10T17:04:59.659+0800] GC(24) Concurrent Cleanup for Next Mark
[2021-05-10T17:04:59.659+0800] GC(24) Concurrent Cleanup for Next Mark 0.324ms
[2021-05-10T17:04:59.659+0800] GC(24) Concurrent Cycle 5.652ms
[2021-05-10T17:04:59.662+0800] GC(25) Pause Young (Prepare Mixed) (G1 Evacuation Pause)
[2021-05-10T17:04:59.662+0800] GC(25) Using 10 workers of 10 for evacuation
[2021-05-10T17:04:59.664+0800] GC(25)   Pre Evacuate Collection Set: 0.1ms
[2021-05-10T17:04:59.664+0800] GC(25)   Evacuate Collection Set: 1.4ms
[2021-05-10T17:04:59.664+0800] GC(25)   Post Evacuate Collection Set: 0.3ms
[2021-05-10T17:04:59.664+0800] GC(25)   Other: 0.1ms
[2021-05-10T17:04:59.664+0800] GC(25) Eden regions: 41->0(19)
[2021-05-10T17:04:59.664+0800] GC(25) Survivor regions: 2->6(6)
[2021-05-10T17:04:59.664+0800] GC(25) Old regions: 249->262
[2021-05-10T17:04:59.664+0800] GC(25) Humongous regions: 153->133
[2021-05-10T17:04:59.664+0800] GC(25) Metaspace: 14995K->14995K(1062912K)
[2021-05-10T17:04:59.664+0800] GC(25) Pause Young (Prepare Mixed) (G1 Evacuation Pause) 443M->400M(512M) 2.000ms
[2021-05-10T17:04:59.664+0800] GC(25) User=0.00s Sys=0.00s Real=0.00s
[2021-05-10T17:04:59.667+0800] GC(26) Pause Young (Mixed) (G1 Evacuation Pause)
[2021-05-10T17:04:59.667+0800] GC(26) Using 10 workers of 10 for evacuation
[2021-05-10T17:04:59.670+0800] GC(26)   Pre Evacuate Collection Set: 0.1ms
[2021-05-10T17:04:59.670+0800] GC(26)   Evacuate Collection Set: 2.4ms
[2021-05-10T17:04:59.670+0800] GC(26)   Post Evacuate Collection Set: 0.4ms
[2021-05-10T17:04:59.670+0800] GC(26)   Other: 0.1ms
[2021-05-10T17:04:59.670+0800] GC(26) Eden regions: 19->0(21)
[2021-05-10T17:04:59.670+0800] GC(26) Survivor regions: 6->4(4)
[2021-05-10T17:04:59.670+0800] GC(26) Old regions: 262->238
[2021-05-10T17:04:59.670+0800] GC(26) Humongous regions: 146->135
[2021-05-10T17:04:59.670+0800] GC(26) Metaspace: 14995K->14995K(1062912K)
[2021-05-10T17:04:59.670+0800] GC(26) Pause Young (Mixed) (G1 Evacuation Pause) 432M->376M(512M) 3.148ms
[2021-05-10T17:04:59.670+0800] GC(26) User=0.00s Sys=0.00s Real=0.00s
[2021-05-10T17:04:59.673+0800] GC(27) Pause Young (Mixed) (G1 Evacuation Pause)
[2021-05-10T17:04:59.673+0800] GC(27) Using 10 workers of 10 for evacuation
[2021-05-10T17:04:59.676+0800] GC(27)   Pre Evacuate Collection Set: 0.1ms
[2021-05-10T17:04:59.676+0800] GC(27)   Evacuate Collection Set: 2.5ms
[2021-05-10T17:04:59.676+0800] GC(27)   Post Evacuate Collection Set: 0.3ms
[2021-05-10T17:04:59.676+0800] GC(27)   Other: 0.2ms
[2021-05-10T17:04:59.676+0800] GC(27) Eden regions: 21->0(42)
[2021-05-10T17:04:59.676+0800] GC(27) Survivor regions: 4->4(4)
[2021-05-10T17:04:59.676+0800] GC(27) Old regions: 238->231
[2021-05-10T17:04:59.676+0800] GC(27) Humongous regions: 148->136
[2021-05-10T17:04:59.676+0800] GC(27) Metaspace: 14995K->14995K(1062912K)
[2021-05-10T17:04:59.676+0800] GC(27) Pause Young (Mixed) (G1 Evacuation Pause) 410M->370M(512M) 3.207ms
[2021-05-10T17:04:59.676+0800] GC(27) User=0.00s Sys=0.00s Real=0.00s
[2021-05-10T17:04:59.684+0800] GC(28) Pause Young (Normal) (G1 Evacuation Pause)
[2021-05-10T17:04:59.684+0800] GC(28) Using 10 workers of 10 for evacuation
[2021-05-10T17:04:59.686+0800] GC(28)   Pre Evacuate Collection Set: 0.1ms
[2021-05-10T17:04:59.686+0800] GC(28)   Evacuate Collection Set: 1.6ms
[2021-05-10T17:04:59.686+0800] GC(28)   Post Evacuate Collection Set: 0.3ms
[2021-05-10T17:04:59.686+0800] GC(28)   Other: 0.1ms
[2021-05-10T17:04:59.686+0800] GC(28) Eden regions: 42->0(31)
[2021-05-10T17:04:59.686+0800] GC(28) Survivor regions: 4->6(6)
[2021-05-10T17:04:59.686+0800] GC(28) Old regions: 231->247
[2021-05-10T17:04:59.686+0800] GC(28) Humongous regions: 169->142
[2021-05-10T17:04:59.686+0800] GC(28) Metaspace: 14995K->14995K(1062912K)
[2021-05-10T17:04:59.686+0800] GC(28) Pause Young (Normal) (G1 Evacuation Pause) 445M->394M(512M) 2.250ms
[2021-05-10T17:04:59.686+0800] GC(28) User=0.00s Sys=0.00s Real=0.00s
[2021-05-10T17:04:59.687+0800] GC(29) Pause Young (Concurrent Start) (G1 Humongous Allocation)
[2021-05-10T17:04:59.687+0800] GC(29) Using 10 workers of 10 for evacuation
[2021-05-10T17:04:59.688+0800] GC(29)   Pre Evacuate Collection Set: 0.1ms
[2021-05-10T17:04:59.688+0800] GC(29)   Evacuate Collection Set: 0.5ms
[2021-05-10T17:04:59.688+0800] GC(29)   Post Evacuate Collection Set: 0.2ms
[2021-05-10T17:04:59.688+0800] GC(29)   Other: 0.1ms
[2021-05-10T17:04:59.688+0800] GC(29) Eden regions: 2->0(28)
[2021-05-10T17:04:59.688+0800] GC(29) Survivor regions: 6->1(5)
[2021-05-10T17:04:59.688+0800] GC(29) Old regions: 247->252
[2021-05-10T17:04:59.688+0800] GC(29) Humongous regions: 142->141
[2021-05-10T17:04:59.688+0800] GC(29) Metaspace: 14995K->14995K(1062912K)
[2021-05-10T17:04:59.688+0800] GC(29) Pause Young (Concurrent Start) (G1 Humongous Allocation) 396M->393M(512M) 1.049ms
[2021-05-10T17:04:59.688+0800] GC(29) User=0.00s Sys=0.00s Real=0.00s
[2021-05-10T17:04:59.688+0800] GC(30) Concurrent Cycle
[2021-05-10T17:04:59.688+0800] GC(30) Concurrent Clear Claimed Marks
[2021-05-10T17:04:59.688+0800] GC(30) Concurrent Clear Claimed Marks 0.021ms
[2021-05-10T17:04:59.688+0800] GC(30) Concurrent Scan Root Regions
[2021-05-10T17:04:59.688+0800] GC(30) Concurrent Scan Root Regions 0.093ms
[2021-05-10T17:04:59.688+0800] GC(30) Concurrent Mark (0.767s)
[2021-05-10T17:04:59.688+0800] GC(30) Concurrent Mark From Roots
[2021-05-10T17:04:59.688+0800] GC(30) Using 3 workers of 3 for marking
[2021-05-10T17:04:59.691+0800] GC(30) Concurrent Mark From Roots 2.613ms
[2021-05-10T17:04:59.691+0800] GC(30) Concurrent Preclean
[2021-05-10T17:04:59.691+0800] GC(30) Concurrent Preclean 0.049ms
[2021-05-10T17:04:59.691+0800] GC(30) Concurrent Mark (0.767s, 0.770s) 2.726ms
[2021-05-10T17:04:59.691+0800] GC(30) Pause Remark
[2021-05-10T17:04:59.691+0800] GC(30) Cleaned string and symbol table, strings: 5932 processed, 0 removed, symbols: 50052 processed, 0 removed
[2021-05-10T17:04:59.692+0800] GC(30) Pause Remark 421M->421M(512M) 0.786ms
[2021-05-10T17:04:59.692+0800] GC(30) User=0.00s Sys=0.00s Real=0.00s
[2021-05-10T17:04:59.692+0800] GC(30) Concurrent Rebuild Remembered Sets
[2021-05-10T17:04:59.693+0800] GC(31) Pause Young (Normal) (G1 Evacuation Pause)
[2021-05-10T17:04:59.693+0800] GC(31) Using 10 workers of 10 for evacuation
[2021-05-10T17:04:59.694+0800] GC(31)   Pre Evacuate Collection Set: 0.1ms
[2021-05-10T17:04:59.694+0800] GC(31)   Evacuate Collection Set: 0.9ms
[2021-05-10T17:04:59.694+0800] GC(31)   Post Evacuate Collection Set: 0.2ms
[2021-05-10T17:04:59.694+0800] GC(31)   Other: 0.1ms
[2021-05-10T17:04:59.694+0800] GC(31) Eden regions: 28->0(25)
[2021-05-10T17:04:59.694+0800] GC(31) Survivor regions: 1->4(4)
[2021-05-10T17:04:59.694+0800] GC(31) Old regions: 252->262
[2021-05-10T17:04:59.694+0800] GC(31) Humongous regions: 151->137
[2021-05-10T17:04:59.694+0800] GC(31) Metaspace: 14995K->14995K(1062912K)
[2021-05-10T17:04:59.694+0800] GC(31) Pause Young (Normal) (G1 Evacuation Pause) 431M->402M(512M) 1.350ms
[2021-05-10T17:04:59.694+0800] GC(31) User=0.00s Sys=0.00s Real=0.00s
[2021-05-10T17:04:59.695+0800] GC(30) Concurrent Rebuild Remembered Sets 2.874ms
[2021-05-10T17:04:59.695+0800] GC(30) Pause Cleanup
[2021-05-10T17:04:59.695+0800] GC(30) Pause Cleanup 403M->403M(512M) 0.158ms
[2021-05-10T17:04:59.695+0800] GC(30) User=0.00s Sys=0.00s Real=0.00s
[2021-05-10T17:04:59.695+0800] GC(30) Concurrent Cleanup for Next Mark
[2021-05-10T17:04:59.695+0800] GC(30) Concurrent Cleanup for Next Mark 0.323ms
[2021-05-10T17:04:59.695+0800] GC(30) Concurrent Cycle 7.487ms
[2021-05-10T17:04:59.699+0800] GC(32) Pause Young (Prepare Mixed) (G1 Evacuation Pause)
[2021-05-10T17:04:59.699+0800] GC(32) Using 10 workers of 10 for evacuation
[2021-05-10T17:04:59.701+0800] GC(32)   Pre Evacuate Collection Set: 0.1ms
[2021-05-10T17:04:59.701+0800] GC(32)   Evacuate Collection Set: 0.9ms
[2021-05-10T17:04:59.701+0800] GC(32)   Post Evacuate Collection Set: 0.2ms
[2021-05-10T17:04:59.701+0800] GC(32)   Other: 0.1ms
[2021-05-10T17:04:59.701+0800] GC(32) Eden regions: 25->0(21)
[2021-05-10T17:04:59.701+0800] GC(32) Survivor regions: 4->4(4)
[2021-05-10T17:04:59.701+0800] GC(32) Old regions: 262->270
[2021-05-10T17:04:59.701+0800] GC(32) Humongous regions: 148->140
[2021-05-10T17:04:59.701+0800] GC(32) Metaspace: 14995K->14995K(1062912K)
[2021-05-10T17:04:59.701+0800] GC(32) Pause Young (Prepare Mixed) (G1 Evacuation Pause) 438M->413M(512M) 1.422ms
[2021-05-10T17:04:59.701+0800] GC(32) User=0.00s Sys=0.00s Real=0.00s
[2021-05-10T17:04:59.704+0800] GC(33) Pause Young (Mixed) (G1 Evacuation Pause)
[2021-05-10T17:04:59.704+0800] GC(33) Using 10 workers of 10 for evacuation
[2021-05-10T17:04:59.707+0800] GC(33)   Pre Evacuate Collection Set: 0.1ms
[2021-05-10T17:04:59.707+0800] GC(33)   Evacuate Collection Set: 2.8ms
[2021-05-10T17:04:59.707+0800] GC(33)   Post Evacuate Collection Set: 0.3ms
[2021-05-10T17:04:59.708+0800] GC(33)   Other: 0.1ms
[2021-05-10T17:04:59.708+0800] GC(33) Eden regions: 21->0(21)
[2021-05-10T17:04:59.708+0800] GC(33) Survivor regions: 4->4(4)
[2021-05-10T17:04:59.708+0800] GC(33) Old regions: 270->251
[2021-05-10T17:04:59.708+0800] GC(33) Humongous regions: 156->143
[2021-05-10T17:04:59.708+0800] GC(33) Metaspace: 14995K->14995K(1062912K)
[2021-05-10T17:04:59.708+0800] GC(33) Pause Young (Mixed) (G1 Evacuation Pause) 450M->397M(512M) 3.426ms
[2021-05-10T17:04:59.708+0800] GC(33) User=0.00s Sys=0.00s Real=0.00s
[2021-05-10T17:04:59.710+0800] GC(34) Pause Young (Mixed) (G1 Evacuation Pause)
[2021-05-10T17:04:59.711+0800] GC(34) Using 10 workers of 10 for evacuation
[2021-05-10T17:04:59.713+0800] GC(34)   Pre Evacuate Collection Set: 0.1ms
[2021-05-10T17:04:59.713+0800] GC(34)   Evacuate Collection Set: 2.1ms
[2021-05-10T17:04:59.713+0800] GC(34)   Post Evacuate Collection Set: 0.3ms
[2021-05-10T17:04:59.713+0800] GC(34)   Other: 0.1ms
[2021-05-10T17:04:59.713+0800] GC(34) Eden regions: 21->0(30)
[2021-05-10T17:04:59.713+0800] GC(34) Survivor regions: 4->4(4)
[2021-05-10T17:04:59.713+0800] GC(34) Old regions: 251->248
[2021-05-10T17:04:59.713+0800] GC(34) Humongous regions: 150->144
[2021-05-10T17:04:59.713+0800] GC(34) Metaspace: 14995K->14995K(1062912K)
[2021-05-10T17:04:59.713+0800] GC(34) Pause Young (Mixed) (G1 Evacuation Pause) 425M->395M(512M) 2.724ms
[2021-05-10T17:04:59.713+0800] GC(34) User=0.00s Sys=0.00s Real=0.00s
[2021-05-10T17:04:59.718+0800] GC(35) Pause Young (Normal) (G1 Evacuation Pause)
[2021-05-10T17:04:59.718+0800] GC(35) Using 10 workers of 10 for evacuation
[2021-05-10T17:04:59.720+0800] GC(35)   Pre Evacuate Collection Set: 0.1ms
[2021-05-10T17:04:59.720+0800] GC(35)   Evacuate Collection Set: 1.2ms
[2021-05-10T17:04:59.720+0800] GC(35)   Post Evacuate Collection Set: 0.2ms
[2021-05-10T17:04:59.720+0800] GC(35)   Other: 0.1ms
[2021-05-10T17:04:59.720+0800] GC(35) Eden regions: 30->0(26)
[2021-05-10T17:04:59.720+0800] GC(35) Survivor regions: 4->5(5)
[2021-05-10T17:04:59.720+0800] GC(35) Old regions: 248->259
[2021-05-10T17:04:59.720+0800] GC(35) Humongous regions: 157->141
[2021-05-10T17:04:59.720+0800] GC(35) Metaspace: 14995K->14995K(1062912K)
[2021-05-10T17:04:59.720+0800] GC(35) Pause Young (Normal) (G1 Evacuation Pause) 438M->404M(512M) 1.799ms
[2021-05-10T17:04:59.720+0800] GC(35) User=0.00s Sys=0.00s Real=0.00s
[2021-05-10T17:04:59.720+0800] GC(36) Pause Young (Concurrent Start) (G1 Humongous Allocation)
[2021-05-10T17:04:59.720+0800] GC(36) Using 10 workers of 10 for evacuation
[2021-05-10T17:04:59.721+0800] GC(36)   Pre Evacuate Collection Set: 0.1ms
[2021-05-10T17:04:59.721+0800] GC(36)   Evacuate Collection Set: 0.5ms
[2021-05-10T17:04:59.721+0800] GC(36)   Post Evacuate Collection Set: 0.2ms
[2021-05-10T17:04:59.721+0800] GC(36)   Other: 0.1ms
[2021-05-10T17:04:59.721+0800] GC(36) Eden regions: 2->0(24)
[2021-05-10T17:04:59.721+0800] GC(36) Survivor regions: 5->1(4)
[2021-05-10T17:04:59.721+0800] GC(36) Old regions: 259->264
[2021-05-10T17:04:59.721+0800] GC(36) Humongous regions: 141->141
[2021-05-10T17:04:59.721+0800] GC(36) Metaspace: 14995K->14995K(1062912K)
[2021-05-10T17:04:59.721+0800] GC(36) Pause Young (Concurrent Start) (G1 Humongous Allocation) 405M->404M(512M) 1.008ms
[2021-05-10T17:04:59.721+0800] GC(36) User=0.00s Sys=0.00s Real=0.00s
[2021-05-10T17:04:59.721+0800] GC(37) Concurrent Cycle
[2021-05-10T17:04:59.721+0800] GC(37) Concurrent Clear Claimed Marks
[2021-05-10T17:04:59.721+0800] GC(37) Concurrent Clear Claimed Marks 0.016ms
[2021-05-10T17:04:59.721+0800] GC(37) Concurrent Scan Root Regions
[2021-05-10T17:04:59.721+0800] GC(37) Concurrent Scan Root Regions 0.076ms
[2021-05-10T17:04:59.721+0800] GC(37) Concurrent Mark (0.800s)
[2021-05-10T17:04:59.721+0800] GC(37) Concurrent Mark From Roots
[2021-05-10T17:04:59.721+0800] GC(37) Using 3 workers of 3 for marking
[2021-05-10T17:04:59.724+0800] GC(37) Concurrent Mark From Roots 2.624ms
[2021-05-10T17:04:59.724+0800] GC(37) Concurrent Preclean
[2021-05-10T17:04:59.724+0800] GC(37) Concurrent Preclean 0.055ms
[2021-05-10T17:04:59.724+0800] GC(37) Concurrent Mark (0.800s, 0.803s) 2.755ms
[2021-05-10T17:04:59.724+0800] GC(37) Pause Remark
[2021-05-10T17:04:59.725+0800] GC(37) Cleaned string and symbol table, strings: 5932 processed, 0 removed, symbols: 50052 processed, 0 removed
[2021-05-10T17:04:59.725+0800] GC(37) Pause Remark 433M->433M(512M) 0.844ms
[2021-05-10T17:04:59.725+0800] GC(37) User=0.00s Sys=0.00s Real=0.00s
[2021-05-10T17:04:59.725+0800] GC(37) Concurrent Rebuild Remembered Sets
[2021-05-10T17:04:59.727+0800] GC(37) Concurrent Rebuild Remembered Sets 1.334ms
[2021-05-10T17:04:59.727+0800] GC(38) Pause Young (Normal) (G1 Evacuation Pause)
[2021-05-10T17:04:59.727+0800] GC(38) Using 10 workers of 10 for evacuation
[2021-05-10T17:04:59.728+0800] GC(38)   Pre Evacuate Collection Set: 0.1ms
[2021-05-10T17:04:59.728+0800] GC(38)   Evacuate Collection Set: 0.8ms
[2021-05-10T17:04:59.728+0800] GC(38)   Post Evacuate Collection Set: 0.3ms
[2021-05-10T17:04:59.728+0800] GC(38)   Other: 0.1ms
[2021-05-10T17:04:59.728+0800] GC(38) Eden regions: 24->0(21)
[2021-05-10T17:04:59.728+0800] GC(38) Survivor regions: 1->4(4)
[2021-05-10T17:04:59.728+0800] GC(38) Old regions: 264->271
[2021-05-10T17:04:59.728+0800] GC(38) Humongous regions: 156->150
[2021-05-10T17:04:59.728+0800] GC(38) Metaspace: 14995K->14995K(1062912K)
[2021-05-10T17:04:59.728+0800] GC(38) Pause Young (Normal) (G1 Evacuation Pause) 443M->424M(512M) 1.340ms
[2021-05-10T17:04:59.728+0800] GC(38) User=0.00s Sys=0.00s Real=0.00s
[2021-05-10T17:04:59.728+0800] GC(37) Pause Cleanup
[2021-05-10T17:04:59.728+0800] GC(37) Pause Cleanup 425M->425M(512M) 0.143ms
[2021-05-10T17:04:59.728+0800] GC(37) User=0.00s Sys=0.00s Real=0.00s
[2021-05-10T17:04:59.728+0800] GC(37) Concurrent Cleanup for Next Mark
[2021-05-10T17:04:59.729+0800] GC(37) Concurrent Cleanup for Next Mark 0.327ms
[2021-05-10T17:04:59.729+0800] GC(37) Concurrent Cycle 7.523ms
[2021-05-10T17:04:59.731+0800] GC(39) Pause Young (Prepare Mixed) (G1 Evacuation Pause)
[2021-05-10T17:04:59.731+0800] GC(39) Using 10 workers of 10 for evacuation
[2021-05-10T17:04:59.733+0800] GC(39)   Pre Evacuate Collection Set: 0.1ms
[2021-05-10T17:04:59.733+0800] GC(39)   Evacuate Collection Set: 1.0ms
[2021-05-10T17:04:59.733+0800] GC(39)   Post Evacuate Collection Set: 0.3ms
[2021-05-10T17:04:59.733+0800] GC(39)   Other: 0.1ms
[2021-05-10T17:04:59.733+0800] GC(39) Eden regions: 21->0(21)
[2021-05-10T17:04:59.733+0800] GC(39) Survivor regions: 4->4(4)
[2021-05-10T17:04:59.733+0800] GC(39) Old regions: 271->279
[2021-05-10T17:04:59.733+0800] GC(39) Humongous regions: 160->152
[2021-05-10T17:04:59.733+0800] GC(39) Metaspace: 14995K->14995K(1062912K)
[2021-05-10T17:04:59.733+0800] GC(39) Pause Young (Prepare Mixed) (G1 Evacuation Pause) 455M->434M(512M) 1.552ms
[2021-05-10T17:04:59.733+0800] GC(39) User=0.00s Sys=0.00s Real=0.00s
[2021-05-10T17:04:59.736+0800] GC(40) Pause Young (Mixed) (G1 Evacuation Pause)
[2021-05-10T17:04:59.736+0800] GC(40) Using 10 workers of 10 for evacuation
[2021-05-10T17:04:59.739+0800] GC(40)   Pre Evacuate Collection Set: 0.1ms
[2021-05-10T17:04:59.739+0800] GC(40)   Evacuate Collection Set: 2.5ms
[2021-05-10T17:04:59.739+0800] GC(40)   Post Evacuate Collection Set: 0.3ms
[2021-05-10T17:04:59.739+0800] GC(40)   Other: 0.1ms
[2021-05-10T17:04:59.739+0800] GC(40) Eden regions: 21->0(21)
[2021-05-10T17:04:59.739+0800] GC(40) Survivor regions: 4->4(4)
[2021-05-10T17:04:59.739+0800] GC(40) Old regions: 279->259
[2021-05-10T17:04:59.739+0800] GC(40) Humongous regions: 163->150
[2021-05-10T17:04:59.739+0800] GC(40) Metaspace: 14995K->14995K(1062912K)
[2021-05-10T17:04:59.739+0800] GC(40) Pause Young (Mixed) (G1 Evacuation Pause) 466M->412M(512M) 3.100ms
[2021-05-10T17:04:59.739+0800] GC(40) User=0.00s Sys=0.00s Real=0.00s
[2021-05-10T17:04:59.743+0800] GC(41) Pause Young (Mixed) (G1 Evacuation Pause)
[2021-05-10T17:04:59.743+0800] GC(41) Using 10 workers of 10 for evacuation
[2021-05-10T17:04:59.745+0800] GC(41)   Pre Evacuate Collection Set: 0.1ms
[2021-05-10T17:04:59.746+0800] GC(41)   Evacuate Collection Set: 2.0ms
[2021-05-10T17:04:59.746+0800] GC(41)   Post Evacuate Collection Set: 0.2ms
[2021-05-10T17:04:59.746+0800] GC(41)   Other: 0.2ms
[2021-05-10T17:04:59.746+0800] GC(41) Eden regions: 21->0(23)
[2021-05-10T17:04:59.746+0800] GC(41) Survivor regions: 4->4(4)
[2021-05-10T17:04:59.746+0800] GC(41) Old regions: 259->255
[2021-05-10T17:04:59.746+0800] GC(41) Humongous regions: 161->150
[2021-05-10T17:04:59.746+0800] GC(41) Metaspace: 14995K->14995K(1062912K)
[2021-05-10T17:04:59.746+0800] GC(41) Pause Young (Mixed) (G1 Evacuation Pause) 444M->408M(512M) 2.552ms
[2021-05-10T17:04:59.746+0800] GC(41) User=0.16s Sys=0.00s Real=0.00s
[2021-05-10T17:04:59.747+0800] GC(42) Pause Young (Concurrent Start) (G1 Humongous Allocation)
[2021-05-10T17:04:59.747+0800] GC(42) Using 10 workers of 10 for evacuation
[2021-05-10T17:04:59.748+0800] GC(42)   Pre Evacuate Collection Set: 0.1ms
[2021-05-10T17:04:59.748+0800] GC(42)   Evacuate Collection Set: 0.6ms
[2021-05-10T17:04:59.748+0800] GC(42)   Post Evacuate Collection Set: 0.3ms
[2021-05-10T17:04:59.748+0800] GC(42)   Other: 0.1ms
[2021-05-10T17:04:59.748+0800] GC(42) Eden regions: 7->0(23)
[2021-05-10T17:04:59.748+0800] GC(42) Survivor regions: 4->3(4)
[2021-05-10T17:04:59.748+0800] GC(42) Old regions: 255->259
[2021-05-10T17:04:59.748+0800] GC(42) Humongous regions: 153->151
[2021-05-10T17:04:59.748+0800] GC(42) Metaspace: 14995K->14995K(1062912K)
[2021-05-10T17:04:59.748+0800] GC(42) Pause Young (Concurrent Start) (G1 Humongous Allocation) 418M->412M(512M) 1.123ms
[2021-05-10T17:04:59.748+0800] GC(42) User=0.00s Sys=0.00s Real=0.00s
[2021-05-10T17:04:59.748+0800] GC(43) Concurrent Cycle
[2021-05-10T17:04:59.748+0800] GC(43) Concurrent Clear Claimed Marks
[2021-05-10T17:04:59.748+0800] GC(43) Concurrent Clear Claimed Marks 0.015ms
[2021-05-10T17:04:59.748+0800] GC(43) Concurrent Scan Root Regions
[2021-05-10T17:04:59.748+0800] GC(43) Concurrent Scan Root Regions 0.106ms
[2021-05-10T17:04:59.748+0800] GC(43) Concurrent Mark (0.827s)
[2021-05-10T17:04:59.748+0800] GC(43) Concurrent Mark From Roots
[2021-05-10T17:04:59.748+0800] GC(43) Using 3 workers of 3 for marking
[2021-05-10T17:04:59.751+0800] GC(43) Concurrent Mark From Roots 3.123ms
[2021-05-10T17:04:59.751+0800] GC(43) Concurrent Preclean
[2021-05-10T17:04:59.751+0800] GC(43) Concurrent Preclean 0.053ms
[2021-05-10T17:04:59.751+0800] GC(43) Concurrent Mark (0.827s, 0.830s) 3.245ms
[2021-05-10T17:04:59.751+0800] GC(44) Pause Young (Normal) (G1 Evacuation Pause)
[2021-05-10T17:04:59.751+0800] GC(44) Using 10 workers of 10 for evacuation
[2021-05-10T17:04:59.753+0800] GC(44)   Pre Evacuate Collection Set: 0.1ms
[2021-05-10T17:04:59.753+0800] GC(44)   Evacuate Collection Set: 1.1ms
[2021-05-10T17:04:59.753+0800] GC(44)   Post Evacuate Collection Set: 0.3ms
[2021-05-10T17:04:59.753+0800] GC(44)   Other: 0.1ms
[2021-05-10T17:04:59.753+0800] GC(44) Eden regions: 23->0(21)
[2021-05-10T17:04:59.753+0800] GC(44) Survivor regions: 3->4(4)
[2021-05-10T17:04:59.753+0800] GC(44) Old regions: 259->269
[2021-05-10T17:04:59.753+0800] GC(44) Humongous regions: 164->153
[2021-05-10T17:04:59.753+0800] GC(44) Metaspace: 14995K->14995K(1062912K)
[2021-05-10T17:04:59.753+0800] GC(44) Pause Young (Normal) (G1 Evacuation Pause) 448M->425M(512M) 1.727ms
[2021-05-10T17:04:59.753+0800] GC(44) User=0.00s Sys=0.00s Real=0.00s
[2021-05-10T17:04:59.753+0800] GC(43) Pause Remark
[2021-05-10T17:04:59.754+0800] GC(43) Cleaned string and symbol table, strings: 5932 processed, 0 removed, symbols: 50052 processed, 0 removed
[2021-05-10T17:04:59.754+0800] GC(43) Pause Remark 426M->426M(512M) 0.814ms
[2021-05-10T17:04:59.754+0800] GC(43) User=0.00s Sys=0.00s Real=0.00s
[2021-05-10T17:04:59.754+0800] GC(43) Concurrent Rebuild Remembered Sets
[2021-05-10T17:04:59.756+0800] GC(43) Concurrent Rebuild Remembered Sets 1.324ms
[2021-05-10T17:04:59.756+0800] GC(43) Pause Cleanup
[2021-05-10T17:04:59.756+0800] GC(43) Pause Cleanup 438M->438M(512M) 0.175ms
[2021-05-10T17:04:59.756+0800] GC(43) User=0.00s Sys=0.00s Real=0.00s
[2021-05-10T17:04:59.756+0800] GC(43) Concurrent Cleanup for Next Mark
[2021-05-10T17:04:59.756+0800] GC(43) Concurrent Cleanup for Next Mark 0.302ms
[2021-05-10T17:04:59.756+0800] GC(43) Concurrent Cycle 8.559ms
[2021-05-10T17:04:59.758+0800] GC(45) Pause Young (Prepare Mixed) (G1 Evacuation Pause)
[2021-05-10T17:04:59.758+0800] GC(45) Using 10 workers of 10 for evacuation
[2021-05-10T17:04:59.759+0800] GC(45)   Pre Evacuate Collection Set: 0.1ms
[2021-05-10T17:04:59.759+0800] GC(45)   Evacuate Collection Set: 0.9ms
[2021-05-10T17:04:59.759+0800] GC(45)   Post Evacuate Collection Set: 0.3ms
[2021-05-10T17:04:59.759+0800] GC(45)   Other: 0.1ms
[2021-05-10T17:04:59.759+0800] GC(45) Eden regions: 21->0(21)
[2021-05-10T17:04:59.759+0800] GC(45) Survivor regions: 4->4(4)
[2021-05-10T17:04:59.759+0800] GC(45) Old regions: 269->276
[2021-05-10T17:04:59.759+0800] GC(45) Humongous regions: 168->153
[2021-05-10T17:04:59.759+0800] GC(45) Metaspace: 14995K->14995K(1062912K)
[2021-05-10T17:04:59.759+0800] GC(45) Pause Young (Prepare Mixed) (G1 Evacuation Pause) 461M->432M(512M) 1.474ms
[2021-05-10T17:04:59.759+0800] GC(45) User=0.00s Sys=0.00s Real=0.00s
[2021-05-10T17:04:59.763+0800] GC(46) Pause Young (Mixed) (G1 Evacuation Pause)
[2021-05-10T17:04:59.763+0800] GC(46) Using 10 workers of 10 for evacuation
[2021-05-10T17:04:59.767+0800] GC(46)   Pre Evacuate Collection Set: 0.1ms
[2021-05-10T17:04:59.767+0800] GC(46)   Evacuate Collection Set: 2.4ms
[2021-05-10T17:04:59.767+0800] GC(46)   Post Evacuate Collection Set: 0.3ms
[2021-05-10T17:04:59.767+0800] GC(46)   Other: 0.1ms
[2021-05-10T17:04:59.767+0800] GC(46) Eden regions: 21->0(21)
[2021-05-10T17:04:59.767+0800] GC(46) Survivor regions: 4->4(4)
[2021-05-10T17:04:59.767+0800] GC(46) Old regions: 276->253
[2021-05-10T17:04:59.767+0800] GC(46) Humongous regions: 169->156
[2021-05-10T17:04:59.767+0800] GC(46) Metaspace: 14995K->14995K(1062912K)
[2021-05-10T17:04:59.767+0800] GC(46) Pause Young (Mixed) (G1 Evacuation Pause) 469M->412M(512M) 3.046ms
[2021-05-10T17:04:59.767+0800] GC(46) User=0.00s Sys=0.00s Real=0.00s
[2021-05-10T17:04:59.769+0800] GC(47) Pause Young (Mixed) (G1 Evacuation Pause)
[2021-05-10T17:04:59.769+0800] GC(47) Using 10 workers of 10 for evacuation
[2021-05-10T17:04:59.772+0800] GC(47)   Pre Evacuate Collection Set: 0.1ms
[2021-05-10T17:04:59.772+0800] GC(47)   Evacuate Collection Set: 1.4ms
[2021-05-10T17:04:59.772+0800] GC(47)   Post Evacuate Collection Set: 0.3ms
[2021-05-10T17:04:59.772+0800] GC(47)   Other: 0.2ms
[2021-05-10T17:04:59.772+0800] GC(47) Eden regions: 21->0(21)
[2021-05-10T17:04:59.772+0800] GC(47) Survivor regions: 4->4(4)
[2021-05-10T17:04:59.772+0800] GC(47) Old regions: 253->258
[2021-05-10T17:04:59.772+0800] GC(47) Humongous regions: 167->158
[2021-05-10T17:04:59.772+0800] GC(47) Metaspace: 14995K->14995K(1062912K)
[2021-05-10T17:04:59.772+0800] GC(47) Pause Young (Mixed) (G1 Evacuation Pause) 444M->419M(512M) 2.107ms
[2021-05-10T17:04:59.772+0800] GC(47) User=0.00s Sys=0.00s Real=0.00s
[2021-05-10T17:04:59.772+0800] GC(48) Pause Young (Concurrent Start) (G1 Humongous Allocation)
[2021-05-10T17:04:59.772+0800] GC(48) Using 10 workers of 10 for evacuation
[2021-05-10T17:04:59.773+0800] GC(48)   Pre Evacuate Collection Set: 0.1ms
[2021-05-10T17:04:59.773+0800] GC(48)   Evacuate Collection Set: 0.5ms
[2021-05-10T17:04:59.773+0800] GC(48)   Post Evacuate Collection Set: 0.2ms
[2021-05-10T17:04:59.773+0800] GC(48)   Other: 0.1ms
[2021-05-10T17:04:59.773+0800] GC(48) Eden regions: 2->0(24)
[2021-05-10T17:04:59.773+0800] GC(48) Survivor regions: 4->1(4)
[2021-05-10T17:04:59.773+0800] GC(48) Old regions: 258->261
[2021-05-10T17:04:59.773+0800] GC(48) Humongous regions: 158->157
[2021-05-10T17:04:59.773+0800] GC(48) Metaspace: 14995K->14995K(1062912K)
[2021-05-10T17:04:59.773+0800] GC(48) Pause Young (Concurrent Start) (G1 Humongous Allocation) 420M->418M(512M) 0.934ms
[2021-05-10T17:04:59.773+0800] GC(48) User=0.00s Sys=0.00s Real=0.00s
[2021-05-10T17:04:59.773+0800] GC(49) Concurrent Cycle
[2021-05-10T17:04:59.773+0800] GC(49) Concurrent Clear Claimed Marks
[2021-05-10T17:04:59.773+0800] GC(49) Concurrent Clear Claimed Marks 0.019ms
[2021-05-10T17:04:59.773+0800] GC(49) Concurrent Scan Root Regions
[2021-05-10T17:04:59.773+0800] GC(49) Concurrent Scan Root Regions 0.084ms
[2021-05-10T17:04:59.773+0800] GC(49) Concurrent Mark (0.852s)
[2021-05-10T17:04:59.773+0800] GC(49) Concurrent Mark From Roots
[2021-05-10T17:04:59.773+0800] GC(49) Using 3 workers of 3 for marking
[2021-05-10T17:04:59.776+0800] GC(49) Concurrent Mark From Roots 2.800ms
[2021-05-10T17:04:59.776+0800] GC(49) Concurrent Preclean
[2021-05-10T17:04:59.776+0800] GC(49) Concurrent Preclean 0.054ms
[2021-05-10T17:04:59.776+0800] GC(49) Concurrent Mark (0.852s, 0.855s) 2.922ms
[2021-05-10T17:04:59.776+0800] GC(49) Pause Remark
[2021-05-10T17:04:59.777+0800] GC(49) Cleaned string and symbol table, strings: 5932 processed, 0 removed, symbols: 50052 processed, 0 removed
[2021-05-10T17:04:59.777+0800] GC(49) Pause Remark 457M->456M(512M) 0.899ms
[2021-05-10T17:04:59.777+0800] GC(49) User=0.00s Sys=0.00s Real=0.00s
[2021-05-10T17:04:59.777+0800] GC(49) Concurrent Rebuild Remembered Sets
[2021-05-10T17:04:59.778+0800] GC(50) Pause Young (Normal) (G1 Evacuation Pause)
[2021-05-10T17:04:59.778+0800] GC(50) Using 10 workers of 10 for evacuation
[2021-05-10T17:04:59.779+0800] GC(50)   Pre Evacuate Collection Set: 0.1ms
[2021-05-10T17:04:59.779+0800] GC(50)   Evacuate Collection Set: 0.7ms
[2021-05-10T17:04:59.779+0800] GC(50)   Post Evacuate Collection Set: 0.2ms
[2021-05-10T17:04:59.779+0800] GC(50)   Other: 0.1ms
[2021-05-10T17:04:59.779+0800] GC(50) Eden regions: 24->0(21)
[2021-05-10T17:04:59.779+0800] GC(50) Survivor regions: 1->4(4)
[2021-05-10T17:04:59.779+0800] GC(50) Old regions: 260->266
[2021-05-10T17:04:59.779+0800] GC(50) Humongous regions: 176->156
[2021-05-10T17:04:59.779+0800] GC(50) Metaspace: 14995K->14995K(1062912K)
[2021-05-10T17:04:59.779+0800] GC(50) Pause Young (Normal) (G1 Evacuation Pause) 460M->425M(512M) 1.170ms
[2021-05-10T17:04:59.779+0800] GC(50) User=0.00s Sys=0.00s Real=0.00s
[2021-05-10T17:04:59.780+0800] GC(49) Concurrent Rebuild Remembered Sets 2.752ms
[2021-05-10T17:04:59.780+0800] GC(49) Pause Cleanup
[2021-05-10T17:04:59.780+0800] GC(49) Pause Cleanup 431M->431M(512M) 0.167ms
[2021-05-10T17:04:59.780+0800] GC(49) User=0.00s Sys=0.00s Real=0.00s
[2021-05-10T17:04:59.780+0800] GC(49) Concurrent Cleanup for Next Mark
[2021-05-10T17:04:59.780+0800] GC(49) Concurrent Cleanup for Next Mark 0.311ms
[2021-05-10T17:04:59.781+0800] GC(49) Concurrent Cycle 7.745ms
[2021-05-10T17:04:59.784+0800] GC(51) Pause Young (Prepare Mixed) (G1 Evacuation Pause)
[2021-05-10T17:04:59.784+0800] GC(51) Using 10 workers of 10 for evacuation
[2021-05-10T17:04:59.785+0800] GC(51)   Pre Evacuate Collection Set: 0.1ms
[2021-05-10T17:04:59.785+0800] GC(51)   Evacuate Collection Set: 0.9ms
[2021-05-10T17:04:59.785+0800] GC(51)   Post Evacuate Collection Set: 0.2ms
[2021-05-10T17:04:59.785+0800] GC(51)   Other: 0.1ms
[2021-05-10T17:04:59.785+0800] GC(51) Eden regions: 21->0(21)
[2021-05-10T17:04:59.785+0800] GC(51) Survivor regions: 4->4(4)
[2021-05-10T17:04:59.785+0800] GC(51) Old regions: 266->273
[2021-05-10T17:04:59.785+0800] GC(51) Humongous regions: 170->157
[2021-05-10T17:04:59.785+0800] GC(51) Metaspace: 14995K->14995K(1062912K)
[2021-05-10T17:04:59.785+0800] GC(51) Pause Young (Prepare Mixed) (G1 Evacuation Pause) 460M->433M(512M) 1.442ms
[2021-05-10T17:04:59.785+0800] GC(51) User=0.00s Sys=0.00s Real=0.00s
[2021-05-10T17:04:59.789+0800] GC(52) Pause Young (Mixed) (G1 Evacuation Pause)
[2021-05-10T17:04:59.789+0800] GC(52) Using 10 workers of 10 for evacuation
[2021-05-10T17:04:59.792+0800] GC(52)   Pre Evacuate Collection Set: 0.1ms
[2021-05-10T17:04:59.792+0800] GC(52)   Evacuate Collection Set: 2.6ms
[2021-05-10T17:04:59.792+0800] GC(52)   Post Evacuate Collection Set: 0.4ms
[2021-05-10T17:04:59.792+0800] GC(52)   Other: 0.1ms
[2021-05-10T17:04:59.792+0800] GC(52) Eden regions: 21->0(21)
[2021-05-10T17:04:59.792+0800] GC(52) Survivor regions: 4->4(4)
[2021-05-10T17:04:59.792+0800] GC(52) Old regions: 273->252
[2021-05-10T17:04:59.792+0800] GC(52) Humongous regions: 177->164
[2021-05-10T17:04:59.792+0800] GC(52) Metaspace: 14995K->14995K(1062912K)
[2021-05-10T17:04:59.792+0800] GC(52) Pause Young (Mixed) (G1 Evacuation Pause) 474M->419M(512M) 3.347ms
[2021-05-10T17:04:59.792+0800] GC(52) User=0.00s Sys=0.00s Real=0.00s
[2021-05-10T17:04:59.796+0800] GC(53) Pause Young (Mixed) (G1 Evacuation Pause)
[2021-05-10T17:04:59.796+0800] GC(53) Using 10 workers of 10 for evacuation
[2021-05-10T17:04:59.798+0800] GC(53)   Pre Evacuate Collection Set: 0.1ms
[2021-05-10T17:04:59.798+0800] GC(53)   Evacuate Collection Set: 1.4ms
[2021-05-10T17:04:59.798+0800] GC(53)   Post Evacuate Collection Set: 0.3ms
[2021-05-10T17:04:59.798+0800] GC(53)   Other: 0.2ms
[2021-05-10T17:04:59.798+0800] GC(53) Eden regions: 21->0(21)
[2021-05-10T17:04:59.798+0800] GC(53) Survivor regions: 4->4(4)
[2021-05-10T17:04:59.798+0800] GC(53) Old regions: 252->255
[2021-05-10T17:04:59.798+0800] GC(53) Humongous regions: 169->162
[2021-05-10T17:04:59.798+0800] GC(53) Metaspace: 14995K->14995K(1062912K)
[2021-05-10T17:04:59.798+0800] GC(53) Pause Young (Mixed) (G1 Evacuation Pause) 445M->420M(512M) 2.025ms
[2021-05-10T17:04:59.798+0800] GC(53) User=0.00s Sys=0.00s Real=0.00s
[2021-05-10T17:04:59.799+0800] GC(54) Pause Young (Concurrent Start) (G1 Humongous Allocation)
[2021-05-10T17:04:59.799+0800] GC(54) Using 10 workers of 10 for evacuation
[2021-05-10T17:04:59.799+0800] GC(54)   Pre Evacuate Collection Set: 0.1ms
[2021-05-10T17:04:59.799+0800] GC(54)   Evacuate Collection Set: 0.4ms
[2021-05-10T17:04:59.799+0800] GC(54)   Post Evacuate Collection Set: 0.2ms
[2021-05-10T17:04:59.799+0800] GC(54)   Other: 0.1ms
[2021-05-10T17:04:59.799+0800] GC(54) Eden regions: 1->0(25)
[2021-05-10T17:04:59.799+0800] GC(54) Survivor regions: 4->0(4)
[2021-05-10T17:04:59.799+0800] GC(54) Old regions: 255->259
[2021-05-10T17:04:59.799+0800] GC(54) Humongous regions: 162->162
[2021-05-10T17:04:59.799+0800] GC(54) Metaspace: 14995K->14995K(1062912K)
[2021-05-10T17:04:59.799+0800] GC(54) Pause Young (Concurrent Start) (G1 Humongous Allocation) 421M->420M(512M) 0.869ms
[2021-05-10T17:04:59.799+0800] GC(54) User=0.00s Sys=0.00s Real=0.00s
[2021-05-10T17:04:59.799+0800] GC(55) Concurrent Cycle
[2021-05-10T17:04:59.799+0800] GC(55) Concurrent Clear Claimed Marks
[2021-05-10T17:04:59.799+0800] GC(55) Concurrent Clear Claimed Marks 0.014ms
[2021-05-10T17:04:59.799+0800] GC(55) Concurrent Scan Root Regions
[2021-05-10T17:04:59.799+0800] GC(55) Concurrent Scan Root Regions 0.009ms
[2021-05-10T17:04:59.799+0800] GC(55) Concurrent Mark (0.878s)
[2021-05-10T17:04:59.799+0800] GC(55) Concurrent Mark From Roots
[2021-05-10T17:04:59.799+0800] GC(55) Using 3 workers of 3 for marking
[2021-05-10T17:04:59.802+0800] GC(55) Concurrent Mark From Roots 2.823ms
[2021-05-10T17:04:59.802+0800] GC(55) Concurrent Preclean
[2021-05-10T17:04:59.802+0800] GC(55) Concurrent Preclean 0.054ms
[2021-05-10T17:04:59.802+0800] GC(55) Concurrent Mark (0.878s, 0.881s) 2.947ms
[2021-05-10T17:04:59.802+0800] GC(55) Pause Remark
[2021-05-10T17:04:59.803+0800] GC(55) Cleaned string and symbol table, strings: 5932 processed, 0 removed, symbols: 50052 processed, 0 removed
[2021-05-10T17:04:59.803+0800] GC(55) Pause Remark 453M->453M(512M) 0.909ms
[2021-05-10T17:04:59.803+0800] GC(55) User=0.00s Sys=0.00s Real=0.00s
[2021-05-10T17:04:59.803+0800] GC(55) Concurrent Rebuild Remembered Sets
[2021-05-10T17:04:59.804+0800] GC(56) Pause Young (Normal) (G1 Evacuation Pause)
[2021-05-10T17:04:59.804+0800] GC(56) Using 10 workers of 10 for evacuation
[2021-05-10T17:04:59.806+0800] GC(56)   Pre Evacuate Collection Set: 0.1ms
[2021-05-10T17:04:59.806+0800] GC(56)   Evacuate Collection Set: 0.8ms
[2021-05-10T17:04:59.806+0800] GC(56)   Post Evacuate Collection Set: 0.3ms
[2021-05-10T17:04:59.806+0800] GC(56)   Other: 0.1ms
[2021-05-10T17:04:59.806+0800] GC(56) Eden regions: 25->0(21)
[2021-05-10T17:04:59.806+0800] GC(56) Survivor regions: 0->4(4)
[2021-05-10T17:04:59.806+0800] GC(56) Old regions: 259->266
[2021-05-10T17:04:59.806+0800] GC(56) Humongous regions: 176->160
[2021-05-10T17:04:59.806+0800] GC(56) Metaspace: 14995K->14995K(1062912K)
[2021-05-10T17:04:59.806+0800] GC(56) Pause Young (Normal) (G1 Evacuation Pause) 459M->429M(512M) 1.298ms
[2021-05-10T17:04:59.806+0800] GC(56) User=0.00s Sys=0.00s Real=0.00s
[2021-05-10T17:04:59.806+0800] GC(55) Concurrent Rebuild Remembered Sets 2.952ms
[2021-05-10T17:04:59.807+0800] GC(55) Pause Cleanup
[2021-05-10T17:04:59.807+0800] GC(55) Pause Cleanup 435M->435M(512M) 0.172ms
[2021-05-10T17:04:59.807+0800] GC(55) User=0.00s Sys=0.00s Real=0.00s
[2021-05-10T17:04:59.807+0800] GC(55) Concurrent Cleanup for Next Mark
[2021-05-10T17:04:59.807+0800] GC(55) Concurrent Cleanup for Next Mark 0.298ms
[2021-05-10T17:04:59.807+0800] GC(55) Concurrent Cycle 7.850ms
[2021-05-10T17:04:59.810+0800] GC(57) Pause Young (Prepare Mixed) (G1 Evacuation Pause)
[2021-05-10T17:04:59.810+0800] GC(57) Using 10 workers of 10 for evacuation
[2021-05-10T17:04:59.811+0800] GC(57)   Pre Evacuate Collection Set: 0.1ms
[2021-05-10T17:04:59.811+0800] GC(57)   Evacuate Collection Set: 0.9ms
[2021-05-10T17:04:59.811+0800] GC(57)   Post Evacuate Collection Set: 0.3ms
[2021-05-10T17:04:59.811+0800] GC(57)   Other: 0.1ms
[2021-05-10T17:04:59.811+0800] GC(57) Eden regions: 21->0(21)
[2021-05-10T17:04:59.811+0800] GC(57) Survivor regions: 4->4(4)
[2021-05-10T17:04:59.811+0800] GC(57) Old regions: 266->274
[2021-05-10T17:04:59.811+0800] GC(57) Humongous regions: 172->159
[2021-05-10T17:04:59.811+0800] GC(57) Metaspace: 14995K->14995K(1062912K)
[2021-05-10T17:04:59.811+0800] GC(57) Pause Young (Prepare Mixed) (G1 Evacuation Pause) 462M->436M(512M) 1.489ms
[2021-05-10T17:04:59.811+0800] GC(57) User=0.00s Sys=0.00s Real=0.00s
[2021-05-10T17:04:59.814+0800] GC(58) Pause Young (Mixed) (G1 Evacuation Pause)
[2021-05-10T17:04:59.814+0800] GC(58) Using 10 workers of 10 for evacuation
[2021-05-10T17:04:59.818+0800] GC(58)   Pre Evacuate Collection Set: 0.1ms
[2021-05-10T17:04:59.818+0800] GC(58)   Evacuate Collection Set: 3.0ms
[2021-05-10T17:04:59.818+0800] GC(58)   Post Evacuate Collection Set: 0.3ms
[2021-05-10T17:04:59.818+0800] GC(58)   Other: 0.1ms
[2021-05-10T17:04:59.818+0800] GC(58) Eden regions: 21->0(21)
[2021-05-10T17:04:59.818+0800] GC(58) Survivor regions: 4->4(4)
[2021-05-10T17:04:59.818+0800] GC(58) Old regions: 274->260
[2021-05-10T17:04:59.818+0800] GC(58) Humongous regions: 165->157
[2021-05-10T17:04:59.818+0800] GC(58) Metaspace: 14995K->14995K(1062912K)
[2021-05-10T17:04:59.818+0800] GC(58) Pause Young (Mixed) (G1 Evacuation Pause) 463M->420M(512M) 3.627ms
[2021-05-10T17:04:59.818+0800] GC(58) User=0.00s Sys=0.00s Real=0.00s
[2021-05-10T17:04:59.821+0800] GC(59) Pause Young (Mixed) (G1 Evacuation Pause)
[2021-05-10T17:04:59.821+0800] GC(59) Using 10 workers of 10 for evacuation
[2021-05-10T17:04:59.823+0800] GC(59)   Pre Evacuate Collection Set: 0.1ms
[2021-05-10T17:04:59.823+0800] GC(59)   Evacuate Collection Set: 1.3ms
[2021-05-10T17:04:59.823+0800] GC(59)   Post Evacuate Collection Set: 0.3ms
[2021-05-10T17:04:59.823+0800] GC(59)   Other: 0.2ms
[2021-05-10T17:04:59.823+0800] GC(59) Eden regions: 21->0(21)
[2021-05-10T17:04:59.823+0800] GC(59) Survivor regions: 4->4(4)
[2021-05-10T17:04:59.823+0800] GC(59) Old regions: 260->269
[2021-05-10T17:04:59.823+0800] GC(59) Humongous regions: 164->150
[2021-05-10T17:04:59.823+0800] GC(59) Metaspace: 14995K->14995K(1062912K)
[2021-05-10T17:04:59.823+0800] GC(59) Pause Young (Mixed) (G1 Evacuation Pause) 448M->422M(512M) 1.939ms
[2021-05-10T17:04:59.823+0800] GC(59) User=0.16s Sys=0.00s Real=0.00s
[2021-05-10T17:04:59.823+0800] GC(60) Pause Young (Concurrent Start) (G1 Humongous Allocation)
[2021-05-10T17:04:59.823+0800] GC(60) Using 10 workers of 10 for evacuation
[2021-05-10T17:04:59.824+0800] GC(60)   Pre Evacuate Collection Set: 0.1ms
[2021-05-10T17:04:59.824+0800] GC(60)   Evacuate Collection Set: 0.5ms
[2021-05-10T17:04:59.824+0800] GC(60)   Post Evacuate Collection Set: 0.2ms
[2021-05-10T17:04:59.824+0800] GC(60)   Other: 0.1ms
[2021-05-10T17:04:59.824+0800] GC(60) Eden regions: 1->0(24)
[2021-05-10T17:04:59.824+0800] GC(60) Survivor regions: 4->1(4)
[2021-05-10T17:04:59.824+0800] GC(60) Old regions: 269->273
[2021-05-10T17:04:59.824+0800] GC(60) Humongous regions: 150->150
[2021-05-10T17:04:59.824+0800] GC(60) Metaspace: 14995K->14995K(1062912K)
[2021-05-10T17:04:59.824+0800] GC(60) Pause Young (Concurrent Start) (G1 Humongous Allocation) 422M->423M(512M) 1.001ms
[2021-05-10T17:04:59.824+0800] GC(60) User=0.00s Sys=0.00s Real=0.00s
[2021-05-10T17:04:59.825+0800] GC(61) Concurrent Cycle
[2021-05-10T17:04:59.825+0800] GC(61) Concurrent Clear Claimed Marks
[2021-05-10T17:04:59.825+0800] GC(61) Concurrent Clear Claimed Marks 0.016ms
[2021-05-10T17:04:59.825+0800] GC(61) Concurrent Scan Root Regions
[2021-05-10T17:04:59.825+0800] GC(61) Concurrent Scan Root Regions 0.077ms
[2021-05-10T17:04:59.825+0800] GC(61) Concurrent Mark (0.904s)
[2021-05-10T17:04:59.825+0800] GC(61) Concurrent Mark From Roots
[2021-05-10T17:04:59.825+0800] GC(61) Using 3 workers of 3 for marking
[2021-05-10T17:04:59.827+0800] GC(61) Concurrent Mark From Roots 2.796ms
[2021-05-10T17:04:59.828+0800] GC(61) Concurrent Preclean
[2021-05-10T17:04:59.828+0800] GC(61) Concurrent Preclean 0.055ms
[2021-05-10T17:04:59.828+0800] GC(61) Concurrent Mark (0.904s, 0.907s) 2.932ms
[2021-05-10T17:04:59.828+0800] GC(61) Pause Remark
[2021-05-10T17:04:59.828+0800] GC(61) Cleaned string and symbol table, strings: 5932 processed, 0 removed, symbols: 50052 processed, 0 removed
[2021-05-10T17:04:59.829+0800] GC(61) Pause Remark 461M->461M(512M) 0.909ms
[2021-05-10T17:04:59.829+0800] GC(61) User=0.00s Sys=0.00s Real=0.00s
[2021-05-10T17:04:59.829+0800] GC(61) Concurrent Rebuild Remembered Sets
[2021-05-10T17:04:59.830+0800] GC(62) Pause Young (Normal) (G1 Evacuation Pause)
[2021-05-10T17:04:59.830+0800] GC(62) Using 10 workers of 10 for evacuation
[2021-05-10T17:04:59.831+0800] GC(62)   Pre Evacuate Collection Set: 0.1ms
[2021-05-10T17:04:59.831+0800] GC(62)   Evacuate Collection Set: 0.7ms
[2021-05-10T17:04:59.831+0800] GC(62)   Post Evacuate Collection Set: 0.3ms
[2021-05-10T17:04:59.831+0800] GC(62)   Other: 0.1ms
[2021-05-10T17:04:59.831+0800] GC(62) Eden regions: 24->0(21)
[2021-05-10T17:04:59.831+0800] GC(62) Survivor regions: 1->4(4)
[2021-05-10T17:04:59.831+0800] GC(62) Old regions: 273->280
[2021-05-10T17:04:59.831+0800] GC(62) Humongous regions: 170->155
[2021-05-10T17:04:59.831+0800] GC(62) Metaspace: 14995K->14995K(1062912K)
[2021-05-10T17:04:59.831+0800] GC(62) Pause Young (Normal) (G1 Evacuation Pause) 467M->438M(512M) 1.231ms
[2021-05-10T17:04:59.831+0800] GC(62) User=0.00s Sys=0.00s Real=0.00s
[2021-05-10T17:04:59.832+0800] GC(61) Concurrent Rebuild Remembered Sets 2.898ms
[2021-05-10T17:04:59.832+0800] GC(61) Pause Cleanup
[2021-05-10T17:04:59.832+0800] GC(61) Pause Cleanup 450M->450M(512M) 0.168ms
[2021-05-10T17:04:59.832+0800] GC(61) User=0.00s Sys=0.00s Real=0.00s
[2021-05-10T17:04:59.832+0800] GC(61) Concurrent Cleanup for Next Mark
[2021-05-10T17:04:59.833+0800] GC(61) Concurrent Cleanup for Next Mark 0.325ms
[2021-05-10T17:04:59.833+0800] GC(61) Concurrent Cycle 8.006ms
[2021-05-10T17:04:59.835+0800] GC(63) Pause Young (Prepare Mixed) (G1 Evacuation Pause)
[2021-05-10T17:04:59.835+0800] GC(63) Using 10 workers of 10 for evacuation
[2021-05-10T17:04:59.836+0800] GC(63)   Pre Evacuate Collection Set: 0.1ms
[2021-05-10T17:04:59.836+0800] GC(63)   Evacuate Collection Set: 0.9ms
[2021-05-10T17:04:59.836+0800] GC(63)   Post Evacuate Collection Set: 0.3ms
[2021-05-10T17:04:59.836+0800] GC(63)   Other: 0.1ms
[2021-05-10T17:04:59.836+0800] GC(63) Eden regions: 21->0(21)
[2021-05-10T17:04:59.836+0800] GC(63) Survivor regions: 4->4(4)
[2021-05-10T17:04:59.836+0800] GC(63) Old regions: 280->287
[2021-05-10T17:04:59.836+0800] GC(63) Humongous regions: 166->154
[2021-05-10T17:04:59.836+0800] GC(63) Metaspace: 14995K->14995K(1062912K)
[2021-05-10T17:04:59.836+0800] GC(63) Pause Young (Prepare Mixed) (G1 Evacuation Pause) 470M->444M(512M) 1.446ms
[2021-05-10T17:04:59.836+0800] GC(63) User=0.00s Sys=0.00s Real=0.00s
[2021-05-10T17:04:59.840+0800] GC(64) Pause Young (Mixed) (G1 Evacuation Pause)
[2021-05-10T17:04:59.840+0800] GC(64) Using 10 workers of 10 for evacuation
[2021-05-10T17:04:59.843+0800] GC(64) To-space exhausted
[2021-05-10T17:04:59.843+0800] GC(64)   Pre Evacuate Collection Set: 0.1ms
[2021-05-10T17:04:59.843+0800] GC(64)   Evacuate Collection Set: 2.6ms
[2021-05-10T17:04:59.843+0800] GC(64)   Post Evacuate Collection Set: 0.5ms
[2021-05-10T17:04:59.843+0800] GC(64)   Other: 0.2ms
[2021-05-10T17:04:59.843+0800] GC(64) Eden regions: 21->0(21)
[2021-05-10T17:04:59.843+0800] GC(64) Survivor regions: 4->4(4)
[2021-05-10T17:04:59.843+0800] GC(64) Old regions: 287->291
[2021-05-10T17:04:59.843+0800] GC(64) Humongous regions: 164->153
[2021-05-10T17:04:59.843+0800] GC(64) Metaspace: 14995K->14995K(1062912K)
[2021-05-10T17:04:59.843+0800] GC(64) Pause Young (Mixed) (G1 Evacuation Pause) 475M->448M(512M) 3.415ms
[2021-05-10T17:04:59.843+0800] GC(64) User=0.00s Sys=0.00s Real=0.00s
[2021-05-10T17:04:59.846+0800] GC(65) Pause Young (Mixed) (G1 Evacuation Pause)
[2021-05-10T17:04:59.847+0800] GC(65) Using 10 workers of 10 for evacuation
[2021-05-10T17:04:59.849+0800] GC(65)   Pre Evacuate Collection Set: 0.1ms
[2021-05-10T17:04:59.849+0800] GC(65)   Evacuate Collection Set: 2.2ms
[2021-05-10T17:04:59.849+0800] GC(65)   Post Evacuate Collection Set: 0.3ms
[2021-05-10T17:04:59.849+0800] GC(65)   Other: 0.2ms
[2021-05-10T17:04:59.849+0800] GC(65) Eden regions: 21->0(21)
[2021-05-10T17:04:59.849+0800] GC(65) Survivor regions: 4->4(4)
[2021-05-10T17:04:59.849+0800] GC(65) Old regions: 291->293
[2021-05-10T17:04:59.849+0800] GC(65) Humongous regions: 165->156
[2021-05-10T17:04:59.849+0800] GC(65) Metaspace: 14995K->14995K(1062912K)
[2021-05-10T17:04:59.849+0800] GC(65) Pause Young (Mixed) (G1 Evacuation Pause) 480M->452M(512M) 2.902ms
[2021-05-10T17:04:59.849+0800] GC(65) User=0.00s Sys=0.00s Real=0.00s
[2021-05-10T17:04:59.850+0800] GC(66) Pause Young (Concurrent Start) (G1 Humongous Allocation)
[2021-05-10T17:04:59.850+0800] GC(66) Using 10 workers of 10 for evacuation
[2021-05-10T17:04:59.851+0800] GC(66)   Pre Evacuate Collection Set: 0.1ms
[2021-05-10T17:04:59.851+0800] GC(66)   Evacuate Collection Set: 0.5ms
[2021-05-10T17:04:59.851+0800] GC(66)   Post Evacuate Collection Set: 0.2ms
[2021-05-10T17:04:59.851+0800] GC(66)   Other: 0.1ms
[2021-05-10T17:04:59.851+0800] GC(66) Eden regions: 3->0(23)
[2021-05-10T17:04:59.851+0800] GC(66) Survivor regions: 4->2(4)
[2021-05-10T17:04:59.851+0800] GC(66) Old regions: 293->297
[2021-05-10T17:04:59.851+0800] GC(66) Humongous regions: 156->155
[2021-05-10T17:04:59.851+0800] GC(66) Metaspace: 14995K->14995K(1062912K)
[2021-05-10T17:04:59.851+0800] GC(66) Pause Young (Concurrent Start) (G1 Humongous Allocation) 455M->453M(512M) 1.068ms
[2021-05-10T17:04:59.851+0800] GC(66) User=0.00s Sys=0.00s Real=0.00s
[2021-05-10T17:04:59.851+0800] GC(67) Concurrent Cycle
[2021-05-10T17:04:59.851+0800] GC(67) Concurrent Clear Claimed Marks
[2021-05-10T17:04:59.851+0800] GC(67) Concurrent Clear Claimed Marks 0.015ms
[2021-05-10T17:04:59.851+0800] GC(67) Concurrent Scan Root Regions
[2021-05-10T17:04:59.851+0800] GC(67) Concurrent Scan Root Regions 0.111ms
[2021-05-10T17:04:59.851+0800] GC(67) Concurrent Mark (0.930s)
[2021-05-10T17:04:59.851+0800] GC(67) Concurrent Mark From Roots
[2021-05-10T17:04:59.851+0800] GC(67) Using 3 workers of 3 for marking
[2021-05-10T17:04:59.854+0800] GC(67) Concurrent Mark From Roots 2.826ms
[2021-05-10T17:04:59.854+0800] GC(67) Concurrent Preclean
[2021-05-10T17:04:59.854+0800] GC(67) Concurrent Preclean 0.058ms
[2021-05-10T17:04:59.854+0800] GC(67) Concurrent Mark (0.930s, 0.933s) 2.966ms
[2021-05-10T17:04:59.854+0800] GC(67) Pause Remark
[2021-05-10T17:04:59.855+0800] GC(67) Cleaned string and symbol table, strings: 5932 processed, 0 removed, symbols: 50052 processed, 0 removed
[2021-05-10T17:04:59.855+0800] GC(67) Pause Remark 489M->487M(512M) 0.896ms
[2021-05-10T17:04:59.855+0800] GC(67) User=0.16s Sys=0.00s Real=0.00s
[2021-05-10T17:04:59.855+0800] GC(67) Concurrent Rebuild Remembered Sets
[2021-05-10T17:04:59.856+0800] GC(68) Pause Young (Normal) (G1 Evacuation Pause)
[2021-05-10T17:04:59.856+0800] GC(68) Using 10 workers of 10 for evacuation
[2021-05-10T17:04:59.857+0800] GC(68)   Pre Evacuate Collection Set: 0.1ms
[2021-05-10T17:04:59.857+0800] GC(68)   Evacuate Collection Set: 0.6ms
[2021-05-10T17:04:59.857+0800] GC(68)   Post Evacuate Collection Set: 0.3ms
[2021-05-10T17:04:59.857+0800] GC(68)   Other: 0.1ms
[2021-05-10T17:04:59.857+0800] GC(68) Eden regions: 23->0(21)
[2021-05-10T17:04:59.857+0800] GC(68) Survivor regions: 2->4(4)
[2021-05-10T17:04:59.857+0800] GC(68) Old regions: 295->301
[2021-05-10T17:04:59.857+0800] GC(68) Humongous regions: 175->157
[2021-05-10T17:04:59.857+0800] GC(68) Metaspace: 14995K->14995K(1062912K)
[2021-05-10T17:04:59.857+0800] GC(68) Pause Young (Normal) (G1 Evacuation Pause) 494M->461M(512M) 1.213ms
[2021-05-10T17:04:59.857+0800] GC(68) User=0.00s Sys=0.00s Real=0.00s
[2021-05-10T17:04:59.858+0800] GC(67) Concurrent Rebuild Remembered Sets 2.950ms
[2021-05-10T17:04:59.858+0800] GC(67) Pause Cleanup
[2021-05-10T17:04:59.858+0800] GC(67) Pause Cleanup 468M->468M(512M) 0.187ms
[2021-05-10T17:04:59.859+0800] GC(67) User=0.00s Sys=0.00s Real=0.00s
[2021-05-10T17:04:59.859+0800] GC(67) Concurrent Cleanup for Next Mark
[2021-05-10T17:04:59.859+0800] GC(67) Concurrent Cleanup for Next Mark 0.397ms
[2021-05-10T17:04:59.859+0800] GC(67) Concurrent Cycle 8.146ms
[2021-05-10T17:04:59.862+0800] GC(69) Pause Young (Prepare Mixed) (G1 Evacuation Pause)
[2021-05-10T17:04:59.862+0800] GC(69) Using 10 workers of 10 for evacuation
[2021-05-10T17:04:59.863+0800] GC(69) To-space exhausted
[2021-05-10T17:04:59.863+0800] GC(69)   Pre Evacuate Collection Set: 0.1ms
[2021-05-10T17:04:59.863+0800] GC(69)   Evacuate Collection Set: 0.8ms
[2021-05-10T17:04:59.863+0800] GC(69)   Post Evacuate Collection Set: 0.5ms
[2021-05-10T17:04:59.863+0800] GC(69)   Other: 0.1ms
[2021-05-10T17:04:59.863+0800] GC(69) Eden regions: 21->0(21)
[2021-05-10T17:04:59.863+0800] GC(69) Survivor regions: 4->4(4)
[2021-05-10T17:04:59.863+0800] GC(69) Old regions: 301->317
[2021-05-10T17:04:59.863+0800] GC(69) Humongous regions: 177->159
[2021-05-10T17:04:59.863+0800] GC(69) Metaspace: 14995K->14995K(1062912K)
[2021-05-10T17:04:59.863+0800] GC(69) Pause Young (Prepare Mixed) (G1 Evacuation Pause) 502M->480M(512M) 1.528ms
[2021-05-10T17:04:59.863+0800] GC(69) User=0.00s Sys=0.00s Real=0.00s
[2021-05-10T17:04:59.866+0800] GC(70) Pause Young (Mixed) (G1 Evacuation Pause)
[2021-05-10T17:04:59.866+0800] GC(70) Using 10 workers of 10 for evacuation
[2021-05-10T17:04:59.867+0800] GC(70) To-space exhausted
[2021-05-10T17:04:59.867+0800] GC(70)   Pre Evacuate Collection Set: 0.1ms
[2021-05-10T17:04:59.867+0800] GC(70)   Evacuate Collection Set: 0.4ms
[2021-05-10T17:04:59.867+0800] GC(70)   Post Evacuate Collection Set: 0.5ms
[2021-05-10T17:04:59.867+0800] GC(70)   Other: 0.1ms
[2021-05-10T17:04:59.867+0800] GC(70) Eden regions: 21->0(24)
[2021-05-10T17:04:59.867+0800] GC(70) Survivor regions: 4->1(4)
[2021-05-10T17:04:59.867+0800] GC(70) Old regions: 317->340
[2021-05-10T17:04:59.867+0800] GC(70) Humongous regions: 167->157
[2021-05-10T17:04:59.867+0800] GC(70) Metaspace: 14995K->14995K(1062912K)
[2021-05-10T17:04:59.867+0800] GC(70) Pause Young (Mixed) (G1 Evacuation Pause) 508M->498M(512M) 1.213ms
[2021-05-10T17:04:59.867+0800] GC(70) User=0.00s Sys=0.00s Real=0.00s
[2021-05-10T17:04:59.869+0800] GC(71) Pause Young (Mixed) (G1 Humongous Allocation)
[2021-05-10T17:04:59.869+0800] GC(71) Using 10 workers of 10 for evacuation
[2021-05-10T17:04:59.870+0800] GC(71) To-space exhausted
[2021-05-10T17:04:59.870+0800] GC(71)   Pre Evacuate Collection Set: 0.1ms
[2021-05-10T17:04:59.870+0800] GC(71)   Evacuate Collection Set: 0.1ms
[2021-05-10T17:04:59.870+0800] GC(71)   Post Evacuate Collection Set: 0.5ms
[2021-05-10T17:04:59.870+0800] GC(71)   Other: 0.1ms
[2021-05-10T17:04:59.870+0800] GC(71) Eden regions: 12->0(25)
[2021-05-10T17:04:59.870+0800] GC(71) Survivor regions: 1->0(4)
[2021-05-10T17:04:59.870+0800] GC(71) Old regions: 340->353
[2021-05-10T17:04:59.870+0800] GC(71) Humongous regions: 159->153
[2021-05-10T17:04:59.870+0800] GC(71) Metaspace: 14995K->14995K(1062912K)
[2021-05-10T17:04:59.870+0800] GC(71) Pause Young (Mixed) (G1 Humongous Allocation) 511M->505M(512M) 0.961ms
[2021-05-10T17:04:59.870+0800] GC(71) User=0.00s Sys=0.00s Real=0.00s
[2021-05-10T17:04:59.870+0800] GC(72) Pause Young (Concurrent Start) (G1 Humongous Allocation)
[2021-05-10T17:04:59.870+0800] GC(72) Using 10 workers of 10 for evacuation
[2021-05-10T17:04:59.871+0800] GC(72)   Pre Evacuate Collection Set: 0.1ms
[2021-05-10T17:04:59.871+0800] GC(72)   Evacuate Collection Set: 0.3ms
[2021-05-10T17:04:59.871+0800] GC(72)   Post Evacuate Collection Set: 0.2ms
[2021-05-10T17:04:59.871+0800] GC(72)   Other: 0.1ms
[2021-05-10T17:04:59.871+0800] GC(72) Eden regions: 1->0(24)
[2021-05-10T17:04:59.871+0800] GC(72) Survivor regions: 0->1(4)
[2021-05-10T17:04:59.871+0800] GC(72) Old regions: 353->353
[2021-05-10T17:04:59.871+0800] GC(72) Humongous regions: 154->153
[2021-05-10T17:04:59.871+0800] GC(72) Metaspace: 14995K->14995K(1062912K)
[2021-05-10T17:04:59.871+0800] GC(72) Pause Young (Concurrent Start) (G1 Humongous Allocation) 507M->505M(512M) 0.699ms
[2021-05-10T17:04:59.871+0800] GC(72) User=0.00s Sys=0.00s Real=0.00s
[2021-05-10T17:04:59.871+0800] GC(73) Concurrent Cycle
[2021-05-10T17:04:59.871+0800] GC(73) Concurrent Clear Claimed Marks
[2021-05-10T17:04:59.871+0800] GC(73) Concurrent Clear Claimed Marks 0.012ms
[2021-05-10T17:04:59.871+0800] GC(73) Concurrent Scan Root Regions
[2021-05-10T17:04:59.871+0800] GC(73) Concurrent Scan Root Regions 0.076ms
[2021-05-10T17:04:59.871+0800] GC(73) Concurrent Mark (0.949s)
[2021-05-10T17:04:59.871+0800] GC(73) Concurrent Mark From Roots
[2021-05-10T17:04:59.871+0800] GC(73) Using 3 workers of 3 for marking
[2021-05-10T17:04:59.872+0800] GC(74) Pause Young (Normal) (G1 Evacuation Pause)
[2021-05-10T17:04:59.872+0800] GC(74) Using 10 workers of 10 for evacuation
[2021-05-10T17:04:59.872+0800] GC(74) To-space exhausted
[2021-05-10T17:04:59.872+0800] GC(74)   Pre Evacuate Collection Set: 0.0ms
[2021-05-10T17:04:59.872+0800] GC(74)   Evacuate Collection Set: 0.1ms
[2021-05-10T17:04:59.872+0800] GC(74)   Post Evacuate Collection Set: 0.4ms
[2021-05-10T17:04:59.872+0800] GC(74)   Other: 0.1ms
[2021-05-10T17:04:59.872+0800] GC(74) Eden regions: 3->0(25)
[2021-05-10T17:04:59.872+0800] GC(74) Survivor regions: 1->0(4)
[2021-05-10T17:04:59.872+0800] GC(74) Old regions: 353->357
[2021-05-10T17:04:59.872+0800] GC(74) Humongous regions: 155->152
[2021-05-10T17:04:59.872+0800] GC(74) Metaspace: 14995K->14995K(1062912K)
[2021-05-10T17:04:59.872+0800] GC(74) Pause Young (Normal) (G1 Evacuation Pause) 510M->507M(512M) 0.675ms
[2021-05-10T17:04:59.872+0800] GC(74) User=0.00s Sys=0.00s Real=0.00s
[2021-05-10T17:04:59.873+0800] GC(75) Pause Young (Normal) (G1 Evacuation Pause)
[2021-05-10T17:04:59.873+0800] GC(75) Using 10 workers of 10 for evacuation
[2021-05-10T17:04:59.873+0800] GC(75) To-space exhausted
[2021-05-10T17:04:59.873+0800] GC(75)   Pre Evacuate Collection Set: 0.0ms
[2021-05-10T17:04:59.873+0800] GC(75)   Evacuate Collection Set: 0.1ms
[2021-05-10T17:04:59.873+0800] GC(75)   Post Evacuate Collection Set: 0.2ms
[2021-05-10T17:04:59.873+0800] GC(75)   Other: 0.1ms
[2021-05-10T17:04:59.873+0800] GC(75) Eden regions: 2->0(25)
[2021-05-10T17:04:59.873+0800] GC(75) Survivor regions: 0->0(4)
[2021-05-10T17:04:59.873+0800] GC(75) Old regions: 357->359
[2021-05-10T17:04:59.873+0800] GC(75) Humongous regions: 153->150
[2021-05-10T17:04:59.873+0800] GC(75) Metaspace: 14995K->14995K(1062912K)
[2021-05-10T17:04:59.873+0800] GC(75) Pause Young (Normal) (G1 Evacuation Pause) 510M->507M(512M) 0.503ms
[2021-05-10T17:04:59.873+0800] GC(75) User=0.00s Sys=0.00s Real=0.00s
[2021-05-10T17:04:59.874+0800] GC(76) Pause Young (Normal) (G1 Evacuation Pause)
[2021-05-10T17:04:59.874+0800] GC(76) Using 10 workers of 10 for evacuation
[2021-05-10T17:04:59.874+0800] GC(76) To-space exhausted
[2021-05-10T17:04:59.874+0800] GC(76)   Pre Evacuate Collection Set: 0.0ms
[2021-05-10T17:04:59.874+0800] GC(76)   Evacuate Collection Set: 0.1ms
[2021-05-10T17:04:59.874+0800] GC(76)   Post Evacuate Collection Set: 0.2ms
[2021-05-10T17:04:59.874+0800] GC(76)   Other: 0.1ms
[2021-05-10T17:04:59.874+0800] GC(76) Eden regions: 2->0(25)
[2021-05-10T17:04:59.874+0800] GC(76) Survivor regions: 0->0(4)
[2021-05-10T17:04:59.874+0800] GC(76) Old regions: 359->361
[2021-05-10T17:04:59.874+0800] GC(76) Humongous regions: 151->151
[2021-05-10T17:04:59.874+0800] GC(76) Metaspace: 14995K->14995K(1062912K)
[2021-05-10T17:04:59.874+0800] GC(76) Pause Young (Normal) (G1 Evacuation Pause) 510M->510M(512M) 0.415ms
[2021-05-10T17:04:59.874+0800] GC(76) User=0.00s Sys=0.00s Real=0.00s
[2021-05-10T17:04:59.874+0800] GC(77) Using 10 workers of 10 for full compaction
[2021-05-10T17:04:59.874+0800] GC(77) Pause Full (G1 Evacuation Pause)
[2021-05-10T17:04:59.875+0800] GC(77) Phase 1: Mark live objects
[2021-05-10T17:04:59.876+0800] GC(77) Cleaned string and symbol table, strings: 5932 processed, 0 removed, symbols: 50052 processed, 0 removed
[2021-05-10T17:04:59.876+0800] GC(77) Phase 1: Mark live objects 1.419ms
[2021-05-10T17:04:59.876+0800] GC(77) Phase 2: Prepare for compaction
[2021-05-10T17:04:59.877+0800] GC(77) Phase 2: Prepare for compaction 0.433ms
[2021-05-10T17:04:59.877+0800] GC(77) Phase 3: Adjust pointers
[2021-05-10T17:04:59.878+0800] GC(77) Phase 3: Adjust pointers 1.088ms
[2021-05-10T17:04:59.878+0800] GC(77) Phase 4: Compact heap
[2021-05-10T17:04:59.894+0800] GC(77) Phase 4: Compact heap 16.456ms
[2021-05-10T17:04:59.895+0800] GC(77) Eden regions: 0->0(32)
[2021-05-10T17:04:59.895+0800] GC(77) Survivor regions: 0->0(4)
[2021-05-10T17:04:59.895+0800] GC(77) Old regions: 361->249
[2021-05-10T17:04:59.895+0800] GC(77) Humongous regions: 151->151
[2021-05-10T17:04:59.895+0800] GC(77) Metaspace: 14995K->14995K(1062912K)
[2021-05-10T17:04:59.895+0800] GC(77) Pause Full (G1 Evacuation Pause) 510M->367M(512M) 20.842ms
[2021-05-10T17:04:59.895+0800] GC(77) User=0.11s Sys=0.00s Real=0.02s
[2021-05-10T17:04:59.896+0800] GC(73) Concurrent Mark From Roots 24.641ms
[2021-05-10T17:04:59.896+0800] GC(73) Concurrent Mark Abort
[2021-05-10T17:04:59.896+0800] GC(73) Concurrent Cycle 24.828ms
[2021-05-10T17:04:59.896+0800] GC(78) Pause Young (Concurrent Start) (G1 Humongous Allocation)
[2021-05-10T17:04:59.896+0800] GC(78) Using 10 workers of 10 for evacuation
[2021-05-10T17:04:59.896+0800] GC(78)   Pre Evacuate Collection Set: 0.0ms
[2021-05-10T17:04:59.896+0800] GC(78)   Evacuate Collection Set: 0.2ms
[2021-05-10T17:04:59.896+0800] GC(78)   Post Evacuate Collection Set: 0.2ms
[2021-05-10T17:04:59.897+0800] GC(78)   Other: 0.1ms
[2021-05-10T17:04:59.897+0800] GC(78) Eden regions: 2->0(34)
[2021-05-10T17:04:59.897+0800] GC(78) Survivor regions: 0->1(4)
[2021-05-10T17:04:59.897+0800] GC(78) Old regions: 249->249
[2021-05-10T17:04:59.897+0800] GC(78) Humongous regions: 151->151
[2021-05-10T17:04:59.897+0800] GC(78) Metaspace: 14995K->14995K(1062912K)
[2021-05-10T17:04:59.897+0800] GC(78) Pause Young (Concurrent Start) (G1 Humongous Allocation) 368M->367M(512M) 0.670ms
[2021-05-10T17:04:59.897+0800] GC(78) User=0.00s Sys=0.00s Real=0.00s
[2021-05-10T17:04:59.897+0800] GC(79) Concurrent Cycle
[2021-05-10T17:04:59.897+0800] GC(79) Concurrent Clear Claimed Marks
[2021-05-10T17:04:59.897+0800] GC(79) Concurrent Clear Claimed Marks 0.018ms
[2021-05-10T17:04:59.897+0800] GC(79) Concurrent Scan Root Regions
[2021-05-10T17:04:59.897+0800] GC(79) Concurrent Scan Root Regions 0.093ms
[2021-05-10T17:04:59.897+0800] GC(79) Concurrent Mark (0.975s)
[2021-05-10T17:04:59.897+0800] GC(79) Concurrent Mark From Roots
[2021-05-10T17:04:59.897+0800] GC(79) Using 3 workers of 3 for marking
[2021-05-10T17:04:59.900+0800] GC(79) Concurrent Mark From Roots 2.898ms
[2021-05-10T17:04:59.900+0800] GC(79) Concurrent Preclean
[2021-05-10T17:04:59.900+0800] GC(79) Concurrent Preclean 0.063ms
[2021-05-10T17:04:59.900+0800] GC(79) Concurrent Mark (0.975s, 0.978s) 3.038ms
[2021-05-10T17:04:59.900+0800] GC(79) Pause Remark
[2021-05-10T17:04:59.901+0800] GC(79) Cleaned string and symbol table, strings: 5932 processed, 0 removed, symbols: 50052 processed, 0 removed
[2021-05-10T17:04:59.901+0800] GC(79) Pause Remark 396M->396M(512M) 0.878ms
[2021-05-10T17:04:59.901+0800] GC(79) User=0.00s Sys=0.00s Real=0.00s
[2021-05-10T17:04:59.901+0800] GC(79) Concurrent Rebuild Remembered Sets
[2021-05-10T17:04:59.902+0800] GC(79) Concurrent Rebuild Remembered Sets 1.429ms
[2021-05-10T17:04:59.903+0800] GC(79) Pause Cleanup
[2021-05-10T17:04:59.903+0800] GC(79) Pause Cleanup 410M->410M(512M) 0.174ms
[2021-05-10T17:04:59.903+0800] GC(79) User=0.00s Sys=0.00s Real=0.00s
[2021-05-10T17:04:59.903+0800] GC(79) Concurrent Cleanup for Next Mark
[2021-05-10T17:04:59.903+0800] GC(79) Concurrent Cleanup for Next Mark 0.359ms
[2021-05-10T17:04:59.903+0800] GC(79) Concurrent Cycle 6.469ms
[2021-05-10T17:04:59.904+0800] GC(80) Pause Young (Concurrent Start) (G1 Humongous Allocation)
[2021-05-10T17:04:59.904+0800] GC(80) Using 10 workers of 10 for evacuation
[2021-05-10T17:04:59.905+0800] GC(80)   Pre Evacuate Collection Set: 0.1ms
[2021-05-10T17:04:59.905+0800] GC(80)   Evacuate Collection Set: 0.9ms
[2021-05-10T17:04:59.905+0800] GC(80)   Post Evacuate Collection Set: 0.2ms
[2021-05-10T17:04:59.905+0800] GC(80)   Other: 0.1ms
[2021-05-10T17:04:59.905+0800] GC(80) Eden regions: 27->0(26)
[2021-05-10T17:04:59.905+0800] GC(80) Survivor regions: 1->5(5)
[2021-05-10T17:04:59.905+0800] GC(80) Old regions: 249->255
[2021-05-10T17:04:59.905+0800] GC(80) Humongous regions: 172->155
[2021-05-10T17:04:59.905+0800] GC(80) Metaspace: 14995K->14995K(1062912K)
[2021-05-10T17:04:59.905+0800] GC(80) Pause Young (Concurrent Start) (G1 Humongous Allocation) 414M->381M(512M) 1.375ms
[2021-05-10T17:04:59.905+0800] GC(80) User=0.00s Sys=0.00s Real=0.00s
[2021-05-10T17:04:59.905+0800] GC(81) Concurrent Cycle
[2021-05-10T17:04:59.905+0800] GC(81) Concurrent Clear Claimed Marks
[2021-05-10T17:04:59.905+0800] GC(81) Concurrent Clear Claimed Marks 0.019ms
[2021-05-10T17:04:59.905+0800] GC(81) Concurrent Scan Root Regions
[2021-05-10T17:04:59.905+0800] GC(81) Concurrent Scan Root Regions 0.098ms
[2021-05-10T17:04:59.905+0800] GC(81) Concurrent Mark (0.984s)
[2021-05-10T17:04:59.905+0800] GC(81) Concurrent Mark From Roots
[2021-05-10T17:04:59.905+0800] GC(81) Using 3 workers of 3 for marking
[2021-05-10T17:04:59.908+0800] GC(81) Concurrent Mark From Roots 2.768ms
[2021-05-10T17:04:59.908+0800] GC(81) Concurrent Preclean
[2021-05-10T17:04:59.908+0800] GC(81) Concurrent Preclean 0.067ms
[2021-05-10T17:04:59.908+0800] GC(81) Concurrent Mark (0.984s, 0.986s) 2.905ms
[2021-05-10T17:04:59.908+0800] GC(81) Pause Remark
[2021-05-10T17:04:59.909+0800] GC(81) Cleaned string and symbol table, strings: 5932 processed, 0 removed, symbols: 50052 processed, 0 removed
[2021-05-10T17:04:59.909+0800] GC(81) Pause Remark 407M->407M(512M) 0.965ms
[2021-05-10T17:04:59.909+0800] GC(81) User=0.00s Sys=0.00s Real=0.00s
[2021-05-10T17:04:59.909+0800] GC(81) Concurrent Rebuild Remembered Sets
[2021-05-10T17:04:59.911+0800] GC(81) Concurrent Rebuild Remembered Sets 1.494ms
[2021-05-10T17:04:59.911+0800] GC(81) Pause Cleanup
[2021-05-10T17:04:59.911+0800] GC(81) Pause Cleanup 419M->419M(512M) 0.152ms
[2021-05-10T17:04:59.911+0800] GC(81) User=0.00s Sys=0.00s Real=0.00s
[2021-05-10T17:04:59.911+0800] GC(81) Concurrent Cleanup for Next Mark
[2021-05-10T17:04:59.911+0800] GC(81) Concurrent Cleanup for Next Mark 0.329ms
[2021-05-10T17:04:59.912+0800] GC(81) Concurrent Cycle 6.553ms
[2021-05-10T17:04:59.912+0800] GC(82) Pause Young (Prepare Mixed) (G1 Evacuation Pause)
[2021-05-10T17:04:59.912+0800] GC(82) Using 10 workers of 10 for evacuation
[2021-05-10T17:04:59.914+0800] GC(82)   Pre Evacuate Collection Set: 0.1ms
[2021-05-10T17:04:59.914+0800] GC(82)   Evacuate Collection Set: 1.2ms
[2021-05-10T17:04:59.914+0800] GC(82)   Post Evacuate Collection Set: 0.2ms
[2021-05-10T17:04:59.914+0800] GC(82)   Other: 0.1ms
[2021-05-10T17:04:59.914+0800] GC(82) Eden regions: 26->0(21)
[2021-05-10T17:04:59.914+0800] GC(82) Survivor regions: 5->4(4)
[2021-05-10T17:04:59.914+0800] GC(82) Old regions: 255->267
[2021-05-10T17:04:59.914+0800] GC(82) Humongous regions: 172->159
[2021-05-10T17:04:59.914+0800] GC(82) Metaspace: 14995K->14995K(1062912K)
[2021-05-10T17:04:59.914+0800] GC(82) Pause Young (Prepare Mixed) (G1 Evacuation Pause) 424M->396M(512M) 1.707ms
[2021-05-10T17:04:59.914+0800] GC(82) User=0.00s Sys=0.00s Real=0.00s
[2021-05-10T17:04:59.918+0800] GC(83) Pause Young (Mixed) (G1 Evacuation Pause)
[2021-05-10T17:04:59.918+0800] GC(83) Using 10 workers of 10 for evacuation
[2021-05-10T17:04:59.920+0800] GC(83)   Pre Evacuate Collection Set: 0.1ms
[2021-05-10T17:04:59.920+0800] GC(83)   Evacuate Collection Set: 1.4ms
[2021-05-10T17:04:59.920+0800] GC(83)   Post Evacuate Collection Set: 0.3ms
[2021-05-10T17:04:59.920+0800] GC(83)   Other: 0.2ms
[2021-05-10T17:04:59.920+0800] GC(83) Eden regions: 21->0(21)
[2021-05-10T17:04:59.920+0800] GC(83) Survivor regions: 4->4(4)
[2021-05-10T17:04:59.920+0800] GC(83) Old regions: 267->266
[2021-05-10T17:04:59.920+0800] GC(83) Humongous regions: 176->164
[2021-05-10T17:04:59.920+0800] GC(83) Metaspace: 14995K->14995K(1062912K)
[2021-05-10T17:04:59.920+0800] GC(83) Pause Young (Mixed) (G1 Evacuation Pause) 434M->406M(512M) 2.109ms
[2021-05-10T17:04:59.920+0800] GC(83) User=0.00s Sys=0.00s Real=0.00s
[2021-05-10T17:04:59.921+0800] GC(84) Pause Young (Concurrent Start) (G1 Humongous Allocation)
[2021-05-10T17:04:59.921+0800] GC(84) Using 10 workers of 10 for evacuation
[2021-05-10T17:04:59.922+0800] GC(84)   Pre Evacuate Collection Set: 0.1ms
[2021-05-10T17:04:59.922+0800] GC(84)   Evacuate Collection Set: 0.6ms
[2021-05-10T17:04:59.922+0800] GC(84)   Post Evacuate Collection Set: 0.3ms
[2021-05-10T17:04:59.922+0800] GC(84)   Other: 0.1ms
[2021-05-10T17:04:59.922+0800] GC(84) Eden regions: 6->0(22)
[2021-05-10T17:04:59.922+0800] GC(84) Survivor regions: 4->3(4)
[2021-05-10T17:04:59.922+0800] GC(84) Old regions: 266->270
[2021-05-10T17:04:59.922+0800] GC(84) Humongous regions: 164->164
[2021-05-10T17:04:59.922+0800] GC(84) Metaspace: 14995K->14995K(1062912K)
[2021-05-10T17:04:59.922+0800] GC(84) Pause Young (Concurrent Start) (G1 Humongous Allocation) 412M->409M(512M) 1.210ms
[2021-05-10T17:04:59.922+0800] GC(84) User=0.00s Sys=0.00s Real=0.00s
[2021-05-10T17:04:59.922+0800] GC(85) Concurrent Cycle
[2021-05-10T17:04:59.922+0800] GC(85) Concurrent Clear Claimed Marks
[2021-05-10T17:04:59.922+0800] GC(85) Concurrent Clear Claimed Marks 0.016ms
[2021-05-10T17:04:59.922+0800] GC(85) Concurrent Scan Root Regions
[2021-05-10T17:04:59.922+0800] GC(85) Concurrent Scan Root Regions 0.114ms
[2021-05-10T17:04:59.923+0800] GC(85) Concurrent Mark (1.001s)
[2021-05-10T17:04:59.923+0800] GC(85) Concurrent Mark From Roots
[2021-05-10T17:04:59.923+0800] GC(85) Using 3 workers of 3 for marking
[2021-05-10T17:04:59.925+0800] GC(85) Concurrent Mark From Roots 2.790ms
[2021-05-10T17:04:59.925+0800] GC(85) Concurrent Preclean
[2021-05-10T17:04:59.925+0800] GC(85) Concurrent Preclean 0.056ms
[2021-05-10T17:04:59.925+0800] GC(85) Concurrent Mark (1.001s, 1.004s) 2.911ms
[2021-05-10T17:04:59.926+0800] GC(85) Pause Remark
[2021-05-10T17:04:59.926+0800] GC(85) Cleaned string and symbol table, strings: 5932 processed, 0 removed, symbols: 50052 processed, 0 removed
[2021-05-10T17:04:59.927+0800] GC(85) Pause Remark 439M->439M(512M) 0.917ms
[2021-05-10T17:04:59.927+0800] GC(85) User=0.00s Sys=0.00s Real=0.00s
[2021-05-10T17:04:59.927+0800] GC(85) Concurrent Rebuild Remembered Sets
[2021-05-10T17:04:59.927+0800] GC(86) Pause Young (Normal) (G1 Evacuation Pause)
[2021-05-10T17:04:59.927+0800] GC(86) Using 10 workers of 10 for evacuation
[2021-05-10T17:04:59.929+0800] GC(86)   Pre Evacuate Collection Set: 0.1ms
[2021-05-10T17:04:59.929+0800] GC(86)   Evacuate Collection Set: 0.8ms
[2021-05-10T17:04:59.929+0800] GC(86)   Post Evacuate Collection Set: 0.3ms
[2021-05-10T17:04:59.929+0800] GC(86)   Other: 0.1ms
[2021-05-10T17:04:59.929+0800] GC(86) Eden regions: 22->0(21)
[2021-05-10T17:04:59.929+0800] GC(86) Survivor regions: 3->4(4)
[2021-05-10T17:04:59.929+0800] GC(86) Old regions: 270->278
[2021-05-10T17:04:59.929+0800] GC(86) Humongous regions: 176->169
[2021-05-10T17:04:59.929+0800] GC(86) Metaspace: 14995K->14995K(1062912K)
[2021-05-10T17:04:59.929+0800] GC(86) Pause Young (Normal) (G1 Evacuation Pause) 443M->424M(512M) 1.380ms
[2021-05-10T17:04:59.929+0800] GC(86) User=0.00s Sys=0.00s Real=0.00s
[2021-05-10T17:04:59.930+0800] GC(85) Concurrent Rebuild Remembered Sets 3.088ms
[2021-05-10T17:04:59.930+0800] GC(85) Pause Cleanup
[2021-05-10T17:04:59.930+0800] GC(85) Pause Cleanup 436M->436M(512M) 0.153ms
[2021-05-10T17:04:59.930+0800] GC(85) User=0.00s Sys=0.00s Real=0.00s
[2021-05-10T17:04:59.930+0800] GC(85) Concurrent Cleanup for Next Mark
[2021-05-10T17:04:59.930+0800] GC(85) Concurrent Cleanup for Next Mark 0.343ms
[2021-05-10T17:04:59.931+0800] GC(85) Concurrent Cycle 8.175ms
[2021-05-10T17:04:59.933+0800] GC(87) Pause Young (Prepare Mixed) (G1 Evacuation Pause)
[2021-05-10T17:04:59.933+0800] GC(87) Using 10 workers of 10 for evacuation
[2021-05-10T17:04:59.934+0800] GC(87)   Pre Evacuate Collection Set: 0.1ms
[2021-05-10T17:04:59.934+0800] GC(87)   Evacuate Collection Set: 1.0ms
[2021-05-10T17:04:59.934+0800] GC(87)   Post Evacuate Collection Set: 0.3ms
[2021-05-10T17:04:59.934+0800] GC(87)   Other: 0.1ms
[2021-05-10T17:04:59.934+0800] GC(87) Eden regions: 21->0(21)
[2021-05-10T17:04:59.934+0800] GC(87) Survivor regions: 4->4(4)
[2021-05-10T17:04:59.934+0800] GC(87) Old regions: 278->287
[2021-05-10T17:04:59.934+0800] GC(87) Humongous regions: 183->166
[2021-05-10T17:04:59.934+0800] GC(87) Metaspace: 14995K->14995K(1062912K)
[2021-05-10T17:04:59.934+0800] GC(87) Pause Young (Prepare Mixed) (G1 Evacuation Pause) 458M->430M(512M) 1.581ms
[2021-05-10T17:04:59.934+0800] GC(87) User=0.00s Sys=0.00s Real=0.00s
[2021-05-10T17:04:59.938+0800] GC(88) Pause Young (Mixed) (G1 Evacuation Pause)
[2021-05-10T17:04:59.938+0800] GC(88) Using 10 workers of 10 for evacuation
[2021-05-10T17:04:59.940+0800] GC(88) To-space exhausted
[2021-05-10T17:04:59.940+0800] GC(88)   Pre Evacuate Collection Set: 0.1ms
[2021-05-10T17:04:59.940+0800] GC(88)   Evacuate Collection Set: 1.4ms
[2021-05-10T17:04:59.940+0800] GC(88)   Post Evacuate Collection Set: 0.5ms
[2021-05-10T17:04:59.940+0800] GC(88)   Other: 0.2ms
[2021-05-10T17:04:59.940+0800] GC(88) Eden regions: 21->0(21)
[2021-05-10T17:04:59.940+0800] GC(88) Survivor regions: 4->4(4)
[2021-05-10T17:04:59.940+0800] GC(88) Old regions: 287->315
[2021-05-10T17:04:59.940+0800] GC(88) Humongous regions: 182->164
[2021-05-10T17:04:59.940+0800] GC(88) Metaspace: 14995K->14995K(1062912K)
[2021-05-10T17:04:59.940+0800] GC(88) Pause Young (Mixed) (G1 Evacuation Pause) 467M->457M(512M) 2.225ms
[2021-05-10T17:04:59.940+0800] GC(88) User=0.00s Sys=0.00s Real=0.00s
[2021-05-10T17:04:59.944+0800] GC(89) Pause Young (Mixed) (G1 Evacuation Pause)
[2021-05-10T17:04:59.944+0800] GC(89) Using 10 workers of 10 for evacuation
[2021-05-10T17:04:59.944+0800] GC(89) To-space exhausted
[2021-05-10T17:04:59.944+0800] GC(89)   Pre Evacuate Collection Set: 0.1ms
[2021-05-10T17:04:59.944+0800] GC(89)   Evacuate Collection Set: 0.1ms
[2021-05-10T17:04:59.944+0800] GC(89)   Post Evacuate Collection Set: 0.4ms
[2021-05-10T17:04:59.944+0800] GC(89)   Other: 0.2ms
[2021-05-10T17:04:59.944+0800] GC(89) Eden regions: 21->0(25)
[2021-05-10T17:04:59.944+0800] GC(89) Survivor regions: 4->0(4)
[2021-05-10T17:04:59.944+0800] GC(89) Old regions: 315->340
[2021-05-10T17:04:59.944+0800] GC(89) Humongous regions: 172->161
[2021-05-10T17:04:59.944+0800] GC(89) Metaspace: 14995K->14995K(1062912K)
[2021-05-10T17:04:59.945+0800] GC(89) Pause Young (Mixed) (G1 Evacuation Pause) 486M->475M(512M) 0.886ms
[2021-05-10T17:04:59.945+0800] GC(89) User=0.00s Sys=0.00s Real=0.00s
[2021-05-10T17:04:59.945+0800] GC(90) Pause Young (Concurrent Start) (G1 Humongous Allocation)
[2021-05-10T17:04:59.945+0800] GC(90) Using 10 workers of 10 for evacuation
[2021-05-10T17:04:59.945+0800] GC(90)   Pre Evacuate Collection Set: 0.1ms
[2021-05-10T17:04:59.945+0800] GC(90)   Evacuate Collection Set: 0.2ms
[2021-05-10T17:04:59.945+0800] GC(90)   Post Evacuate Collection Set: 0.2ms
[2021-05-10T17:04:59.945+0800] GC(90)   Other: 0.1ms
[2021-05-10T17:04:59.945+0800] GC(90) Eden regions: 1->0(24)
[2021-05-10T17:04:59.945+0800] GC(90) Survivor regions: 0->1(4)
[2021-05-10T17:04:59.945+0800] GC(90) Old regions: 340->340
[2021-05-10T17:04:59.945+0800] GC(90) Humongous regions: 161->161
[2021-05-10T17:04:59.945+0800] GC(90) Metaspace: 14995K->14995K(1062912K)
[2021-05-10T17:04:59.945+0800] GC(90) Pause Young (Concurrent Start) (G1 Humongous Allocation) 475M->475M(512M) 0.646ms
[2021-05-10T17:04:59.945+0800] GC(90) User=0.00s Sys=0.00s Real=0.00s
[2021-05-10T17:04:59.945+0800] GC(91) Concurrent Cycle
[2021-05-10T17:04:59.945+0800] GC(91) Concurrent Clear Claimed Marks
[2021-05-10T17:04:59.945+0800] GC(91) Concurrent Clear Claimed Marks 0.013ms
[2021-05-10T17:04:59.945+0800] GC(91) Concurrent Scan Root Regions
[2021-05-10T17:04:59.946+0800] GC(91) Concurrent Scan Root Regions 0.051ms
[2021-05-10T17:04:59.946+0800] GC(91) Concurrent Mark (1.024s)
[2021-05-10T17:04:59.946+0800] GC(91) Concurrent Mark From Roots
[2021-05-10T17:04:59.946+0800] GC(91) Using 3 workers of 3 for marking
[2021-05-10T17:04:59.947+0800] GC(92) Pause Young (Normal) (G1 Evacuation Pause)
[2021-05-10T17:04:59.947+0800] GC(92) Using 10 workers of 10 for evacuation
[2021-05-10T17:04:59.947+0800] GC(92) To-space exhausted
[2021-05-10T17:04:59.947+0800] GC(92)   Pre Evacuate Collection Set: 0.1ms
[2021-05-10T17:04:59.947+0800] GC(92)   Evacuate Collection Set: 0.1ms
[2021-05-10T17:04:59.947+0800] GC(92)   Post Evacuate Collection Set: 0.4ms
[2021-05-10T17:04:59.947+0800] GC(92)   Other: 0.1ms
[2021-05-10T17:04:59.947+0800] GC(92) Eden regions: 6->0(25)
[2021-05-10T17:04:59.947+0800] GC(92) Survivor regions: 1->0(4)
[2021-05-10T17:04:59.947+0800] GC(92) Old regions: 340->347
[2021-05-10T17:04:59.947+0800] GC(92) Humongous regions: 165->163
[2021-05-10T17:04:59.947+0800] GC(92) Metaspace: 14995K->14995K(1062912K)
[2021-05-10T17:04:59.947+0800] GC(92) Pause Young (Normal) (G1 Evacuation Pause) 485M->483M(512M) 0.778ms
[2021-05-10T17:04:59.947+0800] GC(92) User=0.00s Sys=0.00s Real=0.00s
[2021-05-10T17:04:59.948+0800] GC(93) Pause Young (Normal) (G1 Evacuation Pause)
[2021-05-10T17:04:59.948+0800] GC(93) Using 10 workers of 10 for evacuation
[2021-05-10T17:04:59.948+0800] GC(93)   Pre Evacuate Collection Set: 0.0ms
[2021-05-10T17:04:59.948+0800] GC(93)   Evacuate Collection Set: 0.1ms
[2021-05-10T17:04:59.948+0800] GC(93)   Post Evacuate Collection Set: 0.1ms
[2021-05-10T17:04:59.948+0800] GC(93)   Other: 0.0ms
[2021-05-10T17:04:59.948+0800] GC(93) Eden regions: 1->0(25)
[2021-05-10T17:04:59.948+0800] GC(93) Survivor regions: 0->0(4)
[2021-05-10T17:04:59.948+0800] GC(93) Old regions: 347->347
[2021-05-10T17:04:59.948+0800] GC(93) Humongous regions: 164->163
[2021-05-10T17:04:59.948+0800] GC(93) Metaspace: 14995K->14995K(1062912K)
[2021-05-10T17:04:59.948+0800] GC(93) Pause Young (Normal) (G1 Evacuation Pause) 485M->483M(512M) 0.370ms
[2021-05-10T17:04:59.948+0800] GC(93) User=0.00s Sys=0.00s Real=0.00s
[2021-05-10T17:04:59.948+0800] GC(94) Pause Young (Normal) (G1 Humongous Allocation)
[2021-05-10T17:04:59.948+0800] GC(94) Using 10 workers of 10 for evacuation
[2021-05-10T17:04:59.949+0800] GC(94) To-space exhausted
[2021-05-10T17:04:59.949+0800] GC(94)   Pre Evacuate Collection Set: 0.0ms
[2021-05-10T17:04:59.949+0800] GC(94)   Evacuate Collection Set: 0.1ms
[2021-05-10T17:04:59.949+0800] GC(94)   Post Evacuate Collection Set: 0.2ms
[2021-05-10T17:04:59.949+0800] GC(94)   Other: 0.1ms
[2021-05-10T17:04:59.949+0800] GC(94) Eden regions: 2->0(25)
[2021-05-10T17:04:59.949+0800] GC(94) Survivor regions: 0->0(4)
[2021-05-10T17:04:59.949+0800] GC(94) Old regions: 347->348
[2021-05-10T17:04:59.949+0800] GC(94) Humongous regions: 163->162
[2021-05-10T17:04:59.949+0800] GC(94) Metaspace: 14995K->14995K(1062912K)
[2021-05-10T17:04:59.949+0800] GC(94) Pause Young (Normal) (G1 Humongous Allocation) 485M->483M(512M) 0.513ms
[2021-05-10T17:04:59.949+0800] GC(94) User=0.00s Sys=0.00s Real=0.00s
[2021-05-10T17:04:59.949+0800] GC(95) Pause Young (Normal) (G1 Humongous Allocation)
[2021-05-10T17:04:59.949+0800] GC(95) Using 10 workers of 10 for evacuation
[2021-05-10T17:04:59.949+0800] GC(95) To-space exhausted
[2021-05-10T17:04:59.949+0800] GC(95)   Pre Evacuate Collection Set: 0.0ms
[2021-05-10T17:04:59.949+0800] GC(95)   Evacuate Collection Set: 0.1ms
[2021-05-10T17:04:59.949+0800] GC(95)   Post Evacuate Collection Set: 0.1ms
[2021-05-10T17:04:59.949+0800] GC(95)   Other: 0.1ms
[2021-05-10T17:04:59.949+0800] GC(95) Eden regions: 1->0(25)
[2021-05-10T17:04:59.949+0800] GC(95) Survivor regions: 0->0(4)
[2021-05-10T17:04:59.949+0800] GC(95) Old regions: 348->349
[2021-05-10T17:04:59.949+0800] GC(95) Humongous regions: 163->162
[2021-05-10T17:04:59.949+0800] GC(95) Metaspace: 14995K->14995K(1062912K)
[2021-05-10T17:04:59.949+0800] GC(95) Pause Young (Normal) (G1 Humongous Allocation) 485M->484M(512M) 0.336ms
[2021-05-10T17:04:59.949+0800] GC(95) User=0.00s Sys=0.00s Real=0.00s
[2021-05-10T17:04:59.950+0800] GC(96) Pause Young (Normal) (G1 Evacuation Pause)
[2021-05-10T17:04:59.950+0800] GC(96) Using 10 workers of 10 for evacuation
[2021-05-10T17:04:59.950+0800] GC(96)   Pre Evacuate Collection Set: 0.0ms
[2021-05-10T17:04:59.950+0800] GC(96)   Evacuate Collection Set: 0.1ms
[2021-05-10T17:04:59.950+0800] GC(96)   Post Evacuate Collection Set: 0.0ms
[2021-05-10T17:04:59.950+0800] GC(96)   Other: 0.0ms
[2021-05-10T17:04:59.950+0800] GC(96) Eden regions: 0->0(25)
[2021-05-10T17:04:59.950+0800] GC(96) Survivor regions: 0->0(4)
[2021-05-10T17:04:59.950+0800] GC(96) Old regions: 349->349
[2021-05-10T17:04:59.950+0800] GC(96) Humongous regions: 163->163
[2021-05-10T17:04:59.950+0800] GC(96) Metaspace: 14995K->14995K(1062912K)
[2021-05-10T17:04:59.950+0800] GC(96) Pause Young (Normal) (G1 Evacuation Pause) 485M->485M(512M) 0.292ms
[2021-05-10T17:04:59.950+0800] GC(96) User=0.00s Sys=0.00s Real=0.00s
[2021-05-10T17:04:59.950+0800] GC(97) Using 10 workers of 10 for full compaction
[2021-05-10T17:04:59.950+0800] GC(97) Pause Full (G1 Evacuation Pause)
[2021-05-10T17:04:59.950+0800] GC(97) Phase 1: Mark live objects
[2021-05-10T17:04:59.951+0800] GC(97) Cleaned string and symbol table, strings: 5932 processed, 0 removed, symbols: 50052 processed, 0 removed
[2021-05-10T17:04:59.952+0800] GC(97) Phase 1: Mark live objects 1.317ms
[2021-05-10T17:04:59.952+0800] GC(97) Phase 2: Prepare for compaction
[2021-05-10T17:04:59.952+0800] GC(97) Phase 2: Prepare for compaction 0.398ms
[2021-05-10T17:04:59.952+0800] GC(97) Phase 3: Adjust pointers
[2021-05-10T17:04:59.953+0800] GC(97) Phase 3: Adjust pointers 0.884ms
[2021-05-10T17:04:59.953+0800] GC(97) Phase 4: Compact heap
[2021-05-10T17:04:59.969+0800] GC(97) Phase 4: Compact heap 15.981ms
[2021-05-10T17:04:59.970+0800] GC(97) Eden regions: 0->0(32)
[2021-05-10T17:04:59.970+0800] GC(97) Survivor regions: 0->0(4)
[2021-05-10T17:04:59.970+0800] GC(97) Old regions: 349->246
[2021-05-10T17:04:59.970+0800] GC(97) Humongous regions: 163->163
[2021-05-10T17:04:59.970+0800] GC(97) Metaspace: 14995K->14995K(1062912K)
[2021-05-10T17:04:59.970+0800] GC(97) Pause Full (G1 Evacuation Pause) 485M->375M(512M) 19.865ms
[2021-05-10T17:04:59.970+0800] GC(97) User=0.08s Sys=0.00s Real=0.02s
[2021-05-10T17:04:59.970+0800] GC(91) Concurrent Mark From Roots 24.586ms
[2021-05-10T17:04:59.970+0800] GC(91) Concurrent Mark Abort
[2021-05-10T17:04:59.970+0800] GC(91) Concurrent Cycle 24.769ms
[2021-05-10T17:04:59.970+0800] GC(98) Pause Young (Concurrent Start) (G1 Humongous Allocation)
[2021-05-10T17:04:59.970+0800] GC(98) Using 10 workers of 10 for evacuation
[2021-05-10T17:04:59.970+0800] GC(98)   Pre Evacuate Collection Set: 0.0ms
[2021-05-10T17:04:59.970+0800] GC(98)   Evacuate Collection Set: 0.3ms
[2021-05-10T17:04:59.970+0800] GC(98)   Post Evacuate Collection Set: 0.2ms
[2021-05-10T17:04:59.970+0800] GC(98)   Other: 0.1ms
[2021-05-10T17:04:59.970+0800] GC(98) Eden regions: 2->0(34)
[2021-05-10T17:04:59.970+0800] GC(98) Survivor regions: 0->1(4)
[2021-05-10T17:04:59.970+0800] GC(98) Old regions: 246->246
[2021-05-10T17:04:59.970+0800] GC(98) Humongous regions: 163->163
[2021-05-10T17:04:59.970+0800] GC(98) Metaspace: 14995K->14995K(1062912K)
[2021-05-10T17:04:59.970+0800] GC(98) Pause Young (Concurrent Start) (G1 Humongous Allocation) 376M->376M(512M) 0.758ms
[2021-05-10T17:04:59.970+0800] GC(98) User=0.00s Sys=0.00s Real=0.00s
[2021-05-10T17:04:59.970+0800] GC(99) Concurrent Cycle
[2021-05-10T17:04:59.970+0800] GC(99) Concurrent Clear Claimed Marks
[2021-05-10T17:04:59.970+0800] GC(99) Concurrent Clear Claimed Marks 0.017ms
[2021-05-10T17:04:59.970+0800] GC(99) Concurrent Scan Root Regions
[2021-05-10T17:04:59.970+0800] GC(99) Concurrent Scan Root Regions 0.082ms
[2021-05-10T17:04:59.970+0800] GC(99) Concurrent Mark (1.050s)
[2021-05-10T17:04:59.970+0800] GC(99) Concurrent Mark From Roots
[2021-05-10T17:04:59.970+0800] GC(99) Using 3 workers of 3 for marking
[2021-05-10T17:04:59.974+0800] GC(99) Concurrent Mark From Roots 2.941ms
[2021-05-10T17:04:59.974+0800] GC(99) Concurrent Preclean
[2021-05-10T17:04:59.974+0800] GC(99) Concurrent Preclean 0.076ms
[2021-05-10T17:04:59.974+0800] GC(99) Concurrent Mark (1.050s, 1.053s) 3.091ms
[2021-05-10T17:04:59.974+0800] GC(99) Pause Remark
[2021-05-10T17:04:59.974+0800] GC(99) Cleaned string and symbol table, strings: 5932 processed, 0 removed, symbols: 50052 processed, 0 removed
[2021-05-10T17:04:59.975+0800] GC(99) Pause Remark 407M->407M(512M) 0.928ms
[2021-05-10T17:04:59.975+0800] GC(99) User=0.00s Sys=0.00s Real=0.00s
[2021-05-10T17:04:59.975+0800] GC(99) Concurrent Rebuild Remembered Sets
[2021-05-10T17:04:59.976+0800] GC(99) Concurrent Rebuild Remembered Sets 1.336ms
[2021-05-10T17:04:59.976+0800] GC(99) Pause Cleanup
[2021-05-10T17:04:59.976+0800] GC(99) Pause Cleanup 414M->414M(512M) 0.175ms
[2021-05-10T17:04:59.976+0800] GC(99) User=0.00s Sys=0.00s Real=0.00s
[2021-05-10T17:04:59.976+0800] GC(99) Concurrent Cleanup for Next Mark
[2021-05-10T17:04:59.977+0800] GC(99) Concurrent Cleanup for Next Mark 0.256ms
[2021-05-10T17:04:59.977+0800] GC(99) Concurrent Cycle 6.411ms
[2021-05-10T17:04:59.978+0800] GC(100) Pause Young (Concurrent Start) (G1 Humongous Allocation)
[2021-05-10T17:04:59.978+0800] GC(100) Using 10 workers of 10 for evacuation
[2021-05-10T17:04:59.979+0800] GC(100)   Pre Evacuate Collection Set: 0.1ms
[2021-05-10T17:04:59.979+0800] GC(100)   Evacuate Collection Set: 0.9ms
[2021-05-10T17:04:59.979+0800] GC(100)   Post Evacuate Collection Set: 0.3ms
[2021-05-10T17:04:59.979+0800] GC(100)   Other: 0.1ms
[2021-05-10T17:04:59.979+0800] GC(100) Eden regions: 27->0(24)
[2021-05-10T17:04:59.979+0800] GC(100) Survivor regions: 1->5(5)
[2021-05-10T17:04:59.979+0800] GC(100) Old regions: 246->251
[2021-05-10T17:04:59.979+0800] GC(100) Humongous regions: 177->166
[2021-05-10T17:04:59.979+0800] GC(100) Metaspace: 14995K->14995K(1062912K)
[2021-05-10T17:04:59.979+0800] GC(100) Pause Young (Concurrent Start) (G1 Humongous Allocation) 416M->388M(512M) 1.502ms
[2021-05-10T17:04:59.979+0800] GC(100) User=0.00s Sys=0.00s Real=0.00s
[2021-05-10T17:04:59.979+0800] GC(101) Concurrent Cycle
[2021-05-10T17:04:59.979+0800] GC(101) Concurrent Clear Claimed Marks
[2021-05-10T17:04:59.979+0800] GC(101) Concurrent Clear Claimed Marks 0.014ms
[2021-05-10T17:04:59.979+0800] GC(101) Concurrent Scan Root Regions
[2021-05-10T17:04:59.979+0800] GC(101) Concurrent Scan Root Regions 0.097ms
[2021-05-10T17:04:59.979+0800] GC(101) Concurrent Mark (1.058s)
[2021-05-10T17:04:59.979+0800] GC(101) Concurrent Mark From Roots
[2021-05-10T17:04:59.979+0800] GC(101) Using 3 workers of 3 for marking
[2021-05-10T17:04:59.982+0800] GC(101) Concurrent Mark From Roots 2.959ms
[2021-05-10T17:04:59.982+0800] GC(101) Concurrent Preclean
[2021-05-10T17:04:59.982+0800] GC(101) Concurrent Preclean 0.059ms
[2021-05-10T17:04:59.982+0800] GC(101) Concurrent Mark (1.058s, 1.061s) 3.074ms
[2021-05-10T17:04:59.983+0800] GC(101) Pause Remark
[2021-05-10T17:04:59.983+0800] GC(101) Cleaned string and symbol table, strings: 5932 processed, 0 removed, symbols: 50052 processed, 0 removed
[2021-05-10T17:04:59.983+0800] GC(101) Pause Remark 419M->419M(512M) 0.919ms
[2021-05-10T17:04:59.984+0800] GC(101) User=0.00s Sys=0.00s Real=0.00s
[2021-05-10T17:04:59.984+0800] GC(101) Concurrent Rebuild Remembered Sets
[2021-05-10T17:04:59.985+0800] GC(102) Pause Young (Normal) (G1 Evacuation Pause)
[2021-05-10T17:04:59.985+0800] GC(102) Using 10 workers of 10 for evacuation
[2021-05-10T17:04:59.987+0800] GC(102)   Pre Evacuate Collection Set: 0.1ms
[2021-05-10T17:04:59.987+0800] GC(102)   Evacuate Collection Set: 1.2ms
[2021-05-10T17:04:59.987+0800] GC(102)   Post Evacuate Collection Set: 0.3ms
[2021-05-10T17:04:59.987+0800] GC(102)   Other: 0.1ms
[2021-05-10T17:04:59.987+0800] GC(102) Eden regions: 24->0(21)
[2021-05-10T17:04:59.987+0800] GC(102) Survivor regions: 5->4(4)
[2021-05-10T17:04:59.987+0800] GC(102) Old regions: 251->264
[2021-05-10T17:04:59.987+0800] GC(102) Humongous regions: 186->173
[2021-05-10T17:04:59.987+0800] GC(102) Metaspace: 14995K->14995K(1062912K)
[2021-05-10T17:04:59.987+0800] GC(102) Pause Young (Normal) (G1 Evacuation Pause) 432M->407M(512M) 1.824ms
[2021-05-10T17:04:59.987+0800] GC(102) User=0.00s Sys=0.00s Real=0.00s
[2021-05-10T17:04:59.987+0800] GC(101) Concurrent Rebuild Remembered Sets 3.548ms
[2021-05-10T17:04:59.987+0800] GC(101) Pause Cleanup
[2021-05-10T17:04:59.987+0800] GC(101) Pause Cleanup 411M->411M(512M) 0.168ms
[2021-05-10T17:04:59.987+0800] GC(101) User=0.00s Sys=0.00s Real=0.00s
[2021-05-10T17:04:59.988+0800] GC(101) Concurrent Cleanup for Next Mark
[2021-05-10T17:04:59.988+0800] GC(101) Concurrent Cleanup for Next Mark 0.338ms
[2021-05-10T17:04:59.988+0800] GC(101) Concurrent Cycle 8.721ms
[2021-05-10T17:04:59.991+0800] GC(103) Pause Young (Prepare Mixed) (G1 Evacuation Pause)
[2021-05-10T17:04:59.991+0800] GC(103) Using 10 workers of 10 for evacuation
[2021-05-10T17:04:59.993+0800] GC(103)   Pre Evacuate Collection Set: 0.1ms
[2021-05-10T17:04:59.993+0800] GC(103)   Evacuate Collection Set: 1.1ms
[2021-05-10T17:04:59.993+0800] GC(103)   Post Evacuate Collection Set: 0.3ms
[2021-05-10T17:04:59.993+0800] GC(103)   Other: 0.1ms
[2021-05-10T17:04:59.993+0800] GC(103) Eden regions: 21->0(21)
[2021-05-10T17:04:59.993+0800] GC(103) Survivor regions: 4->4(4)
[2021-05-10T17:04:59.993+0800] GC(103) Old regions: 264->275
[2021-05-10T17:04:59.993+0800] GC(103) Humongous regions: 194->172
[2021-05-10T17:04:59.993+0800] GC(103) Metaspace: 14995K->14995K(1062912K)
[2021-05-10T17:04:59.993+0800] GC(103) Pause Young (Prepare Mixed) (G1 Evacuation Pause) 449M->417M(512M) 1.727ms
[2021-05-10T17:04:59.993+0800] GC(103) User=0.00s Sys=0.00s Real=0.00s
[2021-05-10T17:04:59.997+0800] GC(104) Pause Young (Mixed) (G1 Evacuation Pause)
[2021-05-10T17:04:59.997+0800] GC(104) Using 10 workers of 10 for evacuation
[2021-05-10T17:04:59.999+0800] GC(104)   Pre Evacuate Collection Set: 0.1ms
[2021-05-10T17:04:59.999+0800] GC(104)   Evacuate Collection Set: 1.6ms
[2021-05-10T17:04:59.999+0800] GC(104)   Post Evacuate Collection Set: 0.2ms
[2021-05-10T17:04:59.999+0800] GC(104)   Other: 0.2ms
[2021-05-10T17:04:59.999+0800] GC(104) Eden regions: 21->0(21)
[2021-05-10T17:04:59.999+0800] GC(104) Survivor regions: 4->4(4)
[2021-05-10T17:04:59.999+0800] GC(104) Old regions: 275->275
[2021-05-10T17:04:59.999+0800] GC(104) Humongous regions: 182->169
[2021-05-10T17:04:59.999+0800] GC(104) Metaspace: 14995K->14995K(1062912K)
[2021-05-10T17:04:59.999+0800] GC(104) Pause Young (Mixed) (G1 Evacuation Pause) 447M->418M(512M) 2.226ms
[2021-05-10T17:04:59.999+0800] GC(104) User=0.00s Sys=0.00s Real=0.00s
[2021-05-10T17:05:00.000+0800] GC(105) Pause Young (Concurrent Start) (G1 Humongous Allocation)
[2021-05-10T17:05:00.000+0800] GC(105) Using 10 workers of 10 for evacuation
[2021-05-10T17:05:00.002+0800] GC(105)   Pre Evacuate Collection Set: 0.1ms
[2021-05-10T17:05:00.002+0800] GC(105)   Evacuate Collection Set: 0.5ms
[2021-05-10T17:05:00.002+0800] GC(105)   Post Evacuate Collection Set: 0.3ms
[2021-05-10T17:05:00.002+0800] GC(105)   Other: 0.1ms
[2021-05-10T17:05:00.002+0800] GC(105) Eden regions: 5->0(24)
[2021-05-10T17:05:00.002+0800] GC(105) Survivor regions: 4->1(4)
[2021-05-10T17:05:00.002+0800] GC(105) Old regions: 275->279
[2021-05-10T17:05:00.002+0800] GC(105) Humongous regions: 169->168
[2021-05-10T17:05:00.002+0800] GC(105) Metaspace: 14995K->14995K(1062912K)
[2021-05-10T17:05:00.002+0800] GC(105) Pause Young (Concurrent Start) (G1 Humongous Allocation) 423M->418M(512M) 1.201ms
[2021-05-10T17:05:00.002+0800] GC(105) User=0.00s Sys=0.00s Real=0.00s
[2021-05-10T17:05:00.002+0800] GC(106) Concurrent Cycle
[2021-05-10T17:05:00.002+0800] GC(106) Concurrent Clear Claimed Marks
[2021-05-10T17:05:00.002+0800] GC(106) Concurrent Clear Claimed Marks 0.016ms
[2021-05-10T17:05:00.002+0800] GC(106) Concurrent Scan Root Regions
[2021-05-10T17:05:00.002+0800] GC(106) Concurrent Scan Root Regions 0.094ms
[2021-05-10T17:05:00.002+0800] GC(106) Concurrent Mark (1.080s)
[2021-05-10T17:05:00.002+0800] GC(106) Concurrent Mark From Roots
[2021-05-10T17:05:00.002+0800] GC(106) Using 3 workers of 3 for marking
[2021-05-10T17:05:00.005+0800] GC(106) Concurrent Mark From Roots 2.891ms
[2021-05-10T17:05:00.005+0800] GC(106) Concurrent Preclean
[2021-05-10T17:05:00.005+0800] GC(106) Concurrent Preclean 0.059ms
[2021-05-10T17:05:00.005+0800] GC(106) Concurrent Mark (1.080s, 1.083s) 3.043ms
[2021-05-10T17:05:00.005+0800] GC(106) Pause Remark
[2021-05-10T17:05:00.006+0800] GC(106) Cleaned string and symbol table, strings: 5932 processed, 0 removed, symbols: 50052 processed, 0 removed
[2021-05-10T17:05:00.006+0800] GC(106) Pause Remark 455M->455M(512M) 0.946ms
[2021-05-10T17:05:00.006+0800] GC(106) User=0.00s Sys=0.00s Real=0.00s
[2021-05-10T17:05:00.006+0800] GC(106) Concurrent Rebuild Remembered Sets
[2021-05-10T17:05:00.008+0800] GC(107) Pause Young (Normal) (G1 Evacuation Pause)
[2021-05-10T17:05:00.008+0800] GC(107) Using 10 workers of 10 for evacuation
[2021-05-10T17:05:00.009+0800] GC(107)   Pre Evacuate Collection Set: 0.1ms
[2021-05-10T17:05:00.009+0800] GC(107)   Evacuate Collection Set: 0.7ms
[2021-05-10T17:05:00.009+0800] GC(107)   Post Evacuate Collection Set: 0.3ms
[2021-05-10T17:05:00.009+0800] GC(107)   Other: 0.1ms
[2021-05-10T17:05:00.009+0800] GC(107) Eden regions: 24->0(21)
[2021-05-10T17:05:00.009+0800] GC(107) Survivor regions: 1->4(4)
[2021-05-10T17:05:00.009+0800] GC(107) Old regions: 279->285
[2021-05-10T17:05:00.009+0800] GC(107) Humongous regions: 189->169
[2021-05-10T17:05:00.009+0800] GC(107) Metaspace: 14995K->14995K(1062912K)
[2021-05-10T17:05:00.009+0800] GC(107) Pause Young (Normal) (G1 Evacuation Pause) 463M->428M(512M) 1.381ms
[2021-05-10T17:05:00.009+0800] GC(107) User=0.00s Sys=0.00s Real=0.00s
[2021-05-10T17:05:00.009+0800] GC(106) Concurrent Rebuild Remembered Sets 3.292ms
[2021-05-10T17:05:00.010+0800] GC(106) Pause Cleanup
[2021-05-10T17:05:00.010+0800] GC(106) Pause Cleanup 433M->433M(512M) 0.158ms
[2021-05-10T17:05:00.010+0800] GC(106) User=0.00s Sys=0.00s Real=0.00s
[2021-05-10T17:05:00.010+0800] GC(106) Concurrent Cleanup for Next Mark
[2021-05-10T17:05:00.010+0800] GC(106) Concurrent Cleanup for Next Mark 0.289ms
[2021-05-10T17:05:00.010+0800] GC(106) Concurrent Cycle 8.370ms
[2021-05-10T17:05:00.012+0800] GC(108) Pause Young (Prepare Mixed) (G1 Evacuation Pause)
[2021-05-10T17:05:00.012+0800] GC(108) Using 10 workers of 10 for evacuation
[2021-05-10T17:05:00.013+0800] GC(108)   Pre Evacuate Collection Set: 0.1ms
[2021-05-10T17:05:00.014+0800] GC(108)   Evacuate Collection Set: 1.0ms
[2021-05-10T17:05:00.014+0800] GC(108)   Post Evacuate Collection Set: 0.1ms
[2021-05-10T17:05:00.014+0800] GC(108)   Other: 0.1ms
[2021-05-10T17:05:00.014+0800] GC(108) Eden regions: 21->0(21)
[2021-05-10T17:05:00.014+0800] GC(108) Survivor regions: 4->4(4)
[2021-05-10T17:05:00.014+0800] GC(108) Old regions: 285->295
[2021-05-10T17:05:00.014+0800] GC(108) Humongous regions: 179->168
[2021-05-10T17:05:00.014+0800] GC(108) Metaspace: 14995K->14995K(1062912K)
[2021-05-10T17:05:00.014+0800] GC(108) Pause Young (Prepare Mixed) (G1 Evacuation Pause) 459M->437M(512M) 1.470ms
[2021-05-10T17:05:00.014+0800] GC(108) User=0.00s Sys=0.00s Real=0.00s
[2021-05-10T17:05:00.017+0800] GC(109) Pause Young (Mixed) (G1 Evacuation Pause)
[2021-05-10T17:05:00.017+0800] GC(109) Using 10 workers of 10 for evacuation
[2021-05-10T17:05:00.019+0800] GC(109) To-space exhausted
[2021-05-10T17:05:00.019+0800] GC(109)   Pre Evacuate Collection Set: 0.1ms
[2021-05-10T17:05:00.019+0800] GC(109)   Evacuate Collection Set: 1.1ms
[2021-05-10T17:05:00.019+0800] GC(109)   Post Evacuate Collection Set: 0.4ms
[2021-05-10T17:05:00.019+0800] GC(109)   Other: 0.1ms
[2021-05-10T17:05:00.019+0800] GC(109) Eden regions: 21->0(22)
[2021-05-10T17:05:00.019+0800] GC(109) Survivor regions: 4->3(4)
[2021-05-10T17:05:00.019+0800] GC(109) Old regions: 295->325
[2021-05-10T17:05:00.019+0800] GC(109) Humongous regions: 179->170
[2021-05-10T17:05:00.019+0800] GC(109) Metaspace: 14995K->14995K(1062912K)
[2021-05-10T17:05:00.019+0800] GC(109) Pause Young (Mixed) (G1 Evacuation Pause) 469M->469M(512M) 1.739ms
[2021-05-10T17:05:00.019+0800] GC(109) User=0.00s Sys=0.00s Real=0.00s
[2021-05-10T17:05:00.020+0800] GC(110) Pause Young (Mixed) (G1 Evacuation Pause)
[2021-05-10T17:05:00.020+0800] GC(110) Using 10 workers of 10 for evacuation
[2021-05-10T17:05:00.021+0800] GC(110) To-space exhausted
[2021-05-10T17:05:00.021+0800] GC(110)   Pre Evacuate Collection Set: 0.1ms
[2021-05-10T17:05:00.021+0800] GC(110)   Evacuate Collection Set: 0.2ms
[2021-05-10T17:05:00.021+0800] GC(110)   Post Evacuate Collection Set: 0.4ms
[2021-05-10T17:05:00.021+0800] GC(110)   Other: 0.2ms
[2021-05-10T17:05:00.021+0800] GC(110) Eden regions: 9->0(25)
[2021-05-10T17:05:00.021+0800] GC(110) Survivor regions: 3->0(4)
[2021-05-10T17:05:00.021+0800] GC(110) Old regions: 325->337
[2021-05-10T17:05:00.021+0800] GC(110) Humongous regions: 175->169
[2021-05-10T17:05:00.021+0800] GC(110) Metaspace: 14995K->14995K(1062912K)
[2021-05-10T17:05:00.021+0800] GC(110) Pause Young (Mixed) (G1 Evacuation Pause) 483M->477M(512M) 1.001ms
[2021-05-10T17:05:00.021+0800] GC(110) User=0.00s Sys=0.00s Real=0.00s
[2021-05-10T17:05:00.022+0800] GC(111) Pause Young (Concurrent Start) (G1 Humongous Allocation)
[2021-05-10T17:05:00.022+0800] GC(111) Using 10 workers of 10 for evacuation
[2021-05-10T17:05:00.022+0800] GC(111) To-space exhausted
[2021-05-10T17:05:00.022+0800] GC(111)   Pre Evacuate Collection Set: 0.1ms
[2021-05-10T17:05:00.022+0800] GC(111)   Evacuate Collection Set: 0.2ms
[2021-05-10T17:05:00.022+0800] GC(111)   Post Evacuate Collection Set: 0.3ms
[2021-05-10T17:05:00.022+0800] GC(111)   Other: 0.1ms
[2021-05-10T17:05:00.022+0800] GC(111) Eden regions: 5->0(24)
[2021-05-10T17:05:00.022+0800] GC(111) Survivor regions: 0->1(4)
[2021-05-10T17:05:00.022+0800] GC(111) Old regions: 337->341
[2021-05-10T17:05:00.022+0800] GC(111) Humongous regions: 169->169
[2021-05-10T17:05:00.022+0800] GC(111) Metaspace: 14995K->14995K(1062912K)
[2021-05-10T17:05:00.022+0800] GC(111) Pause Young (Concurrent Start) (G1 Humongous Allocation) 481M->481M(512M) 0.813ms
[2021-05-10T17:05:00.022+0800] GC(111) User=0.00s Sys=0.00s Real=0.00s
[2021-05-10T17:05:00.022+0800] GC(112) Concurrent Cycle
[2021-05-10T17:05:00.022+0800] GC(112) Concurrent Clear Claimed Marks
[2021-05-10T17:05:00.022+0800] GC(112) Concurrent Clear Claimed Marks 0.017ms
[2021-05-10T17:05:00.022+0800] GC(112) Concurrent Scan Root Regions
[2021-05-10T17:05:00.022+0800] GC(112) Concurrent Scan Root Regions 0.030ms
[2021-05-10T17:05:00.022+0800] GC(112) Concurrent Mark (1.101s)
[2021-05-10T17:05:00.022+0800] GC(112) Concurrent Mark From Roots
[2021-05-10T17:05:00.022+0800] GC(113) Pause Young (Normal) (G1 Evacuation Pause)
[2021-05-10T17:05:00.022+0800] GC(112) Using 3 workers of 3 for marking
[2021-05-10T17:05:00.022+0800] GC(113) Using 10 workers of 10 for evacuation
[2021-05-10T17:05:00.022+0800] GC(113) To-space exhausted
[2021-05-10T17:05:00.023+0800] GC(113)   Pre Evacuate Collection Set: 0.0ms
[2021-05-10T17:05:00.023+0800] GC(113)   Evacuate Collection Set: 0.1ms
[2021-05-10T17:05:00.023+0800] GC(113)   Post Evacuate Collection Set: 0.3ms
[2021-05-10T17:05:00.023+0800] GC(113)   Other: 0.1ms
[2021-05-10T17:05:00.023+0800] GC(113) Eden regions: 0->0(25)
[2021-05-10T17:05:00.023+0800] GC(113) Survivor regions: 1->0(4)
[2021-05-10T17:05:00.023+0800] GC(113) Old regions: 341->342
[2021-05-10T17:05:00.023+0800] GC(113) Humongous regions: 170->169
[2021-05-10T17:05:00.023+0800] GC(113) Metaspace: 14995K->14995K(1062912K)
[2021-05-10T17:05:00.023+0800] GC(113) Pause Young (Normal) (G1 Evacuation Pause) 482M->481M(512M) 0.615ms
[2021-05-10T17:05:00.023+0800] GC(113) User=0.00s Sys=0.00s Real=0.00s
[2021-05-10T17:05:00.023+0800] GC(114) Pause Young (Normal) (G1 Evacuation Pause)
[2021-05-10T17:05:00.023+0800] GC(114) Using 10 workers of 10 for evacuation
[2021-05-10T17:05:00.023+0800] GC(114)   Pre Evacuate Collection Set: 0.0ms
[2021-05-10T17:05:00.023+0800] GC(114)   Evacuate Collection Set: 0.1ms
[2021-05-10T17:05:00.023+0800] GC(114)   Post Evacuate Collection Set: 0.0ms
[2021-05-10T17:05:00.023+0800] GC(114)   Other: 0.1ms
[2021-05-10T17:05:00.023+0800] GC(114) Eden regions: 1->0(25)
[2021-05-10T17:05:00.023+0800] GC(114) Survivor regions: 0->0(4)
[2021-05-10T17:05:00.023+0800] GC(114) Old regions: 342->342
[2021-05-10T17:05:00.023+0800] GC(114) Humongous regions: 169->169
[2021-05-10T17:05:00.023+0800] GC(114) Metaspace: 14995K->14995K(1062912K)
[2021-05-10T17:05:00.023+0800] GC(114) Pause Young (Normal) (G1 Evacuation Pause) 482M->481M(512M) 0.303ms
[2021-05-10T17:05:00.023+0800] GC(114) User=0.00s Sys=0.00s Real=0.00s
[2021-05-10T17:05:00.023+0800] GC(115) Pause Young (Normal) (G1 Humongous Allocation)
[2021-05-10T17:05:00.023+0800] GC(115) Using 10 workers of 10 for evacuation
[2021-05-10T17:05:00.024+0800] GC(115) To-space exhausted
[2021-05-10T17:05:00.024+0800] GC(115)   Pre Evacuate Collection Set: 0.0ms
[2021-05-10T17:05:00.024+0800] GC(115)   Evacuate Collection Set: 0.1ms
[2021-05-10T17:05:00.024+0800] GC(115)   Post Evacuate Collection Set: 0.1ms
[2021-05-10T17:05:00.024+0800] GC(115)   Other: 0.1ms
[2021-05-10T17:05:00.024+0800] GC(115) Eden regions: 1->0(25)
[2021-05-10T17:05:00.024+0800] GC(115) Survivor regions: 0->0(4)
[2021-05-10T17:05:00.024+0800] GC(115) Old regions: 342->343
[2021-05-10T17:05:00.024+0800] GC(115) Humongous regions: 169->169
[2021-05-10T17:05:00.024+0800] GC(115) Metaspace: 14995K->14995K(1062912K)
[2021-05-10T17:05:00.024+0800] GC(115) Pause Young (Normal) (G1 Humongous Allocation) 481M->481M(512M) 0.345ms
[2021-05-10T17:05:00.024+0800] GC(115) User=0.00s Sys=0.00s Real=0.00s
[2021-05-10T17:05:00.024+0800] GC(116) Using 10 workers of 10 for full compaction
[2021-05-10T17:05:00.024+0800] GC(116) Pause Full (G1 Humongous Allocation)
[2021-05-10T17:05:00.024+0800] GC(116) Phase 1: Mark live objects
[2021-05-10T17:05:00.025+0800] GC(116) Cleaned string and symbol table, strings: 5932 processed, 0 removed, symbols: 50052 processed, 0 removed
[2021-05-10T17:05:00.025+0800] GC(116) Phase 1: Mark live objects 1.282ms
[2021-05-10T17:05:00.025+0800] GC(116) Phase 2: Prepare for compaction
[2021-05-10T17:05:00.026+0800] GC(116) Phase 2: Prepare for compaction 0.368ms
[2021-05-10T17:05:00.026+0800] GC(116) Phase 3: Adjust pointers
[2021-05-10T17:05:00.027+0800] GC(116) Phase 3: Adjust pointers 0.885ms
[2021-05-10T17:05:00.027+0800] GC(116) Phase 4: Compact heap
[2021-05-10T17:05:00.044+0800] GC(116) Phase 4: Compact heap 17.151ms
[2021-05-10T17:05:00.045+0800] GC(116) Eden regions: 0->0(25)
[2021-05-10T17:05:00.045+0800] GC(116) Survivor regions: 0->0(4)
[2021-05-10T17:05:00.045+0800] GC(116) Old regions: 343->254
[2021-05-10T17:05:00.045+0800] GC(116) Humongous regions: 169->169
[2021-05-10T17:05:00.045+0800] GC(116) Metaspace: 14995K->14995K(1062912K)
[2021-05-10T17:05:00.045+0800] GC(116) Pause Full (G1 Humongous Allocation) 481M->387M(512M) 21.018ms
[2021-05-10T17:05:00.045+0800] GC(116) User=0.20s Sys=0.00s Real=0.02s
[2021-05-10T17:05:00.045+0800] GC(112) Concurrent Mark From Roots 23.164ms
[2021-05-10T17:05:00.045+0800] GC(112) Concurrent Mark Abort
[2021-05-10T17:05:00.045+0800] GC(112) Concurrent Cycle 23.320ms
[2021-05-10T17:05:00.046+0800] GC(117) Pause Young (Concurrent Start) (G1 Humongous Allocation)
[2021-05-10T17:05:00.046+0800] GC(117) Using 10 workers of 10 for evacuation
[2021-05-10T17:05:00.046+0800] GC(117)   Pre Evacuate Collection Set: 0.0ms
[2021-05-10T17:05:00.046+0800] GC(117)   Evacuate Collection Set: 0.3ms
[2021-05-10T17:05:00.046+0800] GC(117)   Post Evacuate Collection Set: 0.3ms
[2021-05-10T17:05:00.046+0800] GC(117)   Other: 0.1ms
[2021-05-10T17:05:00.046+0800] GC(117) Eden regions: 2->0(24)
[2021-05-10T17:05:00.046+0800] GC(117) Survivor regions: 0->1(4)
[2021-05-10T17:05:00.046+0800] GC(117) Old regions: 254->254
[2021-05-10T17:05:00.046+0800] GC(117) Humongous regions: 170->169
[2021-05-10T17:05:00.046+0800] GC(117) Metaspace: 14995K->14995K(1062912K)
[2021-05-10T17:05:00.046+0800] GC(117) Pause Young (Concurrent Start) (G1 Humongous Allocation) 389M->388M(512M) 0.806ms
[2021-05-10T17:05:00.046+0800] GC(117) User=0.00s Sys=0.00s Real=0.00s
[2021-05-10T17:05:00.046+0800] GC(118) Concurrent Cycle
[2021-05-10T17:05:00.046+0800] GC(118) Concurrent Clear Claimed Marks
[2021-05-10T17:05:00.046+0800] GC(118) Concurrent Clear Claimed Marks 0.016ms
[2021-05-10T17:05:00.046+0800] GC(118) Concurrent Scan Root Regions
[2021-05-10T17:05:00.047+0800] GC(118) Concurrent Scan Root Regions 0.110ms
[2021-05-10T17:05:00.047+0800] GC(118) Concurrent Mark (1.125s)
[2021-05-10T17:05:00.047+0800] GC(118) Concurrent Mark From Roots
[2021-05-10T17:05:00.047+0800] GC(118) Using 3 workers of 3 for marking
[2021-05-10T17:05:00.050+0800] GC(118) Concurrent Mark From Roots 3.042ms
[2021-05-10T17:05:00.050+0800] GC(118) Concurrent Preclean
[2021-05-10T17:05:00.050+0800] GC(118) Concurrent Preclean 0.061ms
[2021-05-10T17:05:00.050+0800] GC(118) Concurrent Mark (1.125s, 1.129s) 3.170ms
[2021-05-10T17:05:00.050+0800] GC(118) Pause Remark
[2021-05-10T17:05:00.051+0800] GC(118) Cleaned string and symbol table, strings: 5932 processed, 0 removed, symbols: 50052 processed, 0 removed
[2021-05-10T17:05:00.051+0800] GC(118) Pause Remark 427M->427M(512M) 0.930ms
[2021-05-10T17:05:00.051+0800] GC(118) User=0.00s Sys=0.00s Real=0.00s
[2021-05-10T17:05:00.051+0800] GC(118) Concurrent Rebuild Remembered Sets
[2021-05-10T17:05:00.052+0800] GC(119) Pause Young (Normal) (G1 Evacuation Pause)
[2021-05-10T17:05:00.052+0800] GC(119) Using 10 workers of 10 for evacuation
[2021-05-10T17:05:00.054+0800] GC(119)   Pre Evacuate Collection Set: 0.0ms
[2021-05-10T17:05:00.054+0800] GC(119)   Evacuate Collection Set: 0.9ms
[2021-05-10T17:05:00.054+0800] GC(119)   Post Evacuate Collection Set: 0.3ms
[2021-05-10T17:05:00.054+0800] GC(119)   Other: 0.1ms
[2021-05-10T17:05:00.054+0800] GC(119) Eden regions: 24->0(21)
[2021-05-10T17:05:00.054+0800] GC(119) Survivor regions: 1->4(4)
[2021-05-10T17:05:00.054+0800] GC(119) Old regions: 254->262
[2021-05-10T17:05:00.054+0800] GC(119) Humongous regions: 193->183
[2021-05-10T17:05:00.054+0800] GC(119) Metaspace: 14995K->14995K(1062912K)
[2021-05-10T17:05:00.054+0800] GC(119) Pause Young (Normal) (G1 Evacuation Pause) 435M->413M(512M) 1.407ms
[2021-05-10T17:05:00.054+0800] GC(119) User=0.00s Sys=0.00s Real=0.00s
[2021-05-10T17:05:00.054+0800] GC(118) Concurrent Rebuild Remembered Sets 3.309ms
[2021-05-10T17:05:00.055+0800] GC(118) Pause Cleanup
[2021-05-10T17:05:00.055+0800] GC(118) Pause Cleanup 417M->417M(512M) 0.169ms
[2021-05-10T17:05:00.055+0800] GC(118) User=0.00s Sys=0.00s Real=0.00s
[2021-05-10T17:05:00.055+0800] GC(118) Concurrent Cleanup for Next Mark
[2021-05-10T17:05:00.055+0800] GC(118) Concurrent Cleanup for Next Mark 0.367ms
[2021-05-10T17:05:00.055+0800] GC(118) Concurrent Cycle 8.735ms
[2021-05-10T17:05:00.058+0800] GC(120) Pause Young (Prepare Mixed) (G1 Evacuation Pause)
[2021-05-10T17:05:00.058+0800] GC(120) Using 10 workers of 10 for evacuation
[2021-05-10T17:05:00.060+0800] GC(120)   Pre Evacuate Collection Set: 0.1ms
[2021-05-10T17:05:00.060+0800] GC(120)   Evacuate Collection Set: 1.0ms
[2021-05-10T17:05:00.060+0800] GC(120)   Post Evacuate Collection Set: 0.3ms
[2021-05-10T17:05:00.060+0800] GC(120)   Other: 0.1ms
[2021-05-10T17:05:00.060+0800] GC(120) Eden regions: 21->0(21)
[2021-05-10T17:05:00.060+0800] GC(120) Survivor regions: 4->4(4)
[2021-05-10T17:05:00.060+0800] GC(120) Old regions: 262->272
[2021-05-10T17:05:00.060+0800] GC(120) Humongous regions: 197->178
[2021-05-10T17:05:00.060+0800] GC(120) Metaspace: 14995K->14995K(1062912K)
[2021-05-10T17:05:00.060+0800] GC(120) Pause Young (Prepare Mixed) (G1 Evacuation Pause) 448M->417M(512M) 1.607ms
[2021-05-10T17:05:00.060+0800] GC(120) User=0.00s Sys=0.00s Real=0.00s
[2021-05-10T17:05:00.064+0800] GC(121) Pause Young (Mixed) (G1 Evacuation Pause)
[2021-05-10T17:05:00.064+0800] GC(121) Using 10 workers of 10 for evacuation
[2021-05-10T17:05:00.066+0800] GC(121)   Pre Evacuate Collection Set: 0.1ms
[2021-05-10T17:05:00.066+0800] GC(121)   Evacuate Collection Set: 1.0ms
[2021-05-10T17:05:00.066+0800] GC(121)   Post Evacuate Collection Set: 0.3ms
[2021-05-10T17:05:00.066+0800] GC(121)   Other: 0.2ms
[2021-05-10T17:05:00.066+0800] GC(121) Eden regions: 21->0(21)
[2021-05-10T17:05:00.066+0800] GC(121) Survivor regions: 4->4(4)
[2021-05-10T17:05:00.066+0800] GC(121) Old regions: 272->278
[2021-05-10T17:05:00.066+0800] GC(121) Humongous regions: 192->170
[2021-05-10T17:05:00.066+0800] GC(121) Metaspace: 14995K->14995K(1062912K)
[2021-05-10T17:05:00.066+0800] GC(121) Pause Young (Mixed) (G1 Evacuation Pause) 452M->417M(512M) 1.637ms
[2021-05-10T17:05:00.066+0800] GC(121) User=0.00s Sys=0.00s Real=0.00s
[2021-05-10T17:05:00.066+0800] GC(122) Pause Young (Concurrent Start) (G1 Humongous Allocation)
[2021-05-10T17:05:00.066+0800] GC(122) Using 10 workers of 10 for evacuation
[2021-05-10T17:05:00.067+0800] GC(122)   Pre Evacuate Collection Set: 0.1ms
[2021-05-10T17:05:00.067+0800] GC(122)   Evacuate Collection Set: 0.5ms
[2021-05-10T17:05:00.067+0800] GC(122)   Post Evacuate Collection Set: 0.2ms
[2021-05-10T17:05:00.067+0800] GC(122)   Other: 0.1ms
[2021-05-10T17:05:00.067+0800] GC(122) Eden regions: 1->0(24)
[2021-05-10T17:05:00.067+0800] GC(122) Survivor regions: 4->1(4)
[2021-05-10T17:05:00.067+0800] GC(122) Old regions: 278->283
[2021-05-10T17:05:00.067+0800] GC(122) Humongous regions: 170->170
[2021-05-10T17:05:00.067+0800] GC(122) Metaspace: 14995K->14995K(1062912K)
[2021-05-10T17:05:00.067+0800] GC(122) Pause Young (Concurrent Start) (G1 Humongous Allocation) 418M->418M(512M) 1.019ms
[2021-05-10T17:05:00.067+0800] GC(122) User=0.00s Sys=0.00s Real=0.00s
[2021-05-10T17:05:00.067+0800] GC(123) Concurrent Cycle
[2021-05-10T17:05:00.067+0800] GC(123) Concurrent Clear Claimed Marks
[2021-05-10T17:05:00.067+0800] GC(123) Concurrent Clear Claimed Marks 0.016ms
[2021-05-10T17:05:00.067+0800] GC(123) Concurrent Scan Root Regions
[2021-05-10T17:05:00.067+0800] GC(123) Concurrent Scan Root Regions 0.098ms
[2021-05-10T17:05:00.067+0800] GC(123) Concurrent Mark (1.146s)
[2021-05-10T17:05:00.067+0800] GC(123) Concurrent Mark From Roots
[2021-05-10T17:05:00.067+0800] GC(123) Using 3 workers of 3 for marking
[2021-05-10T17:05:00.070+0800] GC(123) Concurrent Mark From Roots 2.881ms
[2021-05-10T17:05:00.070+0800] GC(123) Concurrent Preclean
[2021-05-10T17:05:00.070+0800] GC(123) Concurrent Preclean 0.065ms
[2021-05-10T17:05:00.070+0800] GC(123) Concurrent Mark (1.146s, 1.149s) 3.066ms
[2021-05-10T17:05:00.071+0800] GC(123) Pause Remark
[2021-05-10T17:05:00.071+0800] GC(123) Cleaned string and symbol table, strings: 5932 processed, 0 removed, symbols: 50052 processed, 0 removed
[2021-05-10T17:05:00.071+0800] GC(123) Pause Remark 446M->446M(512M) 0.830ms
[2021-05-10T17:05:00.071+0800] GC(123) User=0.00s Sys=0.00s Real=0.00s
[2021-05-10T17:05:00.072+0800] GC(123) Concurrent Rebuild Remembered Sets
[2021-05-10T17:05:00.073+0800] GC(123) Concurrent Rebuild Remembered Sets 1.364ms
[2021-05-10T17:05:00.073+0800] GC(123) Pause Cleanup
[2021-05-10T17:05:00.073+0800] GC(123) Pause Cleanup 461M->461M(512M) 0.151ms
[2021-05-10T17:05:00.073+0800] GC(123) User=0.00s Sys=0.00s Real=0.00s
[2021-05-10T17:05:00.073+0800] GC(123) Concurrent Cleanup for Next Mark
[2021-05-10T17:05:00.074+0800] GC(124) Pause Young (Prepare Mixed) (G1 Evacuation Pause)
[2021-05-10T17:05:00.074+0800] GC(124) Using 10 workers of 10 for evacuation
[2021-05-10T17:05:00.075+0800] GC(124)   Pre Evacuate Collection Set: 0.1ms
[2021-05-10T17:05:00.075+0800] GC(124)   Evacuate Collection Set: 0.8ms
[2021-05-10T17:05:00.075+0800] GC(124)   Post Evacuate Collection Set: 0.3ms
[2021-05-10T17:05:00.075+0800] GC(124)   Other: 0.1ms
[2021-05-10T17:05:00.075+0800] GC(124) Eden regions: 24->0(21)
[2021-05-10T17:05:00.075+0800] GC(124) Survivor regions: 1->4(4)
[2021-05-10T17:05:00.075+0800] GC(124) Old regions: 283->288
[2021-05-10T17:05:00.075+0800] GC(124) Humongous regions: 191->171
[2021-05-10T17:05:00.075+0800] GC(124) Metaspace: 14995K->14995K(1062912K)
[2021-05-10T17:05:00.075+0800] GC(124) Pause Young (Prepare Mixed) (G1 Evacuation Pause) 462M->428M(512M) 1.303ms
[2021-05-10T17:05:00.075+0800] GC(124) User=0.00s Sys=0.00s Real=0.00s
[2021-05-10T17:05:00.075+0800] GC(123) Concurrent Cleanup for Next Mark 1.836ms
[2021-05-10T17:05:00.075+0800] GC(123) Concurrent Cycle 7.858ms
[2021-05-10T17:05:00.078+0800] GC(125) Pause Young (Mixed) (G1 Evacuation Pause)
[2021-05-10T17:05:00.078+0800] GC(125) Using 10 workers of 10 for evacuation
[2021-05-10T17:05:00.081+0800] GC(125) To-space exhausted
[2021-05-10T17:05:00.081+0800] GC(125)   Pre Evacuate Collection Set: 0.1ms
[2021-05-10T17:05:00.081+0800] GC(125)   Evacuate Collection Set: 1.4ms
[2021-05-10T17:05:00.081+0800] GC(125)   Post Evacuate Collection Set: 0.6ms
[2021-05-10T17:05:00.081+0800] GC(125)   Other: 0.1ms
[2021-05-10T17:05:00.081+0800] GC(125) Eden regions: 21->0(22)
[2021-05-10T17:05:00.081+0800] GC(125) Survivor regions: 4->3(4)
[2021-05-10T17:05:00.081+0800] GC(125) Old regions: 288->315
[2021-05-10T17:05:00.081+0800] GC(125) Humongous regions: 182->171
[2021-05-10T17:05:00.081+0800] GC(125) Metaspace: 14995K->14995K(1062912K)
[2021-05-10T17:05:00.081+0800] GC(125) Pause Young (Mixed) (G1 Evacuation Pause) 460M->455M(512M) 2.293ms
[2021-05-10T17:05:00.081+0800] GC(125) User=0.00s Sys=0.00s Real=0.00s
[2021-05-10T17:05:00.083+0800] GC(126) Pause Young (Mixed) (G1 Evacuation Pause)
[2021-05-10T17:05:00.083+0800] GC(126) Using 10 workers of 10 for evacuation
[2021-05-10T17:05:00.084+0800] GC(126) To-space exhausted
[2021-05-10T17:05:00.084+0800] GC(126)   Pre Evacuate Collection Set: 0.1ms
[2021-05-10T17:05:00.084+0800] GC(126)   Evacuate Collection Set: 0.2ms
[2021-05-10T17:05:00.085+0800] GC(126)   Post Evacuate Collection Set: 0.2ms
[2021-05-10T17:05:00.085+0800] GC(126)   Other: 0.6ms
[2021-05-10T17:05:00.085+0800] GC(126) Eden regions: 15->0(25)
[2021-05-10T17:05:00.085+0800] GC(126) Survivor regions: 3->0(4)
[2021-05-10T17:05:00.085+0800] GC(126) Old regions: 315->332
[2021-05-10T17:05:00.085+0800] GC(126) Humongous regions: 179->171
[2021-05-10T17:05:00.085+0800] GC(126) Metaspace: 14995K->14995K(1062912K)
[2021-05-10T17:05:00.085+0800] GC(126) Pause Young (Mixed) (G1 Evacuation Pause) 478M->469M(512M) 1.221ms
[2021-05-10T17:05:00.085+0800] GC(126) User=0.00s Sys=0.00s Real=0.00s
[2021-05-10T17:05:00.085+0800] GC(127) Pause Young (Concurrent Start) (G1 Humongous Allocation)
[2021-05-10T17:05:00.085+0800] GC(127) Using 10 workers of 10 for evacuation
[2021-05-10T17:05:00.086+0800] GC(127)   Pre Evacuate Collection Set: 0.1ms
[2021-05-10T17:05:00.086+0800] GC(127)   Evacuate Collection Set: 0.3ms
[2021-05-10T17:05:00.086+0800] GC(127)   Post Evacuate Collection Set: 0.2ms
[2021-05-10T17:05:00.086+0800] GC(127)   Other: 0.1ms
[2021-05-10T17:05:00.086+0800] GC(127) Eden regions: 3->0(24)
[2021-05-10T17:05:00.086+0800] GC(127) Survivor regions: 0->1(4)
[2021-05-10T17:05:00.086+0800] GC(127) Old regions: 332->332
[2021-05-10T17:05:00.086+0800] GC(127) Humongous regions: 171->170
[2021-05-10T17:05:00.086+0800] GC(127) Metaspace: 14995K->14995K(1062912K)
[2021-05-10T17:05:00.086+0800] GC(127) Pause Young (Concurrent Start) (G1 Humongous Allocation) 472M->469M(512M) 0.692ms
[2021-05-10T17:05:00.086+0800] GC(127) User=0.00s Sys=0.00s Real=0.00s
[2021-05-10T17:05:00.086+0800] GC(128) Concurrent Cycle
[2021-05-10T17:05:00.086+0800] GC(128) Concurrent Clear Claimed Marks
[2021-05-10T17:05:00.086+0800] GC(128) Concurrent Clear Claimed Marks 0.014ms
[2021-05-10T17:05:00.086+0800] GC(128) Concurrent Scan Root Regions
[2021-05-10T17:05:00.086+0800] GC(128) Concurrent Scan Root Regions 0.087ms
[2021-05-10T17:05:00.086+0800] GC(128) Concurrent Mark (1.164s)
[2021-05-10T17:05:00.086+0800] GC(128) Concurrent Mark From Roots
[2021-05-10T17:05:00.086+0800] GC(128) Using 3 workers of 3 for marking
[2021-05-10T17:05:00.087+0800] GC(129) Pause Young (Normal) (G1 Humongous Allocation)
[2021-05-10T17:05:00.087+0800] GC(129) Using 10 workers of 10 for evacuation
[2021-05-10T17:05:00.087+0800] GC(129) To-space exhausted
[2021-05-10T17:05:00.087+0800] GC(129)   Pre Evacuate Collection Set: 0.1ms
[2021-05-10T17:05:00.087+0800] GC(129)   Evacuate Collection Set: 0.1ms
[2021-05-10T17:05:00.087+0800] GC(129)   Post Evacuate Collection Set: 0.4ms
[2021-05-10T17:05:00.087+0800] GC(129)   Other: 0.1ms
[2021-05-10T17:05:00.087+0800] GC(129) Eden regions: 7->0(25)
[2021-05-10T17:05:00.087+0800] GC(129) Survivor regions: 1->0(4)
[2021-05-10T17:05:00.087+0800] GC(129) Old regions: 332->340
[2021-05-10T17:05:00.087+0800] GC(129) Humongous regions: 172->170
[2021-05-10T17:05:00.087+0800] GC(129) Metaspace: 14995K->14995K(1062912K)
[2021-05-10T17:05:00.087+0800] GC(129) Pause Young (Normal) (G1 Humongous Allocation) 478M->476M(512M) 0.727ms
[2021-05-10T17:05:00.087+0800] GC(129) User=0.00s Sys=0.00s Real=0.00s
[2021-05-10T17:05:00.088+0800] GC(130) Pause Young (Normal) (G1 Humongous Allocation)
[2021-05-10T17:05:00.088+0800] GC(130) Using 10 workers of 10 for evacuation
[2021-05-10T17:05:00.088+0800] GC(130) To-space exhausted
[2021-05-10T17:05:00.088+0800] GC(130)   Pre Evacuate Collection Set: 0.0ms
[2021-05-10T17:05:00.088+0800] GC(130)   Evacuate Collection Set: 0.1ms
[2021-05-10T17:05:00.088+0800] GC(130)   Post Evacuate Collection Set: 0.2ms
[2021-05-10T17:05:00.088+0800] GC(130)   Other: 0.1ms
[2021-05-10T17:05:00.088+0800] GC(130) Eden regions: 1->0(25)
[2021-05-10T17:05:00.088+0800] GC(130) Survivor regions: 0->0(4)
[2021-05-10T17:05:00.088+0800] GC(130) Old regions: 340->341
[2021-05-10T17:05:00.088+0800] GC(130) Humongous regions: 171->170
[2021-05-10T17:05:00.088+0800] GC(130) Metaspace: 14995K->14995K(1062912K)
[2021-05-10T17:05:00.088+0800] GC(130) Pause Young (Normal) (G1 Humongous Allocation) 478M->477M(512M) 0.543ms
[2021-05-10T17:05:00.088+0800] GC(130) User=0.00s Sys=0.00s Real=0.00s
[2021-05-10T17:05:00.088+0800] GC(131) Pause Young (Normal) (G1 Evacuation Pause)
[2021-05-10T17:05:00.088+0800] GC(131) Using 10 workers of 10 for evacuation
[2021-05-10T17:05:00.089+0800] GC(131)   Pre Evacuate Collection Set: 0.0ms
[2021-05-10T17:05:00.089+0800] GC(131)   Evacuate Collection Set: 0.1ms
[2021-05-10T17:05:00.089+0800] GC(131)   Post Evacuate Collection Set: 0.1ms
[2021-05-10T17:05:00.089+0800] GC(131)   Other: 0.0ms
[2021-05-10T17:05:00.089+0800] GC(131) Eden regions: 0->0(25)
[2021-05-10T17:05:00.089+0800] GC(131) Survivor regions: 0->0(4)
[2021-05-10T17:05:00.089+0800] GC(131) Old regions: 341->341
[2021-05-10T17:05:00.089+0800] GC(131) Humongous regions: 171->170
[2021-05-10T17:05:00.089+0800] GC(131) Metaspace: 14995K->14995K(1062912K)
[2021-05-10T17:05:00.089+0800] GC(131) Pause Young (Normal) (G1 Evacuation Pause) 478M->477M(512M) 0.395ms
[2021-05-10T17:05:00.089+0800] GC(131) User=0.02s Sys=0.05s Real=0.00s
[2021-05-10T17:05:00.089+0800] GC(132) Pause Young (Normal) (G1 Humongous Allocation)
[2021-05-10T17:05:00.089+0800] GC(132) Using 10 workers of 10 for evacuation
[2021-05-10T17:05:00.089+0800] GC(132)   Pre Evacuate Collection Set: 0.1ms
[2021-05-10T17:05:00.089+0800] GC(132)   Evacuate Collection Set: 0.1ms
[2021-05-10T17:05:00.089+0800] GC(132)   Post Evacuate Collection Set: 0.1ms
[2021-05-10T17:05:00.089+0800] GC(132)   Other: 0.0ms
[2021-05-10T17:05:00.089+0800] GC(132) Eden regions: 1->0(25)
[2021-05-10T17:05:00.089+0800] GC(132) Survivor regions: 0->0(4)
[2021-05-10T17:05:00.089+0800] GC(132) Old regions: 341->341
[2021-05-10T17:05:00.089+0800] GC(132) Humongous regions: 170->170
[2021-05-10T17:05:00.089+0800] GC(132) Metaspace: 14995K->14995K(1062912K)
[2021-05-10T17:05:00.089+0800] GC(132) Pause Young (Normal) (G1 Humongous Allocation) 477M->477M(512M) 0.326ms
[2021-05-10T17:05:00.089+0800] GC(132) User=0.00s Sys=0.00s Real=0.00s
[2021-05-10T17:05:00.089+0800] GC(133) Pause Young (Normal) (G1 Evacuation Pause)
[2021-05-10T17:05:00.089+0800] GC(133) Using 10 workers of 10 for evacuation
[2021-05-10T17:05:00.090+0800] GC(133)   Pre Evacuate Collection Set: 0.0ms
[2021-05-10T17:05:00.090+0800] GC(133)   Evacuate Collection Set: 0.1ms
[2021-05-10T17:05:00.090+0800] GC(133)   Post Evacuate Collection Set: 0.0ms
[2021-05-10T17:05:00.090+0800] GC(133)   Other: 0.0ms
[2021-05-10T17:05:00.090+0800] GC(133) Eden regions: 0->0(25)
[2021-05-10T17:05:00.090+0800] GC(133) Survivor regions: 0->0(4)
[2021-05-10T17:05:00.090+0800] GC(133) Old regions: 341->341
[2021-05-10T17:05:00.090+0800] GC(133) Humongous regions: 171->171
[2021-05-10T17:05:00.090+0800] GC(133) Metaspace: 14995K->14995K(1062912K)
[2021-05-10T17:05:00.090+0800] GC(133) Pause Young (Normal) (G1 Evacuation Pause) 478M->478M(512M) 0.288ms
[2021-05-10T17:05:00.090+0800] GC(133) User=0.00s Sys=0.00s Real=0.00s
[2021-05-10T17:05:00.090+0800] GC(134) Using 10 workers of 10 for full compaction
[2021-05-10T17:05:00.090+0800] GC(134) Pause Full (G1 Evacuation Pause)
[2021-05-10T17:05:00.090+0800] GC(134) Phase 1: Mark live objects
[2021-05-10T17:05:00.091+0800] GC(134) Cleaned string and symbol table, strings: 5932 processed, 0 removed, symbols: 50052 processed, 0 removed
[2021-05-10T17:05:00.091+0800] GC(134) Phase 1: Mark live objects 1.333ms
[2021-05-10T17:05:00.091+0800] GC(134) Phase 2: Prepare for compaction
[2021-05-10T17:05:00.092+0800] GC(134) Phase 2: Prepare for compaction 0.328ms
[2021-05-10T17:05:00.092+0800] GC(134) Phase 3: Adjust pointers
[2021-05-10T17:05:00.093+0800] GC(134) Phase 3: Adjust pointers 0.885ms
[2021-05-10T17:05:00.093+0800] GC(134) Phase 4: Compact heap
[2021-05-10T17:05:00.108+0800] GC(134) Phase 4: Compact heap 15.699ms
[2021-05-10T17:05:00.109+0800] GC(134) Eden regions: 0->0(25)
[2021-05-10T17:05:00.109+0800] GC(134) Survivor regions: 0->0(4)
[2021-05-10T17:05:00.109+0800] GC(134) Old regions: 341->253
[2021-05-10T17:05:00.109+0800] GC(134) Humongous regions: 171->171
[2021-05-10T17:05:00.109+0800] GC(134) Metaspace: 14995K->14995K(1062912K)
[2021-05-10T17:05:00.109+0800] GC(134) Pause Full (G1 Evacuation Pause) 478M->390M(512M) 19.531ms
[2021-05-10T17:05:00.110+0800] GC(134) User=0.08s Sys=0.00s Real=0.02s
[2021-05-10T17:05:00.110+0800] GC(128) Concurrent Mark From Roots 24.054ms
[2021-05-10T17:05:00.110+0800] GC(128) Concurrent Mark Abort
[2021-05-10T17:05:00.110+0800] GC(128) Concurrent Cycle 24.265ms
[2021-05-10T17:05:00.110+0800] GC(135) Pause Young (Concurrent Start) (G1 Humongous Allocation)
[2021-05-10T17:05:00.110+0800] GC(135) Using 10 workers of 10 for evacuation
[2021-05-10T17:05:00.111+0800] GC(135)   Pre Evacuate Collection Set: 0.0ms
[2021-05-10T17:05:00.111+0800] GC(135)   Evacuate Collection Set: 0.2ms
[2021-05-10T17:05:00.111+0800] GC(135)   Post Evacuate Collection Set: 0.2ms
[2021-05-10T17:05:00.111+0800] GC(135)   Other: 0.2ms
[2021-05-10T17:05:00.111+0800] GC(135) Eden regions: 2->0(24)
[2021-05-10T17:05:00.111+0800] GC(135) Survivor regions: 0->1(4)
[2021-05-10T17:05:00.111+0800] GC(135) Old regions: 253->253
[2021-05-10T17:05:00.111+0800] GC(135) Humongous regions: 171->171
[2021-05-10T17:05:00.111+0800] GC(135) Metaspace: 14995K->14995K(1062912K)
[2021-05-10T17:05:00.111+0800] GC(135) Pause Young (Concurrent Start) (G1 Humongous Allocation) 392M->391M(512M) 0.776ms
[2021-05-10T17:05:00.111+0800] GC(135) User=0.00s Sys=0.00s Real=0.00s
[2021-05-10T17:05:00.111+0800] GC(136) Concurrent Cycle
[2021-05-10T17:05:00.111+0800] GC(136) Concurrent Clear Claimed Marks
[2021-05-10T17:05:00.111+0800] GC(136) Concurrent Clear Claimed Marks 0.017ms
[2021-05-10T17:05:00.111+0800] GC(136) Concurrent Scan Root Regions
[2021-05-10T17:05:00.111+0800] GC(136) Concurrent Scan Root Regions 0.091ms
[2021-05-10T17:05:00.111+0800] GC(136) Concurrent Mark (1.190s)
[2021-05-10T17:05:00.111+0800] GC(136) Concurrent Mark From Roots
[2021-05-10T17:05:00.111+0800] GC(136) Using 3 workers of 3 for marking
[2021-05-10T17:05:00.114+0800] GC(136) Concurrent Mark From Roots 2.929ms
[2021-05-10T17:05:00.114+0800] GC(136) Concurrent Preclean
[2021-05-10T17:05:00.114+0800] GC(136) Concurrent Preclean 0.062ms
[2021-05-10T17:05:00.114+0800] GC(136) Concurrent Mark (1.190s, 1.193s) 3.068ms
[2021-05-10T17:05:00.114+0800] GC(136) Pause Remark
[2021-05-10T17:05:00.115+0800] GC(136) Cleaned string and symbol table, strings: 5932 processed, 0 removed, symbols: 50052 processed, 0 removed
[2021-05-10T17:05:00.115+0800] GC(136) Pause Remark 428M->428M(512M) 0.992ms
[2021-05-10T17:05:00.115+0800] GC(136) User=0.00s Sys=0.00s Real=0.00s
[2021-05-10T17:05:00.115+0800] GC(136) Concurrent Rebuild Remembered Sets
[2021-05-10T17:05:00.117+0800] GC(137) Pause Young (Normal) (G1 Evacuation Pause)
[2021-05-10T17:05:00.117+0800] GC(137) Using 10 workers of 10 for evacuation
[2021-05-10T17:05:00.118+0800] GC(137)   Pre Evacuate Collection Set: 0.0ms
[2021-05-10T17:05:00.118+0800] GC(137)   Evacuate Collection Set: 0.7ms
[2021-05-10T17:05:00.118+0800] GC(137)   Post Evacuate Collection Set: 0.3ms
[2021-05-10T17:05:00.118+0800] GC(137)   Other: 0.1ms
[2021-05-10T17:05:00.118+0800] GC(137) Eden regions: 24->0(21)
[2021-05-10T17:05:00.118+0800] GC(137) Survivor regions: 1->4(4)
[2021-05-10T17:05:00.118+0800] GC(137) Old regions: 253->260
[2021-05-10T17:05:00.118+0800] GC(137) Humongous regions: 190->179
[2021-05-10T17:05:00.118+0800] GC(137) Metaspace: 14995K->14995K(1062912K)
[2021-05-10T17:05:00.118+0800] GC(137) Pause Young (Normal) (G1 Evacuation Pause) 434M->409M(512M) 1.240ms
[2021-05-10T17:05:00.118+0800] GC(137) User=0.00s Sys=0.00s Real=0.00s
[2021-05-10T17:05:00.118+0800] GC(136) Concurrent Rebuild Remembered Sets 2.985ms
[2021-05-10T17:05:00.118+0800] GC(136) Pause Cleanup
[2021-05-10T17:05:00.119+0800] GC(136) Pause Cleanup 414M->414M(512M) 0.196ms
[2021-05-10T17:05:00.119+0800] GC(136) User=0.00s Sys=0.00s Real=0.00s
[2021-05-10T17:05:00.119+0800] GC(136) Concurrent Cleanup for Next Mark
[2021-05-10T17:05:00.119+0800] GC(136) Concurrent Cleanup for Next Mark 0.336ms
[2021-05-10T17:05:00.119+0800] GC(136) Concurrent Cycle 8.273ms
[2021-05-10T17:05:00.119+0800] GC(138) Pause Young (Concurrent Start) (G1 Humongous Allocation)
[2021-05-10T17:05:00.119+0800] GC(138) Using 10 workers of 10 for evacuation
[2021-05-10T17:05:00.121+0800] GC(138)   Pre Evacuate Collection Set: 0.1ms
[2021-05-10T17:05:00.121+0800] GC(138)   Evacuate Collection Set: 0.8ms
[2021-05-10T17:05:00.121+0800] GC(138)   Post Evacuate Collection Set: 0.2ms
[2021-05-10T17:05:00.121+0800] GC(138)   Other: 0.1ms
[2021-05-10T17:05:00.121+0800] GC(138) Eden regions: 9->0(21)
[2021-05-10T17:05:00.121+0800] GC(138) Survivor regions: 4->4(4)
[2021-05-10T17:05:00.121+0800] GC(138) Old regions: 260->264
[2021-05-10T17:05:00.121+0800] GC(138) Humongous regions: 180->173
[2021-05-10T17:05:00.121+0800] GC(138) Metaspace: 14995K->14995K(1062912K)
[2021-05-10T17:05:00.121+0800] GC(138) Pause Young (Concurrent Start) (G1 Humongous Allocation) 418M->407M(512M) 1.317ms
[2021-05-10T17:05:00.121+0800] GC(138) User=0.03s Sys=0.00s Real=0.00s
[2021-05-10T17:05:00.121+0800] GC(139) Concurrent Cycle
[2021-05-10T17:05:00.121+0800] GC(139) Concurrent Clear Claimed Marks
[2021-05-10T17:05:00.121+0800] GC(139) Concurrent Clear Claimed Marks 0.014ms
[2021-05-10T17:05:00.121+0800] GC(139) Concurrent Scan Root Regions
[2021-05-10T17:05:00.121+0800] GC(139) Concurrent Scan Root Regions 0.090ms
[2021-05-10T17:05:00.121+0800] GC(139) Concurrent Mark (1.200s)
[2021-05-10T17:05:00.121+0800] GC(139) Concurrent Mark From Roots
[2021-05-10T17:05:00.121+0800] GC(139) Using 3 workers of 3 for marking
[2021-05-10T17:05:00.124+0800] GC(139) Concurrent Mark From Roots 2.807ms
[2021-05-10T17:05:00.124+0800] GC(139) Concurrent Preclean
[2021-05-10T17:05:00.124+0800] GC(139) Concurrent Preclean 0.059ms
[2021-05-10T17:05:00.124+0800] GC(139) Concurrent Mark (1.200s, 1.203s) 2.925ms
[2021-05-10T17:05:00.124+0800] GC(139) Pause Remark
[2021-05-10T17:05:00.125+0800] GC(139) Cleaned string and symbol table, strings: 5932 processed, 0 removed, symbols: 50052 processed, 0 removed
[2021-05-10T17:05:00.125+0800] GC(139) Pause Remark 433M->433M(512M) 0.969ms
[2021-05-10T17:05:00.125+0800] GC(139) User=0.00s Sys=0.00s Real=0.00s
[2021-05-10T17:05:00.125+0800] GC(139) Concurrent Rebuild Remembered Sets
[2021-05-10T17:05:00.126+0800] GC(140) Pause Young (Normal) (G1 Evacuation Pause)
[2021-05-10T17:05:00.127+0800] GC(140) Using 10 workers of 10 for evacuation
[2021-05-10T17:05:00.128+0800] GC(140)   Pre Evacuate Collection Set: 0.1ms
[2021-05-10T17:05:00.128+0800] GC(140)   Evacuate Collection Set: 0.7ms
[2021-05-10T17:05:00.128+0800] GC(140)   Post Evacuate Collection Set: 0.2ms
[2021-05-10T17:05:00.128+0800] GC(140)   Other: 0.1ms
[2021-05-10T17:05:00.128+0800] GC(140) Eden regions: 21->0(21)
[2021-05-10T17:05:00.128+0800] GC(140) Survivor regions: 4->4(4)
[2021-05-10T17:05:00.128+0800] GC(140) Old regions: 264->271
[2021-05-10T17:05:00.128+0800] GC(140) Humongous regions: 190->176
[2021-05-10T17:05:00.128+0800] GC(140) Metaspace: 14995K->14995K(1062912K)
[2021-05-10T17:05:00.128+0800] GC(140) Pause Young (Normal) (G1 Evacuation Pause) 445M->417M(512M) 1.198ms
[2021-05-10T17:05:00.128+0800] GC(140) User=0.00s Sys=0.00s Real=0.00s
[2021-05-10T17:05:00.128+0800] GC(139) Concurrent Rebuild Remembered Sets 2.782ms
[2021-05-10T17:05:00.128+0800] GC(139) Pause Cleanup
[2021-05-10T17:05:00.128+0800] GC(139) Pause Cleanup 419M->419M(512M) 0.159ms
[2021-05-10T17:05:00.128+0800] GC(139) User=0.00s Sys=0.00s Real=0.00s
[2021-05-10T17:05:00.128+0800] GC(139) Concurrent Cleanup for Next Mark
[2021-05-10T17:05:00.129+0800] GC(139) Concurrent Cleanup for Next Mark 0.319ms
[2021-05-10T17:05:00.129+0800] GC(139) Concurrent Cycle 7.826ms
[2021-05-10T17:05:00.132+0800] GC(141) Pause Young (Prepare Mixed) (G1 Evacuation Pause)
[2021-05-10T17:05:00.132+0800] GC(141) Using 10 workers of 10 for evacuation
[2021-05-10T17:05:00.133+0800] GC(141)   Pre Evacuate Collection Set: 0.1ms
[2021-05-10T17:05:00.133+0800] GC(141)   Evacuate Collection Set: 1.0ms
[2021-05-10T17:05:00.133+0800] GC(141)   Post Evacuate Collection Set: 0.3ms
[2021-05-10T17:05:00.134+0800] GC(141)   Other: 0.1ms
[2021-05-10T17:05:00.134+0800] GC(141) Eden regions: 21->0(21)
[2021-05-10T17:05:00.134+0800] GC(141) Survivor regions: 4->4(4)
[2021-05-10T17:05:00.134+0800] GC(141) Old regions: 271->281
[2021-05-10T17:05:00.134+0800] GC(141) Humongous regions: 186->179
[2021-05-10T17:05:00.134+0800] GC(141) Metaspace: 14995K->14995K(1062912K)
[2021-05-10T17:05:00.134+0800] GC(141) Pause Young (Prepare Mixed) (G1 Evacuation Pause) 448M->430M(512M) 1.647ms
[2021-05-10T17:05:00.134+0800] GC(141) User=0.00s Sys=0.00s Real=0.00s
[2021-05-10T17:05:00.137+0800] GC(142) Pause Young (Mixed) (G1 Evacuation Pause)
[2021-05-10T17:05:00.137+0800] GC(142) Using 10 workers of 10 for evacuation
[2021-05-10T17:05:00.140+0800] GC(142) To-space exhausted
[2021-05-10T17:05:00.140+0800] GC(142)   Pre Evacuate Collection Set: 0.1ms
[2021-05-10T17:05:00.140+0800] GC(142)   Evacuate Collection Set: 1.4ms
[2021-05-10T17:05:00.140+0800] GC(142)   Post Evacuate Collection Set: 0.6ms
[2021-05-10T17:05:00.140+0800] GC(142)   Other: 0.2ms
[2021-05-10T17:05:00.140+0800] GC(142) Eden regions: 21->0(21)
[2021-05-10T17:05:00.140+0800] GC(142) Survivor regions: 4->4(4)
[2021-05-10T17:05:00.140+0800] GC(142) Old regions: 281->295
[2021-05-10T17:05:00.140+0800] GC(142) Humongous regions: 189->183
[2021-05-10T17:05:00.140+0800] GC(142) Metaspace: 14995K->14995K(1062912K)
[2021-05-10T17:05:00.140+0800] GC(142) Pause Young (Mixed) (G1 Evacuation Pause) 461M->452M(512M) 2.375ms
[2021-05-10T17:05:00.140+0800] GC(142) User=0.00s Sys=0.00s Real=0.00s
[2021-05-10T17:05:00.140+0800] GC(143) Pause Young (Concurrent Start) (G1 Humongous Allocation)
[2021-05-10T17:05:00.140+0800] GC(143) Using 10 workers of 10 for evacuation
[2021-05-10T17:05:00.140+0800] GC(143)   Pre Evacuate Collection Set: 0.1ms
[2021-05-10T17:05:00.140+0800] GC(143)   Evacuate Collection Set: 0.5ms
[2021-05-10T17:05:00.140+0800] GC(143)   Post Evacuate Collection Set: 0.2ms
[2021-05-10T17:05:00.140+0800] GC(143)   Other: 0.1ms
[2021-05-10T17:05:00.140+0800] GC(143) Eden regions: 1->0(24)
[2021-05-10T17:05:00.140+0800] GC(143) Survivor regions: 4->1(4)
[2021-05-10T17:05:00.140+0800] GC(143) Old regions: 295->299
[2021-05-10T17:05:00.140+0800] GC(143) Humongous regions: 183->183
[2021-05-10T17:05:00.141+0800] GC(143) Metaspace: 14995K->14995K(1062912K)
[2021-05-10T17:05:00.141+0800] GC(143) Pause Young (Concurrent Start) (G1 Humongous Allocation) 452M->452M(512M) 0.949ms
[2021-05-10T17:05:00.141+0800] GC(143) User=0.00s Sys=0.00s Real=0.00s
[2021-05-10T17:05:00.141+0800] GC(144) Concurrent Cycle
[2021-05-10T17:05:00.141+0800] GC(144) Concurrent Clear Claimed Marks
[2021-05-10T17:05:00.141+0800] GC(144) Concurrent Clear Claimed Marks 0.017ms
[2021-05-10T17:05:00.141+0800] GC(144) Concurrent Scan Root Regions
[2021-05-10T17:05:00.141+0800] GC(144) Concurrent Scan Root Regions 0.093ms
[2021-05-10T17:05:00.141+0800] GC(144) Concurrent Mark (1.220s)
[2021-05-10T17:05:00.141+0800] GC(144) Concurrent Mark From Roots
[2021-05-10T17:05:00.141+0800] GC(144) Using 3 workers of 3 for marking
[2021-05-10T17:05:00.145+0800] GC(145) Pause Young (Normal) (G1 Humongous Allocation)
[2021-05-10T17:05:00.145+0800] GC(145) Using 10 workers of 10 for evacuation
[2021-05-10T17:05:00.145+0800] GC(145) To-space exhausted
[2021-05-10T17:05:00.145+0800] GC(145)   Pre Evacuate Collection Set: 0.1ms
[2021-05-10T17:05:00.145+0800] GC(145)   Evacuate Collection Set: 0.1ms
[2021-05-10T17:05:00.145+0800] GC(145)   Post Evacuate Collection Set: 0.5ms
[2021-05-10T17:05:00.145+0800] GC(145)   Other: 0.1ms
[2021-05-10T17:05:00.145+0800] GC(145) Eden regions: 18->0(25)
[2021-05-10T17:05:00.145+0800] GC(145) Survivor regions: 1->0(4)
[2021-05-10T17:05:00.145+0800] GC(145) Old regions: 299->318
[2021-05-10T17:05:00.145+0800] GC(145) Humongous regions: 194->183
[2021-05-10T17:05:00.145+0800] GC(145) Metaspace: 14995K->14995K(1062912K)
[2021-05-10T17:05:00.145+0800] GC(145) Pause Young (Normal) (G1 Humongous Allocation) 481M->470M(512M) 0.928ms
[2021-05-10T17:05:00.145+0800] GC(145) User=0.00s Sys=0.00s Real=0.00s
[2021-05-10T17:05:00.146+0800] GC(144) Concurrent Mark From Roots 4.049ms
[2021-05-10T17:05:00.146+0800] GC(144) Concurrent Preclean
[2021-05-10T17:05:00.146+0800] GC(144) Concurrent Preclean 0.054ms
[2021-05-10T17:05:00.146+0800] GC(144) Concurrent Mark (1.220s, 1.224s) 4.152ms
[2021-05-10T17:05:00.146+0800] GC(144) Pause Remark
[2021-05-10T17:05:00.146+0800] GC(144) Cleaned string and symbol table, strings: 5932 processed, 0 removed, symbols: 50052 processed, 0 removed
[2021-05-10T17:05:00.147+0800] GC(144) Pause Remark 473M->473M(512M) 0.899ms
[2021-05-10T17:05:00.147+0800] GC(144) User=0.00s Sys=0.00s Real=0.00s
[2021-05-10T17:05:00.147+0800] GC(144) Concurrent Rebuild Remembered Sets
[2021-05-10T17:05:00.148+0800] GC(146) Pause Young (Normal) (G1 Humongous Allocation)
[2021-05-10T17:05:00.148+0800] GC(146) Using 10 workers of 10 for evacuation
[2021-05-10T17:05:00.149+0800] GC(146) To-space exhausted
[2021-05-10T17:05:00.149+0800] GC(146)   Pre Evacuate Collection Set: 0.1ms
[2021-05-10T17:05:00.149+0800] GC(146)   Evacuate Collection Set: 0.1ms
[2021-05-10T17:05:00.149+0800] GC(146)   Post Evacuate Collection Set: 0.4ms
[2021-05-10T17:05:00.149+0800] GC(146)   Other: 0.1ms
[2021-05-10T17:05:00.149+0800] GC(146) Eden regions: 7->0(25)
[2021-05-10T17:05:00.149+0800] GC(146) Survivor regions: 0->0(4)
[2021-05-10T17:05:00.149+0800] GC(146) Old regions: 318->323
[2021-05-10T17:05:00.149+0800] GC(146) Humongous regions: 187->183
[2021-05-10T17:05:00.149+0800] GC(146) Metaspace: 14995K->14995K(1062912K)
[2021-05-10T17:05:00.149+0800] GC(146) Pause Young (Normal) (G1 Humongous Allocation) 480M->475M(512M) 0.802ms
[2021-05-10T17:05:00.149+0800] GC(146) User=0.00s Sys=0.00s Real=0.00s
[2021-05-10T17:05:00.149+0800] GC(144) Concurrent Rebuild Remembered Sets 2.448ms
[2021-05-10T17:05:00.149+0800] GC(147) Pause Young (Normal) (G1 Evacuation Pause)
[2021-05-10T17:05:00.149+0800] GC(147) Using 10 workers of 10 for evacuation
[2021-05-10T17:05:00.150+0800] GC(147) To-space exhausted
[2021-05-10T17:05:00.150+0800] GC(147)   Pre Evacuate Collection Set: 0.0ms
[2021-05-10T17:05:00.150+0800] GC(147)   Evacuate Collection Set: 0.1ms
[2021-05-10T17:05:00.150+0800] GC(147)   Post Evacuate Collection Set: 0.3ms
[2021-05-10T17:05:00.150+0800] GC(147)   Other: 0.1ms
[2021-05-10T17:05:00.150+0800] GC(147) Eden regions: 3->0(25)
[2021-05-10T17:05:00.150+0800] GC(147) Survivor regions: 0->0(4)
[2021-05-10T17:05:00.150+0800] GC(147) Old regions: 323->326
[2021-05-10T17:05:00.150+0800] GC(147) Humongous regions: 186->182
[2021-05-10T17:05:00.150+0800] GC(147) Metaspace: 14995K->14995K(1062912K)
[2021-05-10T17:05:00.150+0800] GC(147) Pause Young (Normal) (G1 Evacuation Pause) 481M->477M(512M) 0.578ms
[2021-05-10T17:05:00.150+0800] GC(147) User=0.00s Sys=0.00s Real=0.00s
[2021-05-10T17:05:00.150+0800] GC(144) Pause Cleanup
[2021-05-10T17:05:00.150+0800] GC(144) Pause Cleanup 478M->478M(512M) 0.124ms
[2021-05-10T17:05:00.150+0800] GC(144) User=0.00s Sys=0.00s Real=0.00s
[2021-05-10T17:05:00.150+0800] GC(144) Concurrent Cleanup for Next Mark
[2021-05-10T17:05:00.151+0800] GC(144) Concurrent Cleanup for Next Mark 0.260ms
[2021-05-10T17:05:00.151+0800] GC(144) Concurrent Cycle 9.221ms
[2021-05-10T17:05:00.151+0800] GC(148) Pause Young (Prepare Mixed) (G1 Evacuation Pause)
[2021-05-10T17:05:00.151+0800] GC(148) Using 10 workers of 10 for evacuation
[2021-05-10T17:05:00.151+0800] GC(148) To-space exhausted
[2021-05-10T17:05:00.151+0800] GC(148)   Pre Evacuate Collection Set: 0.1ms
[2021-05-10T17:05:00.151+0800] GC(148)   Evacuate Collection Set: 0.1ms
[2021-05-10T17:05:00.151+0800] GC(148)   Post Evacuate Collection Set: 0.2ms
[2021-05-10T17:05:00.151+0800] GC(148)   Other: 0.1ms
[2021-05-10T17:05:00.151+0800] GC(148) Eden regions: 3->0(25)
[2021-05-10T17:05:00.151+0800] GC(148) Survivor regions: 0->0(4)
[2021-05-10T17:05:00.151+0800] GC(148) Old regions: 326->329
[2021-05-10T17:05:00.151+0800] GC(148) Humongous regions: 183->181
[2021-05-10T17:05:00.151+0800] GC(148) Metaspace: 14995K->14995K(1062912K)
[2021-05-10T17:05:00.151+0800] GC(148) Pause Young (Prepare Mixed) (G1 Evacuation Pause) 481M->479M(512M) 0.589ms
[2021-05-10T17:05:00.151+0800] GC(148) User=0.00s Sys=0.00s Real=0.00s
[2021-05-10T17:05:00.151+0800] GC(149) Pause Young (Mixed) (G1 Evacuation Pause)
[2021-05-10T17:05:00.152+0800] GC(149) Using 10 workers of 10 for evacuation
[2021-05-10T17:05:00.152+0800] GC(149) To-space exhausted
[2021-05-10T17:05:00.152+0800] GC(149)   Pre Evacuate Collection Set: 0.1ms
[2021-05-10T17:05:00.152+0800] GC(149)   Evacuate Collection Set: 0.1ms
[2021-05-10T17:05:00.152+0800] GC(149)   Post Evacuate Collection Set: 0.2ms
[2021-05-10T17:05:00.152+0800] GC(149)   Other: 0.1ms
[2021-05-10T17:05:00.152+0800] GC(149) Eden regions: 1->0(25)
[2021-05-10T17:05:00.152+0800] GC(149) Survivor regions: 0->0(4)
[2021-05-10T17:05:00.152+0800] GC(149) Old regions: 329->328
[2021-05-10T17:05:00.152+0800] GC(149) Humongous regions: 182->182
[2021-05-10T17:05:00.152+0800] GC(149) Metaspace: 14995K->14995K(1062912K)
[2021-05-10T17:05:00.152+0800] GC(149) Pause Young (Mixed) (G1 Evacuation Pause) 481M->479M(512M) 0.524ms
[2021-05-10T17:05:00.152+0800] GC(149) User=0.02s Sys=0.00s Real=0.00s
[2021-05-10T17:05:00.152+0800] GC(150) Pause Young (Mixed) (G1 Evacuation Pause)
[2021-05-10T17:05:00.152+0800] GC(150) Using 10 workers of 10 for evacuation
[2021-05-10T17:05:00.152+0800] GC(150) To-space exhausted
[2021-05-10T17:05:00.152+0800] GC(150)   Pre Evacuate Collection Set: 0.0ms
[2021-05-10T17:05:00.152+0800] GC(150)   Evacuate Collection Set: 0.1ms
[2021-05-10T17:05:00.153+0800] GC(150)   Post Evacuate Collection Set: 0.1ms
[2021-05-10T17:05:00.153+0800] GC(150)   Other: 0.1ms
[2021-05-10T17:05:00.153+0800] GC(150) Eden regions: 2->0(25)
[2021-05-10T17:05:00.153+0800] GC(150) Survivor regions: 0->0(4)
[2021-05-10T17:05:00.153+0800] GC(150) Old regions: 328->330
[2021-05-10T17:05:00.153+0800] GC(150) Humongous regions: 182->180
[2021-05-10T17:05:00.153+0800] GC(150) Metaspace: 14995K->14995K(1062912K)
[2021-05-10T17:05:00.153+0800] GC(150) Pause Young (Mixed) (G1 Evacuation Pause) 481M->479M(512M) 0.472ms
[2021-05-10T17:05:00.153+0800] GC(150) User=0.00s Sys=0.00s Real=0.00s
[2021-05-10T17:05:00.153+0800] GC(151) Pause Young (Concurrent Start) (G1 Humongous Allocation)
[2021-05-10T17:05:00.153+0800] GC(151) Using 10 workers of 10 for evacuation
[2021-05-10T17:05:00.153+0800] GC(151) To-space exhausted
[2021-05-10T17:05:00.153+0800] GC(151)   Pre Evacuate Collection Set: 0.0ms
[2021-05-10T17:05:00.153+0800] GC(151)   Evacuate Collection Set: 0.1ms
[2021-05-10T17:05:00.153+0800] GC(151)   Post Evacuate Collection Set: 0.1ms
[2021-05-10T17:05:00.153+0800] GC(151)   Other: 0.1ms
[2021-05-10T17:05:00.153+0800] GC(151) Eden regions: 2->0(25)
[2021-05-10T17:05:00.153+0800] GC(151) Survivor regions: 0->0(4)
[2021-05-10T17:05:00.153+0800] GC(151) Old regions: 330->332
[2021-05-10T17:05:00.153+0800] GC(151) Humongous regions: 180->178
[2021-05-10T17:05:00.153+0800] GC(151) Metaspace: 14995K->14995K(1062912K)
[2021-05-10T17:05:00.153+0800] GC(151) Pause Young (Concurrent Start) (G1 Humongous Allocation) 480M->478M(512M) 0.490ms
[2021-05-10T17:05:00.153+0800] GC(151) User=0.00s Sys=0.00s Real=0.00s
[2021-05-10T17:05:00.153+0800] GC(152) Concurrent Cycle
[2021-05-10T17:05:00.153+0800] GC(152) Concurrent Clear Claimed Marks
[2021-05-10T17:05:00.153+0800] GC(152) Concurrent Clear Claimed Marks 0.012ms
[2021-05-10T17:05:00.153+0800] GC(152) Concurrent Scan Root Regions
[2021-05-10T17:05:00.153+0800] GC(152) Concurrent Scan Root Regions 0.008ms
[2021-05-10T17:05:00.153+0800] GC(152) Concurrent Mark (1.232s)
[2021-05-10T17:05:00.153+0800] GC(152) Concurrent Mark From Roots
[2021-05-10T17:05:00.153+0800] GC(152) Using 3 workers of 3 for marking
[2021-05-10T17:05:00.154+0800] GC(153) Pause Young (Normal) (G1 Evacuation Pause)
[2021-05-10T17:05:00.154+0800] GC(153) Using 10 workers of 10 for evacuation
[2021-05-10T17:05:00.154+0800] GC(153) To-space exhausted
[2021-05-10T17:05:00.154+0800] GC(153)   Pre Evacuate Collection Set: 0.0ms
[2021-05-10T17:05:00.154+0800] GC(153)   Evacuate Collection Set: 0.1ms
[2021-05-10T17:05:00.154+0800] GC(153)   Post Evacuate Collection Set: 0.1ms
[2021-05-10T17:05:00.154+0800] GC(153)   Other: 0.1ms
[2021-05-10T17:05:00.154+0800] GC(153) Eden regions: 1->0(25)
[2021-05-10T17:05:00.154+0800] GC(153) Survivor regions: 0->0(4)
[2021-05-10T17:05:00.154+0800] GC(153) Old regions: 332->333
[2021-05-10T17:05:00.154+0800] GC(153) Humongous regions: 179->178
[2021-05-10T17:05:00.154+0800] GC(153) Metaspace: 14995K->14995K(1062912K)
[2021-05-10T17:05:00.154+0800] GC(153) Pause Young (Normal) (G1 Evacuation Pause) 480M->479M(512M) 0.328ms
[2021-05-10T17:05:00.154+0800] GC(153) User=0.00s Sys=0.00s Real=0.00s
[2021-05-10T17:05:00.154+0800] GC(154) Pause Young (Normal) (G1 Evacuation Pause)
[2021-05-10T17:05:00.154+0800] GC(154) Using 10 workers of 10 for evacuation
[2021-05-10T17:05:00.154+0800] GC(154) To-space exhausted
[2021-05-10T17:05:00.154+0800] GC(154)   Pre Evacuate Collection Set: 0.0ms
[2021-05-10T17:05:00.154+0800] GC(154)   Evacuate Collection Set: 0.1ms
[2021-05-10T17:05:00.154+0800] GC(154)   Post Evacuate Collection Set: 0.1ms
[2021-05-10T17:05:00.154+0800] GC(154)   Other: 0.1ms
[2021-05-10T17:05:00.154+0800] GC(154) Eden regions: 1->0(25)
[2021-05-10T17:05:00.154+0800] GC(154) Survivor regions: 0->0(4)
[2021-05-10T17:05:00.154+0800] GC(154) Old regions: 333->334
[2021-05-10T17:05:00.154+0800] GC(154) Humongous regions: 178->178
[2021-05-10T17:05:00.154+0800] GC(154) Metaspace: 14995K->14995K(1062912K)
[2021-05-10T17:05:00.154+0800] GC(154) Pause Young (Normal) (G1 Evacuation Pause) 480M->480M(512M) 0.318ms
[2021-05-10T17:05:00.154+0800] GC(154) User=0.00s Sys=0.00s Real=0.00s
[2021-05-10T17:05:00.154+0800] GC(155) Using 10 workers of 10 for full compaction
[2021-05-10T17:05:00.155+0800] GC(155) Pause Full (G1 Evacuation Pause)
[2021-05-10T17:05:00.155+0800] GC(155) Phase 1: Mark live objects
[2021-05-10T17:05:00.156+0800] GC(155) Cleaned string and symbol table, strings: 5932 processed, 0 removed, symbols: 50052 processed, 0 removed
[2021-05-10T17:05:00.156+0800] GC(155) Phase 1: Mark live objects 1.313ms
[2021-05-10T17:05:00.156+0800] GC(155) Phase 2: Prepare for compaction
[2021-05-10T17:05:00.157+0800] GC(155) Phase 2: Prepare for compaction 0.394ms
[2021-05-10T17:05:00.157+0800] GC(155) Phase 3: Adjust pointers
[2021-05-10T17:05:00.157+0800] GC(155) Phase 3: Adjust pointers 0.824ms
[2021-05-10T17:05:00.157+0800] GC(155) Phase 4: Compact heap
[2021-05-10T17:05:00.174+0800] GC(155) Phase 4: Compact heap 16.897ms
[2021-05-10T17:05:00.175+0800] GC(155) Eden regions: 0->0(25)
[2021-05-10T17:05:00.175+0800] GC(155) Survivor regions: 0->0(4)
[2021-05-10T17:05:00.175+0800] GC(155) Old regions: 334->254
[2021-05-10T17:05:00.175+0800] GC(155) Humongous regions: 178->178
[2021-05-10T17:05:00.175+0800] GC(155) Metaspace: 14995K->14995K(1062912K)
[2021-05-10T17:05:00.175+0800] GC(155) Pause Full (G1 Evacuation Pause) 480M->397M(512M) 20.804ms
[2021-05-10T17:05:00.176+0800] GC(155) User=0.11s Sys=0.00s Real=0.02s
[2021-05-10T17:05:00.176+0800] GC(152) Concurrent Mark From Roots 22.281ms
[2021-05-10T17:05:00.176+0800] GC(152) Concurrent Mark Abort
[2021-05-10T17:05:00.176+0800] GC(152) Concurrent Cycle 22.395ms
[2021-05-10T17:05:00.176+0800] GC(156) Pause Young (Concurrent Start) (G1 Humongous Allocation)
[2021-05-10T17:05:00.177+0800] GC(156) Using 10 workers of 10 for evacuation
[2021-05-10T17:05:00.177+0800] GC(156)   Pre Evacuate Collection Set: 0.0ms
[2021-05-10T17:05:00.177+0800] GC(156)   Evacuate Collection Set: 0.2ms
[2021-05-10T17:05:00.177+0800] GC(156)   Post Evacuate Collection Set: 0.1ms
[2021-05-10T17:05:00.177+0800] GC(156)   Other: 0.1ms
[2021-05-10T17:05:00.177+0800] GC(156) Eden regions: 4->0(24)
[2021-05-10T17:05:00.177+0800] GC(156) Survivor regions: 0->1(4)
[2021-05-10T17:05:00.177+0800] GC(156) Old regions: 254->254
[2021-05-10T17:05:00.177+0800] GC(156) Humongous regions: 180->180
[2021-05-10T17:05:00.177+0800] GC(156) Metaspace: 14995K->14995K(1062912K)
[2021-05-10T17:05:00.177+0800] GC(156) Pause Young (Concurrent Start) (G1 Humongous Allocation) 403M->400M(512M) 0.610ms
[2021-05-10T17:05:00.177+0800] GC(156) User=0.00s Sys=0.00s Real=0.00s
[2021-05-10T17:05:00.177+0800] GC(157) Concurrent Cycle
[2021-05-10T17:05:00.177+0800] GC(157) Concurrent Clear Claimed Marks
[2021-05-10T17:05:00.177+0800] GC(157) Concurrent Clear Claimed Marks 0.022ms
[2021-05-10T17:05:00.177+0800] GC(157) Concurrent Scan Root Regions
[2021-05-10T17:05:00.177+0800] GC(157) Concurrent Scan Root Regions 0.037ms
[2021-05-10T17:05:00.177+0800] GC(157) Concurrent Mark (1.256s)
[2021-05-10T17:05:00.177+0800] GC(157) Concurrent Mark From Roots
[2021-05-10T17:05:00.177+0800] GC(157) Using 3 workers of 3 for marking
[2021-05-10T17:05:00.180+0800] GC(157) Concurrent Mark From Roots 2.932ms
[2021-05-10T17:05:00.180+0800] GC(157) Concurrent Preclean
[2021-05-10T17:05:00.180+0800] GC(157) Concurrent Preclean 0.060ms
[2021-05-10T17:05:00.180+0800] GC(157) Concurrent Mark (1.256s, 1.259s) 3.061ms
[2021-05-10T17:05:00.181+0800] GC(157) Pause Remark
[2021-05-10T17:05:00.181+0800] GC(157) Cleaned string and symbol table, strings: 5932 processed, 0 removed, symbols: 50052 processed, 0 removed
[2021-05-10T17:05:00.182+0800] GC(157) Pause Remark 430M->430M(512M) 0.914ms
[2021-05-10T17:05:00.182+0800] GC(157) User=0.00s Sys=0.00s Real=0.00s
[2021-05-10T17:05:00.182+0800] GC(157) Concurrent Rebuild Remembered Sets
[2021-05-10T17:05:00.183+0800] GC(157) Concurrent Rebuild Remembered Sets 1.397ms
[2021-05-10T17:05:00.183+0800] GC(158) Pause Young (Normal) (G1 Evacuation Pause)
[2021-05-10T17:05:00.183+0800] GC(158) Using 10 workers of 10 for evacuation
[2021-05-10T17:05:00.184+0800] GC(158)   Pre Evacuate Collection Set: 0.0ms
[2021-05-10T17:05:00.184+0800] GC(158)   Evacuate Collection Set: 1.0ms
[2021-05-10T17:05:00.184+0800] GC(158)   Post Evacuate Collection Set: 0.3ms
[2021-05-10T17:05:00.184+0800] GC(158)   Other: 0.1ms
[2021-05-10T17:05:00.185+0800] GC(158) Eden regions: 24->0(21)
[2021-05-10T17:05:00.185+0800] GC(158) Survivor regions: 1->4(4)
[2021-05-10T17:05:00.185+0800] GC(158) Old regions: 254->264
[2021-05-10T17:05:00.185+0800] GC(158) Humongous regions: 195->186
[2021-05-10T17:05:00.185+0800] GC(158) Metaspace: 14995K->14995K(1062912K)
[2021-05-10T17:05:00.185+0800] GC(158) Pause Young (Normal) (G1 Evacuation Pause) 439M->419M(512M) 1.527ms
[2021-05-10T17:05:00.185+0800] GC(158) User=0.00s Sys=0.00s Real=0.00s
[2021-05-10T17:05:00.185+0800] GC(157) Pause Cleanup
[2021-05-10T17:05:00.185+0800] GC(157) Pause Cleanup 420M->420M(512M) 0.184ms
[2021-05-10T17:05:00.185+0800] GC(157) User=0.00s Sys=0.00s Real=0.00s
[2021-05-10T17:05:00.185+0800] GC(157) Concurrent Cleanup for Next Mark
[2021-05-10T17:05:00.185+0800] GC(157) Concurrent Cleanup for Next Mark 0.353ms
[2021-05-10T17:05:00.185+0800] GC(157) Concurrent Cycle 8.276ms
[2021-05-10T17:05:00.189+0800] GC(159) Pause Young (Prepare Mixed) (G1 Evacuation Pause)
[2021-05-10T17:05:00.189+0800] GC(159) Using 10 workers of 10 for evacuation
[2021-05-10T17:05:00.190+0800] GC(159)   Pre Evacuate Collection Set: 0.1ms
[2021-05-10T17:05:00.190+0800] GC(159)   Evacuate Collection Set: 0.9ms
[2021-05-10T17:05:00.190+0800] GC(159)   Post Evacuate Collection Set: 0.3ms
[2021-05-10T17:05:00.190+0800] GC(159)   Other: 0.1ms
[2021-05-10T17:05:00.190+0800] GC(159) Eden regions: 21->0(21)
[2021-05-10T17:05:00.190+0800] GC(159) Survivor regions: 4->4(4)
[2021-05-10T17:05:00.190+0800] GC(159) Old regions: 264->272
[2021-05-10T17:05:00.191+0800] GC(159) Humongous regions: 200->180
[2021-05-10T17:05:00.191+0800] GC(159) Metaspace: 14995K->14995K(1062912K)
[2021-05-10T17:05:00.191+0800] GC(159) Pause Young (Prepare Mixed) (G1 Evacuation Pause) 454M->421M(512M) 1.620ms
[2021-05-10T17:05:00.191+0800] GC(159) User=0.00s Sys=0.00s Real=0.00s
[2021-05-10T17:05:00.195+0800] GC(160) Pause Young (Mixed) (G1 Evacuation Pause)
[2021-05-10T17:05:00.195+0800] GC(160) Using 10 workers of 10 for evacuation
[2021-05-10T17:05:00.196+0800] GC(160)   Pre Evacuate Collection Set: 0.1ms
[2021-05-10T17:05:00.196+0800] GC(160)   Evacuate Collection Set: 0.9ms
[2021-05-10T17:05:00.196+0800] GC(160)   Post Evacuate Collection Set: 0.3ms
[2021-05-10T17:05:00.196+0800] GC(160)   Other: 0.2ms
[2021-05-10T17:05:00.196+0800] GC(160) Eden regions: 21->0(21)
[2021-05-10T17:05:00.196+0800] GC(160) Survivor regions: 4->4(4)
[2021-05-10T17:05:00.196+0800] GC(160) Old regions: 272->277
[2021-05-10T17:05:00.196+0800] GC(160) Humongous regions: 190->177
[2021-05-10T17:05:00.196+0800] GC(160) Metaspace: 14995K->14995K(1062912K)
[2021-05-10T17:05:00.196+0800] GC(160) Pause Young (Mixed) (G1 Evacuation Pause) 452M->425M(512M) 1.702ms
[2021-05-10T17:05:00.196+0800] GC(160) User=0.00s Sys=0.00s Real=0.00s
[2021-05-10T17:05:00.197+0800] GC(161) Pause Young (Concurrent Start) (G1 Humongous Allocation)
[2021-05-10T17:05:00.197+0800] GC(161) Using 10 workers of 10 for evacuation
[2021-05-10T17:05:00.198+0800] GC(161)   Pre Evacuate Collection Set: 0.1ms
[2021-05-10T17:05:00.198+0800] GC(161)   Evacuate Collection Set: 0.5ms
[2021-05-10T17:05:00.198+0800] GC(161)   Post Evacuate Collection Set: 0.3ms
[2021-05-10T17:05:00.198+0800] GC(161)   Other: 0.1ms
[2021-05-10T17:05:00.198+0800] GC(161) Eden regions: 1->0(24)
[2021-05-10T17:05:00.198+0800] GC(161) Survivor regions: 4->1(4)
[2021-05-10T17:05:00.198+0800] GC(161) Old regions: 277->281
[2021-05-10T17:05:00.198+0800] GC(161) Humongous regions: 177->177
[2021-05-10T17:05:00.198+0800] GC(161) Metaspace: 14995K->14995K(1062912K)
[2021-05-10T17:05:00.198+0800] GC(161) Pause Young (Concurrent Start) (G1 Humongous Allocation) 425M->425M(512M) 1.118ms
[2021-05-10T17:05:00.198+0800] GC(161) User=0.02s Sys=0.00s Real=0.00s
[2021-05-10T17:05:00.198+0800] GC(162) Concurrent Cycle
[2021-05-10T17:05:00.198+0800] GC(162) Concurrent Clear Claimed Marks
[2021-05-10T17:05:00.198+0800] GC(162) Concurrent Clear Claimed Marks 0.016ms
[2021-05-10T17:05:00.198+0800] GC(162) Concurrent Scan Root Regions
[2021-05-10T17:05:00.198+0800] GC(162) Concurrent Scan Root Regions 0.092ms
[2021-05-10T17:05:00.198+0800] GC(162) Concurrent Mark (1.276s)
[2021-05-10T17:05:00.198+0800] GC(162) Concurrent Mark From Roots
[2021-05-10T17:05:00.198+0800] GC(162) Using 3 workers of 3 for marking
[2021-05-10T17:05:00.201+0800] GC(162) Concurrent Mark From Roots 2.772ms
[2021-05-10T17:05:00.201+0800] GC(162) Concurrent Preclean
[2021-05-10T17:05:00.201+0800] GC(162) Concurrent Preclean 0.057ms
[2021-05-10T17:05:00.201+0800] GC(162) Concurrent Mark (1.276s, 1.279s) 2.896ms
[2021-05-10T17:05:00.201+0800] GC(162) Pause Remark
[2021-05-10T17:05:00.202+0800] GC(162) Cleaned string and symbol table, strings: 5932 processed, 0 removed, symbols: 50052 processed, 0 removed
[2021-05-10T17:05:00.202+0800] GC(162) Pause Remark 450M->450M(512M) 0.885ms
[2021-05-10T17:05:00.202+0800] GC(162) User=0.00s Sys=0.00s Real=0.00s
[2021-05-10T17:05:00.202+0800] GC(162) Concurrent Rebuild Remembered Sets
[2021-05-10T17:05:00.204+0800] GC(163) Pause Young (Normal) (G1 Evacuation Pause)
[2021-05-10T17:05:00.204+0800] GC(163) Using 10 workers of 10 for evacuation
[2021-05-10T17:05:00.205+0800] GC(163)   Pre Evacuate Collection Set: 0.1ms
[2021-05-10T17:05:00.205+0800] GC(163)   Evacuate Collection Set: 0.7ms
[2021-05-10T17:05:00.205+0800] GC(163)   Post Evacuate Collection Set: 0.3ms
[2021-05-10T17:05:00.205+0800] GC(163)   Other: 0.1ms
[2021-05-10T17:05:00.205+0800] GC(163) Eden regions: 24->0(21)
[2021-05-10T17:05:00.205+0800] GC(163) Survivor regions: 1->4(4)
[2021-05-10T17:05:00.205+0800] GC(163) Old regions: 281->288
[2021-05-10T17:05:00.205+0800] GC(163) Humongous regions: 192->179
[2021-05-10T17:05:00.205+0800] GC(163) Metaspace: 14995K->14995K(1062912K)
[2021-05-10T17:05:00.205+0800] GC(163) Pause Young (Normal) (G1 Evacuation Pause) 464M->438M(512M) 1.320ms
[2021-05-10T17:05:00.205+0800] GC(163) User=0.00s Sys=0.00s Real=0.00s
[2021-05-10T17:05:00.205+0800] GC(162) Concurrent Rebuild Remembered Sets 3.022ms
[2021-05-10T17:05:00.205+0800] GC(162) Pause Cleanup
[2021-05-10T17:05:00.205+0800] GC(162) Pause Cleanup 440M->440M(512M) 0.153ms
[2021-05-10T17:05:00.205+0800] GC(162) User=0.00s Sys=0.00s Real=0.00s
[2021-05-10T17:05:00.205+0800] GC(162) Concurrent Cleanup for Next Mark
[2021-05-10T17:05:00.206+0800] GC(162) Concurrent Cleanup for Next Mark 0.361ms
[2021-05-10T17:05:00.206+0800] GC(162) Concurrent Cycle 7.983ms
[2021-05-10T17:05:00.209+0800] GC(164) Pause Young (Prepare Mixed) (G1 Evacuation Pause)
[2021-05-10T17:05:00.209+0800] GC(164) Using 10 workers of 10 for evacuation
[2021-05-10T17:05:00.210+0800] GC(164) To-space exhausted
[2021-05-10T17:05:00.210+0800] GC(164)   Pre Evacuate Collection Set: 0.1ms
[2021-05-10T17:05:00.210+0800] GC(164)   Evacuate Collection Set: 0.9ms
[2021-05-10T17:05:00.210+0800] GC(164)   Post Evacuate Collection Set: 0.4ms
[2021-05-10T17:05:00.210+0800] GC(164)   Other: 0.1ms
[2021-05-10T17:05:00.210+0800] GC(164) Eden regions: 21->0(21)
[2021-05-10T17:05:00.210+0800] GC(164) Survivor regions: 4->4(4)
[2021-05-10T17:05:00.210+0800] GC(164) Old regions: 288->299
[2021-05-10T17:05:00.210+0800] GC(164) Humongous regions: 187->175
[2021-05-10T17:05:00.210+0800] GC(164) Metaspace: 14995K->14995K(1062912K)
[2021-05-10T17:05:00.210+0800] GC(164) Pause Young (Prepare Mixed) (G1 Evacuation Pause) 467M->445M(512M) 1.587ms
[2021-05-10T17:05:00.210+0800] GC(164) User=0.00s Sys=0.00s Real=0.00s
[2021-05-10T17:05:00.214+0800] GC(165) Pause Young (Mixed) (G1 Evacuation Pause)
[2021-05-10T17:05:00.214+0800] GC(165) Using 10 workers of 10 for evacuation
[2021-05-10T17:05:00.215+0800] GC(165) To-space exhausted
[2021-05-10T17:05:00.215+0800] GC(165)   Pre Evacuate Collection Set: 0.1ms
[2021-05-10T17:05:00.215+0800] GC(165)   Evacuate Collection Set: 0.2ms
[2021-05-10T17:05:00.215+0800] GC(165)   Post Evacuate Collection Set: 0.5ms
[2021-05-10T17:05:00.215+0800] GC(165)   Other: 0.2ms
[2021-05-10T17:05:00.215+0800] GC(165) Eden regions: 20->0(25)
[2021-05-10T17:05:00.215+0800] GC(165) Survivor regions: 4->0(4)
[2021-05-10T17:05:00.215+0800] GC(165) Old regions: 299->321
[2021-05-10T17:05:00.215+0800] GC(165) Humongous regions: 189->177
[2021-05-10T17:05:00.215+0800] GC(165) Metaspace: 14995K->14995K(1062912K)
[2021-05-10T17:05:00.215+0800] GC(165) Pause Young (Mixed) (G1 Evacuation Pause) 479M->465M(512M) 1.089ms
[2021-05-10T17:05:00.215+0800] GC(165) User=0.00s Sys=0.00s Real=0.00s
[2021-05-10T17:05:00.216+0800] GC(166) Pause Young (Concurrent Start) (G1 Humongous Allocation)
[2021-05-10T17:05:00.216+0800] GC(166) Using 10 workers of 10 for evacuation
[2021-05-10T17:05:00.216+0800] GC(166)   Pre Evacuate Collection Set: 0.1ms
[2021-05-10T17:05:00.216+0800] GC(166)   Evacuate Collection Set: 0.4ms
[2021-05-10T17:05:00.216+0800] GC(166)   Post Evacuate Collection Set: 0.2ms
[2021-05-10T17:05:00.216+0800] GC(166)   Other: 0.1ms
[2021-05-10T17:05:00.216+0800] GC(166) Eden regions: 7->0(21)
[2021-05-10T17:05:00.216+0800] GC(166) Survivor regions: 0->4(4)
[2021-05-10T17:05:00.216+0800] GC(166) Old regions: 321->321
[2021-05-10T17:05:00.216+0800] GC(166) Humongous regions: 177->173
[2021-05-10T17:05:00.216+0800] GC(166) Metaspace: 14995K->14995K(1062912K)
[2021-05-10T17:05:00.217+0800] GC(166) Pause Young (Concurrent Start) (G1 Humongous Allocation) 472M->465M(512M) 0.857ms
[2021-05-10T17:05:00.217+0800] GC(166) User=0.00s Sys=0.00s Real=0.00s
[2021-05-10T17:05:00.217+0800] GC(167) Concurrent Cycle
[2021-05-10T17:05:00.217+0800] GC(167) Concurrent Clear Claimed Marks
[2021-05-10T17:05:00.217+0800] GC(167) Concurrent Clear Claimed Marks 0.013ms
[2021-05-10T17:05:00.217+0800] GC(167) Concurrent Scan Root Regions
[2021-05-10T17:05:00.217+0800] GC(167) Concurrent Scan Root Regions 0.085ms
[2021-05-10T17:05:00.217+0800] GC(167) Concurrent Mark (1.295s)
[2021-05-10T17:05:00.217+0800] GC(167) Concurrent Mark From Roots
[2021-05-10T17:05:00.217+0800] GC(167) Using 3 workers of 3 for marking
[2021-05-10T17:05:00.218+0800] GC(168) Pause Young (Normal) (G1 Evacuation Pause)
[2021-05-10T17:05:00.218+0800] GC(168) Using 10 workers of 10 for evacuation
[2021-05-10T17:05:00.219+0800] GC(168) To-space exhausted
[2021-05-10T17:05:00.219+0800] GC(168)   Pre Evacuate Collection Set: 0.1ms
[2021-05-10T17:05:00.219+0800] GC(168)   Evacuate Collection Set: 0.1ms
[2021-05-10T17:05:00.219+0800] GC(168)   Post Evacuate Collection Set: 0.4ms
[2021-05-10T17:05:00.219+0800] GC(168)   Other: 0.1ms
[2021-05-10T17:05:00.219+0800] GC(168) Eden regions: 8->0(25)
[2021-05-10T17:05:00.219+0800] GC(168) Survivor regions: 4->0(4)
[2021-05-10T17:05:00.219+0800] GC(168) Old regions: 321->333
[2021-05-10T17:05:00.219+0800] GC(168) Humongous regions: 179->173
[2021-05-10T17:05:00.219+0800] GC(168) Metaspace: 14995K->14995K(1062912K)
[2021-05-10T17:05:00.219+0800] GC(168) Pause Young (Normal) (G1 Evacuation Pause) 479M->473M(512M) 0.737ms
[2021-05-10T17:05:00.219+0800] GC(168) User=0.00s Sys=0.00s Real=0.00s
[2021-05-10T17:05:00.220+0800] GC(169) Pause Young (Normal) (G1 Humongous Allocation)
[2021-05-10T17:05:00.220+0800] GC(169) Using 10 workers of 10 for evacuation
[2021-05-10T17:05:00.220+0800] GC(169) To-space exhausted
[2021-05-10T17:05:00.220+0800] GC(169)   Pre Evacuate Collection Set: 0.1ms
[2021-05-10T17:05:00.220+0800] GC(169)   Evacuate Collection Set: 0.1ms
[2021-05-10T17:05:00.220+0800] GC(169)   Post Evacuate Collection Set: 0.3ms
[2021-05-10T17:05:00.220+0800] GC(169)   Other: 0.1ms
[2021-05-10T17:05:00.220+0800] GC(169) Eden regions: 5->0(25)
[2021-05-10T17:05:00.220+0800] GC(169) Survivor regions: 0->0(4)
[2021-05-10T17:05:00.220+0800] GC(169) Old regions: 333->336
[2021-05-10T17:05:00.220+0800] GC(169) Humongous regions: 174->172
[2021-05-10T17:05:00.220+0800] GC(169) Metaspace: 14995K->14995K(1062912K)
[2021-05-10T17:05:00.220+0800] GC(169) Pause Young (Normal) (G1 Humongous Allocation) 478M->474M(512M) 0.676ms
[2021-05-10T17:05:00.220+0800] GC(169) User=0.00s Sys=0.00s Real=0.00s
[2021-05-10T17:05:00.221+0800] GC(170) Pause Young (Normal) (G1 Humongous Allocation)
[2021-05-10T17:05:00.221+0800] GC(170) Using 10 workers of 10 for evacuation
[2021-05-10T17:05:00.221+0800] GC(170) To-space exhausted
[2021-05-10T17:05:00.221+0800] GC(170)   Pre Evacuate Collection Set: 0.0ms
[2021-05-10T17:05:00.221+0800] GC(170)   Evacuate Collection Set: 0.1ms
[2021-05-10T17:05:00.221+0800] GC(170)   Post Evacuate Collection Set: 0.2ms
[2021-05-10T17:05:00.221+0800] GC(170)   Other: 0.1ms
[2021-05-10T17:05:00.221+0800] GC(170) Eden regions: 2->0(25)
[2021-05-10T17:05:00.221+0800] GC(170) Survivor regions: 0->0(4)
[2021-05-10T17:05:00.221+0800] GC(170) Old regions: 336->338
[2021-05-10T17:05:00.221+0800] GC(170) Humongous regions: 174->172
[2021-05-10T17:05:00.221+0800] GC(170) Metaspace: 14995K->14995K(1062912K)
[2021-05-10T17:05:00.221+0800] GC(170) Pause Young (Normal) (G1 Humongous Allocation) 478M->476M(512M) 0.510ms
[2021-05-10T17:05:00.221+0800] GC(170) User=0.00s Sys=0.00s Real=0.00s
[2021-05-10T17:05:00.221+0800] GC(171) Pause Young (Normal) (G1 Humongous Allocation)
[2021-05-10T17:05:00.221+0800] GC(171) Using 10 workers of 10 for evacuation
[2021-05-10T17:05:00.222+0800] GC(171)   Pre Evacuate Collection Set: 0.0ms
[2021-05-10T17:05:00.222+0800] GC(171)   Evacuate Collection Set: 0.1ms
[2021-05-10T17:05:00.222+0800] GC(171)   Post Evacuate Collection Set: 0.1ms
[2021-05-10T17:05:00.222+0800] GC(171)   Other: 0.0ms
[2021-05-10T17:05:00.222+0800] GC(171) Eden regions: 1->0(25)
[2021-05-10T17:05:00.222+0800] GC(171) Survivor regions: 0->0(4)
[2021-05-10T17:05:00.222+0800] GC(171) Old regions: 338->338
[2021-05-10T17:05:00.222+0800] GC(171) Humongous regions: 173->173
[2021-05-10T17:05:00.222+0800] GC(171) Metaspace: 14995K->14995K(1062912K)
[2021-05-10T17:05:00.222+0800] GC(171) Pause Young (Normal) (G1 Humongous Allocation) 477M->477M(512M) 0.326ms
[2021-05-10T17:05:00.222+0800] GC(171) User=0.00s Sys=0.00s Real=0.00s
[2021-05-10T17:05:00.222+0800] GC(172) Pause Young (Normal) (G1 Evacuation Pause)
[2021-05-10T17:05:00.222+0800] GC(172) Using 10 workers of 10 for evacuation
[2021-05-10T17:05:00.222+0800] GC(172)   Pre Evacuate Collection Set: 0.0ms
[2021-05-10T17:05:00.222+0800] GC(172)   Evacuate Collection Set: 0.1ms
[2021-05-10T17:05:00.222+0800] GC(172)   Post Evacuate Collection Set: 0.1ms
[2021-05-10T17:05:00.222+0800] GC(172)   Other: 0.0ms
[2021-05-10T17:05:00.222+0800] GC(172) Eden regions: 0->0(25)
[2021-05-10T17:05:00.222+0800] GC(172) Survivor regions: 0->0(4)
[2021-05-10T17:05:00.222+0800] GC(172) Old regions: 338->338
[2021-05-10T17:05:00.222+0800] GC(172) Humongous regions: 174->174
[2021-05-10T17:05:00.222+0800] GC(172) Metaspace: 14995K->14995K(1062912K)
[2021-05-10T17:05:00.222+0800] GC(172) Pause Young (Normal) (G1 Evacuation Pause) 478M->478M(512M) 0.315ms
[2021-05-10T17:05:00.222+0800] GC(172) User=0.00s Sys=0.00s Real=0.00s
[2021-05-10T17:05:00.222+0800] GC(173) Using 10 workers of 10 for full compaction
[2021-05-10T17:05:00.222+0800] GC(173) Pause Full (G1 Evacuation Pause)
[2021-05-10T17:05:00.223+0800] GC(173) Phase 1: Mark live objects
[2021-05-10T17:05:00.224+0800] GC(173) Cleaned string and symbol table, strings: 5932 processed, 0 removed, symbols: 50052 processed, 0 removed
[2021-05-10T17:05:00.224+0800] GC(173) Phase 1: Mark live objects 1.329ms
[2021-05-10T17:05:00.224+0800] GC(173) Phase 2: Prepare for compaction
[2021-05-10T17:05:00.224+0800] GC(173) Phase 2: Prepare for compaction 0.364ms
[2021-05-10T17:05:00.224+0800] GC(173) Phase 3: Adjust pointers
[2021-05-10T17:05:00.225+0800] GC(173) Phase 3: Adjust pointers 1.059ms
[2021-05-10T17:05:00.225+0800] GC(173) Phase 4: Compact heap
[2021-05-10T17:05:00.242+0800] GC(173) Phase 4: Compact heap 16.647ms
[2021-05-10T17:05:00.243+0800] GC(173) Eden regions: 0->0(25)
[2021-05-10T17:05:00.243+0800] GC(173) Survivor regions: 0->0(4)
[2021-05-10T17:05:00.243+0800] GC(173) Old regions: 338->260
[2021-05-10T17:05:00.243+0800] GC(173) Humongous regions: 174->174
[2021-05-10T17:05:00.243+0800] GC(173) Metaspace: 14995K->14995K(1062912K)
[2021-05-10T17:05:00.243+0800] GC(173) Pause Full (G1 Evacuation Pause) 478M->400M(512M) 20.808ms
[2021-05-10T17:05:00.243+0800] GC(173) User=0.13s Sys=0.00s Real=0.02s
[2021-05-10T17:05:00.244+0800] GC(167) Concurrent Mark From Roots 26.896ms
[2021-05-10T17:05:00.244+0800] GC(167) Concurrent Mark Abort
[2021-05-10T17:05:00.244+0800] GC(167) Concurrent Cycle 27.089ms
[2021-05-10T17:05:00.244+0800] GC(174) Pause Young (Concurrent Start) (G1 Humongous Allocation)
[2021-05-10T17:05:00.244+0800] GC(174) Using 10 workers of 10 for evacuation
[2021-05-10T17:05:00.245+0800] GC(174)   Pre Evacuate Collection Set: 0.0ms
[2021-05-10T17:05:00.245+0800] GC(174)   Evacuate Collection Set: 0.3ms
[2021-05-10T17:05:00.245+0800] GC(174)   Post Evacuate Collection Set: 0.2ms
[2021-05-10T17:05:00.245+0800] GC(174)   Other: 0.1ms
[2021-05-10T17:05:00.245+0800] GC(174) Eden regions: 4->0(24)
[2021-05-10T17:05:00.245+0800] GC(174) Survivor regions: 0->1(4)
[2021-05-10T17:05:00.245+0800] GC(174) Old regions: 260->260
[2021-05-10T17:05:00.245+0800] GC(174) Humongous regions: 174->174
[2021-05-10T17:05:00.245+0800] GC(174) Metaspace: 14995K->14995K(1062912K)
[2021-05-10T17:05:00.245+0800] GC(174) Pause Young (Concurrent Start) (G1 Humongous Allocation) 403M->400M(512M) 0.789ms
[2021-05-10T17:05:00.245+0800] GC(174) User=0.00s Sys=0.00s Real=0.00s
[2021-05-10T17:05:00.245+0800] GC(175) Concurrent Cycle
[2021-05-10T17:05:00.245+0800] GC(175) Concurrent Clear Claimed Marks
[2021-05-10T17:05:00.245+0800] GC(175) Concurrent Clear Claimed Marks 0.017ms
[2021-05-10T17:05:00.245+0800] GC(175) Concurrent Scan Root Regions
[2021-05-10T17:05:00.245+0800] GC(175) Concurrent Scan Root Regions 0.092ms
[2021-05-10T17:05:00.245+0800] GC(175) Concurrent Mark (1.324s)
[2021-05-10T17:05:00.245+0800] GC(175) Concurrent Mark From Roots
[2021-05-10T17:05:00.245+0800] GC(175) Using 3 workers of 3 for marking
[2021-05-10T17:05:00.248+0800] GC(175) Concurrent Mark From Roots 2.984ms
[2021-05-10T17:05:00.248+0800] GC(175) Concurrent Preclean
[2021-05-10T17:05:00.248+0800] GC(175) Concurrent Preclean 0.062ms
[2021-05-10T17:05:00.248+0800] GC(175) Concurrent Mark (1.324s, 1.327s) 3.121ms
[2021-05-10T17:05:00.249+0800] GC(175) Pause Remark
[2021-05-10T17:05:00.249+0800] GC(175) Cleaned string and symbol table, strings: 5932 processed, 0 removed, symbols: 50052 processed, 0 removed
[2021-05-10T17:05:00.250+0800] GC(175) Pause Remark 426M->425M(512M) 1.009ms
[2021-05-10T17:05:00.250+0800] GC(175) User=0.00s Sys=0.00s Real=0.00s
[2021-05-10T17:05:00.250+0800] GC(175) Concurrent Rebuild Remembered Sets
[2021-05-10T17:05:00.251+0800] GC(176) Pause Young (Normal) (G1 Evacuation Pause)
[2021-05-10T17:05:00.251+0800] GC(176) Using 10 workers of 10 for evacuation
[2021-05-10T17:05:00.252+0800] GC(176)   Pre Evacuate Collection Set: 0.0ms
[2021-05-10T17:05:00.252+0800] GC(176)   Evacuate Collection Set: 0.7ms
[2021-05-10T17:05:00.252+0800] GC(176)   Post Evacuate Collection Set: 0.3ms
[2021-05-10T17:05:00.252+0800] GC(176)   Other: 0.1ms
[2021-05-10T17:05:00.252+0800] GC(176) Eden regions: 24->0(21)
[2021-05-10T17:05:00.252+0800] GC(176) Survivor regions: 1->4(4)
[2021-05-10T17:05:00.252+0800] GC(176) Old regions: 260->267
[2021-05-10T17:05:00.252+0800] GC(176) Humongous regions: 181->175
[2021-05-10T17:05:00.252+0800] GC(176) Metaspace: 14995K->14995K(1062912K)
[2021-05-10T17:05:00.252+0800] GC(176) Pause Young (Normal) (G1 Evacuation Pause) 431M->411M(512M) 1.189ms
[2021-05-10T17:05:00.252+0800] GC(176) User=0.00s Sys=0.00s Real=0.00s
[2021-05-10T17:05:00.253+0800] GC(175) Concurrent Rebuild Remembered Sets 3.046ms
[2021-05-10T17:05:00.253+0800] GC(175) Pause Cleanup
[2021-05-10T17:05:00.253+0800] GC(175) Pause Cleanup 421M->421M(512M) 0.197ms
[2021-05-10T17:05:00.253+0800] GC(175) User=0.00s Sys=0.00s Real=0.00s
[2021-05-10T17:05:00.253+0800] GC(175) Concurrent Cleanup for Next Mark
[2021-05-10T17:05:00.253+0800] GC(175) Concurrent Cleanup for Next Mark 0.333ms
[2021-05-10T17:05:00.253+0800] GC(175) Concurrent Cycle 8.459ms
[2021-05-10T17:05:00.253+0800] GC(177) Pause Young (Concurrent Start) (G1 Humongous Allocation)
[2021-05-10T17:05:00.253+0800] GC(177) Using 10 workers of 10 for evacuation
[2021-05-10T17:05:00.254+0800] GC(177)   Pre Evacuate Collection Set: 0.1ms
[2021-05-10T17:05:00.254+0800] GC(177)   Evacuate Collection Set: 0.6ms
[2021-05-10T17:05:00.254+0800] GC(177)   Post Evacuate Collection Set: 0.2ms
[2021-05-10T17:05:00.254+0800] GC(177)   Other: 0.1ms
[2021-05-10T17:05:00.254+0800] GC(177) Eden regions: 7->0(22)
[2021-05-10T17:05:00.254+0800] GC(177) Survivor regions: 4->3(4)
[2021-05-10T17:05:00.254+0800] GC(177) Old regions: 267->270
[2021-05-10T17:05:00.254+0800] GC(177) Humongous regions: 181->172
[2021-05-10T17:05:00.254+0800] GC(177) Metaspace: 14995K->14995K(1062912K)
[2021-05-10T17:05:00.254+0800] GC(177) Pause Young (Concurrent Start) (G1 Humongous Allocation) 424M->410M(512M) 1.160ms
[2021-05-10T17:05:00.255+0800] GC(177) User=0.00s Sys=0.00s Real=0.00s
[2021-05-10T17:05:00.255+0800] GC(178) Concurrent Cycle
[2021-05-10T17:05:00.255+0800] GC(178) Concurrent Clear Claimed Marks
[2021-05-10T17:05:00.255+0800] GC(178) Concurrent Clear Claimed Marks 0.017ms
[2021-05-10T17:05:00.255+0800] GC(178) Concurrent Scan Root Regions
[2021-05-10T17:05:00.255+0800] GC(178) Concurrent Scan Root Regions 0.085ms
[2021-05-10T17:05:00.255+0800] GC(178) Concurrent Mark (1.334s)
[2021-05-10T17:05:00.255+0800] GC(178) Concurrent Mark From Roots
[2021-05-10T17:05:00.255+0800] GC(178) Using 3 workers of 3 for marking
[2021-05-10T17:05:00.259+0800] GC(178) Concurrent Mark From Roots 3.741ms
[2021-05-10T17:05:00.259+0800] GC(178) Concurrent Preclean
[2021-05-10T17:05:00.259+0800] GC(178) Concurrent Preclean 0.063ms
[2021-05-10T17:05:00.259+0800] GC(178) Concurrent Mark (1.334s, 1.337s) 3.883ms
[2021-05-10T17:05:00.259+0800] GC(179) Pause Young (Normal) (G1 Evacuation Pause)
[2021-05-10T17:05:00.259+0800] GC(179) Using 10 workers of 10 for evacuation
[2021-05-10T17:05:00.260+0800] GC(179)   Pre Evacuate Collection Set: 0.1ms
[2021-05-10T17:05:00.260+0800] GC(179)   Evacuate Collection Set: 0.9ms
[2021-05-10T17:05:00.260+0800] GC(179)   Post Evacuate Collection Set: 0.2ms
[2021-05-10T17:05:00.260+0800] GC(179)   Other: 0.1ms
[2021-05-10T17:05:00.260+0800] GC(179) Eden regions: 22->0(21)
[2021-05-10T17:05:00.260+0800] GC(179) Survivor regions: 3->4(4)
[2021-05-10T17:05:00.260+0800] GC(179) Old regions: 270->277
[2021-05-10T17:05:00.260+0800] GC(179) Humongous regions: 183->176
[2021-05-10T17:05:00.260+0800] GC(179) Metaspace: 14995K->14995K(1062912K)
[2021-05-10T17:05:00.260+0800] GC(179) Pause Young (Normal) (G1 Evacuation Pause) 443M->422M(512M) 1.421ms
[2021-05-10T17:05:00.260+0800] GC(179) User=0.00s Sys=0.00s Real=0.00s
[2021-05-10T17:05:00.260+0800] GC(178) Pause Remark
[2021-05-10T17:05:00.261+0800] GC(178) Cleaned string and symbol table, strings: 5932 processed, 0 removed, symbols: 50052 processed, 0 removed
[2021-05-10T17:05:00.261+0800] GC(178) Pause Remark 423M->423M(512M) 0.916ms
[2021-05-10T17:05:00.261+0800] GC(178) User=0.09s Sys=0.00s Real=0.00s
[2021-05-10T17:05:00.261+0800] GC(178) Concurrent Rebuild Remembered Sets
[2021-05-10T17:05:00.263+0800] GC(178) Concurrent Rebuild Remembered Sets 1.372ms
[2021-05-10T17:05:00.264+0800] GC(178) Pause Cleanup
[2021-05-10T17:05:00.264+0800] GC(178) Pause Cleanup 435M->435M(512M) 0.154ms
[2021-05-10T17:05:00.264+0800] GC(178) User=0.00s Sys=0.00s Real=0.00s
[2021-05-10T17:05:00.264+0800] GC(178) Concurrent Cleanup for Next Mark
[2021-05-10T17:05:00.264+0800] GC(178) Concurrent Cleanup for Next Mark 0.291ms
[2021-05-10T17:05:00.264+0800] GC(178) Concurrent Cycle 8.913ms
[2021-05-10T17:05:00.267+0800] GC(180) Pause Young (Prepare Mixed) (G1 Evacuation Pause)
[2021-05-10T17:05:00.267+0800] GC(180) Using 10 workers of 10 for evacuation
[2021-05-10T17:05:00.268+0800] GC(180)   Pre Evacuate Collection Set: 0.1ms
[2021-05-10T17:05:00.268+0800] GC(180)   Evacuate Collection Set: 1.0ms
[2021-05-10T17:05:00.268+0800] GC(180)   Post Evacuate Collection Set: 0.3ms
[2021-05-10T17:05:00.268+0800] GC(180)   Other: 0.1ms
[2021-05-10T17:05:00.268+0800] GC(180) Eden regions: 21->0(21)
[2021-05-10T17:05:00.268+0800] GC(180) Survivor regions: 4->4(4)
[2021-05-10T17:05:00.268+0800] GC(180) Old regions: 277->285
[2021-05-10T17:05:00.268+0800] GC(180) Humongous regions: 196->176
[2021-05-10T17:05:00.268+0800] GC(180) Metaspace: 14995K->14995K(1062912K)
[2021-05-10T17:05:00.268+0800] GC(180) Pause Young (Prepare Mixed) (G1 Evacuation Pause) 463M->430M(512M) 1.658ms
[2021-05-10T17:05:00.268+0800] GC(180) User=0.00s Sys=0.00s Real=0.00s
[2021-05-10T17:05:00.272+0800] GC(181) Pause Young (Mixed) (G1 Evacuation Pause)
[2021-05-10T17:05:00.272+0800] GC(181) Using 10 workers of 10 for evacuation
[2021-05-10T17:05:00.274+0800] GC(181) To-space exhausted
[2021-05-10T17:05:00.274+0800] GC(181)   Pre Evacuate Collection Set: 0.1ms
[2021-05-10T17:05:00.274+0800] GC(181)   Evacuate Collection Set: 1.2ms
[2021-05-10T17:05:00.274+0800] GC(181)   Post Evacuate Collection Set: 0.4ms
[2021-05-10T17:05:00.274+0800] GC(181)   Other: 0.2ms
[2021-05-10T17:05:00.274+0800] GC(181) Eden regions: 21->0(21)
[2021-05-10T17:05:00.274+0800] GC(181) Survivor regions: 4->4(4)
[2021-05-10T17:05:00.274+0800] GC(181) Old regions: 285->298
[2021-05-10T17:05:00.274+0800] GC(181) Humongous regions: 187->171
[2021-05-10T17:05:00.274+0800] GC(181) Metaspace: 14995K->14995K(1062912K)
[2021-05-10T17:05:00.274+0800] GC(181) Pause Young (Mixed) (G1 Evacuation Pause) 462M->442M(512M) 1.978ms
[2021-05-10T17:05:00.274+0800] GC(181) User=0.00s Sys=0.00s Real=0.00s
[2021-05-10T17:05:00.274+0800] GC(182) Pause Young (Concurrent Start) (G1 Humongous Allocation)
[2021-05-10T17:05:00.274+0800] GC(182) Using 10 workers of 10 for evacuation
[2021-05-10T17:05:00.275+0800] GC(182)   Pre Evacuate Collection Set: 0.1ms
[2021-05-10T17:05:00.275+0800] GC(182)   Evacuate Collection Set: 0.5ms
[2021-05-10T17:05:00.275+0800] GC(182)   Post Evacuate Collection Set: 0.2ms
[2021-05-10T17:05:00.275+0800] GC(182)   Other: 0.1ms
[2021-05-10T17:05:00.275+0800] GC(182) Eden regions: 2->0(24)
[2021-05-10T17:05:00.275+0800] GC(182) Survivor regions: 4->1(4)
[2021-05-10T17:05:00.275+0800] GC(182) Old regions: 298->303
[2021-05-10T17:05:00.275+0800] GC(182) Humongous regions: 171->171
[2021-05-10T17:05:00.275+0800] GC(182) Metaspace: 14995K->14995K(1062912K)
[2021-05-10T17:05:00.275+0800] GC(182) Pause Young (Concurrent Start) (G1 Humongous Allocation) 443M->443M(512M) 1.038ms
[2021-05-10T17:05:00.275+0800] GC(182) User=0.00s Sys=0.00s Real=0.00s
[2021-05-10T17:05:00.275+0800] GC(183) Concurrent Cycle
[2021-05-10T17:05:00.275+0800] GC(183) Concurrent Clear Claimed Marks
[2021-05-10T17:05:00.275+0800] GC(183) Concurrent Clear Claimed Marks 0.015ms
[2021-05-10T17:05:00.275+0800] GC(183) Concurrent Scan Root Regions
[2021-05-10T17:05:00.275+0800] GC(183) Concurrent Scan Root Regions 0.091ms
[2021-05-10T17:05:00.275+0800] GC(183) Concurrent Mark (1.355s)
[2021-05-10T17:05:00.275+0800] GC(183) Concurrent Mark From Roots
[2021-05-10T17:05:00.275+0800] GC(183) Using 3 workers of 3 for marking
[2021-05-10T17:05:00.278+0800] GC(183) Concurrent Mark From Roots 2.846ms
[2021-05-10T17:05:00.278+0800] GC(183) Concurrent Preclean
[2021-05-10T17:05:00.278+0800] GC(183) Concurrent Preclean 0.052ms
[2021-05-10T17:05:00.278+0800] GC(183) Concurrent Mark (1.355s, 1.358s) 2.949ms
[2021-05-10T17:05:00.279+0800] GC(183) Pause Remark
[2021-05-10T17:05:00.279+0800] GC(183) Cleaned string and symbol table, strings: 5932 processed, 0 removed, symbols: 50052 processed, 0 removed
[2021-05-10T17:05:00.279+0800] GC(183) Pause Remark 469M->469M(512M) 0.822ms
[2021-05-10T17:05:00.280+0800] GC(183) User=0.00s Sys=0.00s Real=0.00s
[2021-05-10T17:05:00.280+0800] GC(183) Concurrent Rebuild Remembered Sets
[2021-05-10T17:05:00.281+0800] GC(183) Concurrent Rebuild Remembered Sets 1.274ms
[2021-05-10T17:05:00.281+0800] GC(184) Pause Young (Normal) (G1 Evacuation Pause)
[2021-05-10T17:05:00.281+0800] GC(184) Using 10 workers of 10 for evacuation
[2021-05-10T17:05:00.282+0800] GC(184) To-space exhausted
[2021-05-10T17:05:00.282+0800] GC(184)   Pre Evacuate Collection Set: 0.1ms
[2021-05-10T17:05:00.282+0800] GC(184)   Evacuate Collection Set: 0.2ms
[2021-05-10T17:05:00.282+0800] GC(184)   Post Evacuate Collection Set: 0.3ms
[2021-05-10T17:05:00.282+0800] GC(184)   Other: 0.1ms
[2021-05-10T17:05:00.282+0800] GC(184) Eden regions: 24->0(25)
[2021-05-10T17:05:00.282+0800] GC(184) Survivor regions: 1->0(4)
[2021-05-10T17:05:00.282+0800] GC(184) Old regions: 303->326
[2021-05-10T17:05:00.282+0800] GC(184) Humongous regions: 184->170
[2021-05-10T17:05:00.282+0800] GC(184) Metaspace: 14995K->14995K(1062912K)
[2021-05-10T17:05:00.282+0800] GC(184) Pause Young (Normal) (G1 Evacuation Pause) 480M->465M(512M) 0.740ms
[2021-05-10T17:05:00.282+0800] GC(184) User=0.00s Sys=0.00s Real=0.00s
[2021-05-10T17:05:00.282+0800] GC(183) Pause Cleanup
[2021-05-10T17:05:00.282+0800] GC(183) Pause Cleanup 467M->467M(512M) 0.129ms
[2021-05-10T17:05:00.282+0800] GC(183) User=0.00s Sys=0.00s Real=0.00s
[2021-05-10T17:05:00.282+0800] GC(183) Concurrent Cleanup for Next Mark
[2021-05-10T17:05:00.282+0800] GC(183) Concurrent Cleanup for Next Mark 0.308ms
[2021-05-10T17:05:00.282+0800] GC(183) Concurrent Cycle 7.004ms
[2021-05-10T17:05:00.284+0800] GC(185) Pause Young (Prepare Mixed) (G1 Evacuation Pause)
[2021-05-10T17:05:00.284+0800] GC(185) Using 10 workers of 10 for evacuation
[2021-05-10T17:05:00.285+0800] GC(185) To-space exhausted
[2021-05-10T17:05:00.285+0800] GC(185)   Pre Evacuate Collection Set: 0.1ms
[2021-05-10T17:05:00.285+0800] GC(185)   Evacuate Collection Set: 0.1ms
[2021-05-10T17:05:00.285+0800] GC(185)   Post Evacuate Collection Set: 0.4ms
[2021-05-10T17:05:00.285+0800] GC(185)   Other: 0.1ms
[2021-05-10T17:05:00.285+0800] GC(185) Eden regions: 10->0(25)
[2021-05-10T17:05:00.285+0800] GC(185) Survivor regions: 0->0(4)
[2021-05-10T17:05:00.285+0800] GC(185) Old regions: 326->336
[2021-05-10T17:05:00.285+0800] GC(185) Humongous regions: 176->166
[2021-05-10T17:05:00.285+0800] GC(185) Metaspace: 14995K->14995K(1062912K)
[2021-05-10T17:05:00.285+0800] GC(185) Pause Young (Prepare Mixed) (G1 Evacuation Pause) 481M->471M(512M) 0.770ms
[2021-05-10T17:05:00.285+0800] GC(185) User=0.00s Sys=0.00s Real=0.00s
[2021-05-10T17:05:00.286+0800] GC(186) Pause Young (Mixed) (G1 Evacuation Pause)
[2021-05-10T17:05:00.286+0800] GC(186) Using 10 workers of 10 for evacuation
[2021-05-10T17:05:00.287+0800] GC(186) To-space exhausted
[2021-05-10T17:05:00.287+0800] GC(186)   Pre Evacuate Collection Set: 0.1ms
[2021-05-10T17:05:00.287+0800] GC(186)   Evacuate Collection Set: 0.2ms
[2021-05-10T17:05:00.287+0800] GC(186)   Post Evacuate Collection Set: 0.4ms
[2021-05-10T17:05:00.287+0800] GC(186)   Other: 0.1ms
[2021-05-10T17:05:00.287+0800] GC(186) Eden regions: 7->0(25)
[2021-05-10T17:05:00.287+0800] GC(186) Survivor regions: 0->0(4)
[2021-05-10T17:05:00.287+0800] GC(186) Old regions: 336->342
[2021-05-10T17:05:00.287+0800] GC(186) Humongous regions: 169->165
[2021-05-10T17:05:00.287+0800] GC(186) Metaspace: 14995K->14995K(1062912K)
[2021-05-10T17:05:00.287+0800] GC(186) Pause Young (Mixed) (G1 Evacuation Pause) 481M->476M(512M) 0.809ms
[2021-05-10T17:05:00.287+0800] GC(186) User=0.00s Sys=0.00s Real=0.00s
[2021-05-10T17:05:00.287+0800] GC(187) Pause Young (Mixed) (G1 Evacuation Pause)
[2021-05-10T17:05:00.287+0800] GC(187) Using 10 workers of 10 for evacuation
[2021-05-10T17:05:00.288+0800] GC(187) To-space exhausted
[2021-05-10T17:05:00.288+0800] GC(187)   Pre Evacuate Collection Set: 0.1ms
[2021-05-10T17:05:00.288+0800] GC(187)   Evacuate Collection Set: 0.1ms
[2021-05-10T17:05:00.288+0800] GC(187)   Post Evacuate Collection Set: 0.4ms
[2021-05-10T17:05:00.288+0800] GC(187)   Other: 0.1ms
[2021-05-10T17:05:00.288+0800] GC(187) Eden regions: 4->0(25)
[2021-05-10T17:05:00.288+0800] GC(187) Survivor regions: 0->0(4)
[2021-05-10T17:05:00.288+0800] GC(187) Old regions: 342->346
[2021-05-10T17:05:00.288+0800] GC(187) Humongous regions: 166->165
[2021-05-10T17:05:00.288+0800] GC(187) Metaspace: 14995K->14995K(1062912K)
[2021-05-10T17:05:00.288+0800] GC(187) Pause Young (Mixed) (G1 Evacuation Pause) 481M->480M(512M) 0.784ms
[2021-05-10T17:05:00.288+0800] GC(187) User=0.00s Sys=0.00s Real=0.00s
[2021-05-10T17:05:00.288+0800] GC(188) Pause Young (Concurrent Start) (G1 Evacuation Pause)
[2021-05-10T17:05:00.288+0800] GC(188) Using 10 workers of 10 for evacuation
[2021-05-10T17:05:00.290+0800] GC(188) To-space exhausted
[2021-05-10T17:05:00.290+0800] GC(188)   Pre Evacuate Collection Set: 0.0ms
[2021-05-10T17:05:00.290+0800] GC(188)   Evacuate Collection Set: 0.2ms
[2021-05-10T17:05:00.290+0800] GC(188)   Post Evacuate Collection Set: 0.3ms
[2021-05-10T17:05:00.290+0800] GC(188)   Other: 0.1ms
[2021-05-10T17:05:00.290+0800] GC(188) Eden regions: 1->0(25)
[2021-05-10T17:05:00.290+0800] GC(188) Survivor regions: 0->0(4)
[2021-05-10T17:05:00.290+0800] GC(188) Old regions: 346->347
[2021-05-10T17:05:00.290+0800] GC(188) Humongous regions: 165->165
[2021-05-10T17:05:00.290+0800] GC(188) Metaspace: 14995K->14995K(1062912K)
[2021-05-10T17:05:00.290+0800] GC(188) Pause Young (Concurrent Start) (G1 Evacuation Pause) 480M->480M(512M) 0.748ms
[2021-05-10T17:05:00.290+0800] GC(188) User=0.00s Sys=0.00s Real=0.00s
[2021-05-10T17:05:00.290+0800] GC(189) Using 10 workers of 10 for full compaction
[2021-05-10T17:05:00.290+0800] GC(190) Concurrent Cycle
[2021-05-10T17:05:00.290+0800] GC(190) Concurrent Clear Claimed Marks
[2021-05-10T17:05:00.290+0800] GC(190) Concurrent Clear Claimed Marks 0.014ms
[2021-05-10T17:05:00.290+0800] GC(190) Concurrent Scan Root Regions
[2021-05-10T17:05:00.290+0800] GC(190) Concurrent Scan Root Regions 0.009ms
[2021-05-10T17:05:00.290+0800] GC(190) Concurrent Mark (1.368s)
[2021-05-10T17:05:00.290+0800] GC(190) Concurrent Mark From Roots
[2021-05-10T17:05:00.290+0800] GC(190) Using 3 workers of 3 for marking
[2021-05-10T17:05:00.290+0800] GC(189) Pause Full (G1 Evacuation Pause)
[2021-05-10T17:05:00.290+0800] GC(189) Phase 1: Mark live objects
[2021-05-10T17:05:00.291+0800] GC(189) Cleaned string and symbol table, strings: 5932 processed, 0 removed, symbols: 50052 processed, 0 removed
[2021-05-10T17:05:00.291+0800] GC(189) Phase 1: Mark live objects 1.288ms
[2021-05-10T17:05:00.291+0800] GC(189) Phase 2: Prepare for compaction
[2021-05-10T17:05:00.292+0800] GC(189) Phase 2: Prepare for compaction 0.424ms
[2021-05-10T17:05:00.292+0800] GC(189) Phase 3: Adjust pointers
[2021-05-10T17:05:00.293+0800] GC(189) Phase 3: Adjust pointers 1.082ms
[2021-05-10T17:05:00.293+0800] GC(189) Phase 4: Compact heap
[2021-05-10T17:05:00.310+0800] GC(189) Phase 4: Compact heap 16.898ms
[2021-05-10T17:05:00.311+0800] GC(189) Eden regions: 0->0(25)
[2021-05-10T17:05:00.311+0800] GC(189) Survivor regions: 0->0(4)
[2021-05-10T17:05:00.311+0800] GC(189) Old regions: 347->267
[2021-05-10T17:05:00.311+0800] GC(189) Humongous regions: 165->165
[2021-05-10T17:05:00.311+0800] GC(189) Metaspace: 14995K->14995K(1062912K)
[2021-05-10T17:05:00.311+0800] GC(189) Pause Full (G1 Evacuation Pause) 480M->396M(512M) 21.028ms
[2021-05-10T17:05:00.311+0800] GC(189) User=0.11s Sys=0.00s Real=0.02s
[2021-05-10T17:05:00.311+0800] GC(190) Concurrent Mark From Roots 21.413ms
[2021-05-10T17:05:00.311+0800] GC(190) Concurrent Mark Abort
[2021-05-10T17:05:00.311+0800] GC(190) Concurrent Cycle 21.538ms
[2021-05-10T17:05:00.312+0800] GC(191) Pause Young (Concurrent Start) (G1 Humongous Allocation)
[2021-05-10T17:05:00.312+0800] GC(191) Using 10 workers of 10 for evacuation
[2021-05-10T17:05:00.312+0800] GC(191)   Pre Evacuate Collection Set: 0.0ms
[2021-05-10T17:05:00.312+0800] GC(191)   Evacuate Collection Set: 0.3ms
[2021-05-10T17:05:00.312+0800] GC(191)   Post Evacuate Collection Set: 0.2ms
[2021-05-10T17:05:00.312+0800] GC(191)   Other: 0.1ms
[2021-05-10T17:05:00.312+0800] GC(191) Eden regions: 2->0(24)
[2021-05-10T17:05:00.312+0800] GC(191) Survivor regions: 0->1(4)
[2021-05-10T17:05:00.312+0800] GC(191) Old regions: 267->267
[2021-05-10T17:05:00.312+0800] GC(191) Humongous regions: 165->165
[2021-05-10T17:05:00.312+0800] GC(191) Metaspace: 14995K->14995K(1062912K)
[2021-05-10T17:05:00.312+0800] GC(191) Pause Young (Concurrent Start) (G1 Humongous Allocation) 398M->397M(512M) 0.779ms
[2021-05-10T17:05:00.312+0800] GC(191) User=0.00s Sys=0.00s Real=0.00s
[2021-05-10T17:05:00.312+0800] GC(192) Concurrent Cycle
[2021-05-10T17:05:00.312+0800] GC(192) Concurrent Clear Claimed Marks
[2021-05-10T17:05:00.312+0800] GC(192) Concurrent Clear Claimed Marks 0.017ms
[2021-05-10T17:05:00.312+0800] GC(192) Concurrent Scan Root Regions
[2021-05-10T17:05:00.312+0800] GC(192) Concurrent Scan Root Regions 0.093ms
[2021-05-10T17:05:00.312+0800] GC(192) Concurrent Mark (1.391s)
[2021-05-10T17:05:00.312+0800] GC(192) Concurrent Mark From Roots
[2021-05-10T17:05:00.312+0800] GC(192) Using 3 workers of 3 for marking
[2021-05-10T17:05:00.315+0800] GC(192) Concurrent Mark From Roots 2.932ms
[2021-05-10T17:05:00.315+0800] GC(192) Concurrent Preclean
[2021-05-10T17:05:00.315+0800] GC(192) Concurrent Preclean 0.064ms
[2021-05-10T17:05:00.315+0800] GC(192) Concurrent Mark (1.391s, 1.394s) 3.071ms
[2021-05-10T17:05:00.315+0800] GC(192) Pause Remark
[2021-05-10T17:05:00.316+0800] GC(192) Cleaned string and symbol table, strings: 5932 processed, 0 removed, symbols: 50052 processed, 0 removed
[2021-05-10T17:05:00.316+0800] GC(192) Pause Remark 428M->427M(512M) 0.909ms
[2021-05-10T17:05:00.316+0800] GC(192) User=0.00s Sys=0.00s Real=0.00s
[2021-05-10T17:05:00.316+0800] GC(192) Concurrent Rebuild Remembered Sets
[2021-05-10T17:05:00.318+0800] GC(193) Pause Young (Normal) (G1 Evacuation Pause)
[2021-05-10T17:05:00.318+0800] GC(193) Using 10 workers of 10 for evacuation
[2021-05-10T17:05:00.319+0800] GC(193)   Pre Evacuate Collection Set: 0.0ms
[2021-05-10T17:05:00.319+0800] GC(193)   Evacuate Collection Set: 0.7ms
[2021-05-10T17:05:00.319+0800] GC(193)   Post Evacuate Collection Set: 0.2ms
[2021-05-10T17:05:00.319+0800] GC(193)   Other: 0.1ms
[2021-05-10T17:05:00.319+0800] GC(193) Eden regions: 24->0(21)
[2021-05-10T17:05:00.319+0800] GC(193) Survivor regions: 1->4(4)
[2021-05-10T17:05:00.319+0800] GC(193) Old regions: 267->274
[2021-05-10T17:05:00.319+0800] GC(193) Humongous regions: 183->174
[2021-05-10T17:05:00.319+0800] GC(193) Metaspace: 14995K->14995K(1062912K)
[2021-05-10T17:05:00.319+0800] GC(193) Pause Young (Normal) (G1 Evacuation Pause) 438M->416M(512M) 1.268ms
[2021-05-10T17:05:00.319+0800] GC(193) User=0.00s Sys=0.00s Real=0.00s
[2021-05-10T17:05:00.319+0800] GC(192) Concurrent Rebuild Remembered Sets 2.981ms
[2021-05-10T17:05:00.319+0800] GC(192) Pause Cleanup
[2021-05-10T17:05:00.320+0800] GC(192) Pause Cleanup 418M->418M(512M) 0.168ms
[2021-05-10T17:05:00.320+0800] GC(192) User=0.00s Sys=0.00s Real=0.00s
[2021-05-10T17:05:00.320+0800] GC(192) Concurrent Cleanup for Next Mark
[2021-05-10T17:05:00.320+0800] GC(192) Concurrent Cleanup for Next Mark 0.302ms
[2021-05-10T17:05:00.320+0800] GC(192) Concurrent Cycle 8.105ms
[2021-05-10T17:05:00.323+0800] GC(194) Pause Young (Prepare Mixed) (G1 Evacuation Pause)
[2021-05-10T17:05:00.323+0800] GC(194) Using 10 workers of 10 for evacuation
[2021-05-10T17:05:00.324+0800] GC(194)   Pre Evacuate Collection Set: 0.1ms
[2021-05-10T17:05:00.324+0800] GC(194)   Evacuate Collection Set: 1.0ms
[2021-05-10T17:05:00.324+0800] GC(194)   Post Evacuate Collection Set: 0.3ms
[2021-05-10T17:05:00.324+0800] GC(194)   Other: 0.1ms
[2021-05-10T17:05:00.324+0800] GC(194) Eden regions: 21->0(21)
[2021-05-10T17:05:00.324+0800] GC(194) Survivor regions: 4->4(4)
[2021-05-10T17:05:00.324+0800] GC(194) Old regions: 274->283
[2021-05-10T17:05:00.324+0800] GC(194) Humongous regions: 183->165
[2021-05-10T17:05:00.324+0800] GC(194) Metaspace: 14995K->14995K(1062912K)
[2021-05-10T17:05:00.324+0800] GC(194) Pause Young (Prepare Mixed) (G1 Evacuation Pause) 446M->416M(512M) 1.621ms
[2021-05-10T17:05:00.324+0800] GC(194) User=0.00s Sys=0.00s Real=0.00s
[2021-05-10T17:05:00.328+0800] GC(195) Pause Young (Mixed) (G1 Evacuation Pause)
[2021-05-10T17:05:00.329+0800] GC(195) Using 10 workers of 10 for evacuation
[2021-05-10T17:05:00.330+0800] GC(195)   Pre Evacuate Collection Set: 0.1ms
[2021-05-10T17:05:00.330+0800] GC(195)   Evacuate Collection Set: 1.0ms
[2021-05-10T17:05:00.330+0800] GC(195)   Post Evacuate Collection Set: 0.3ms
[2021-05-10T17:05:00.330+0800] GC(195)   Other: 0.2ms
[2021-05-10T17:05:00.330+0800] GC(195) Eden regions: 21->0(21)
[2021-05-10T17:05:00.330+0800] GC(195) Survivor regions: 4->4(4)
[2021-05-10T17:05:00.330+0800] GC(195) Old regions: 283->291
[2021-05-10T17:05:00.330+0800] GC(195) Humongous regions: 184->168
[2021-05-10T17:05:00.330+0800] GC(195) Metaspace: 14995K->14995K(1062912K)
[2021-05-10T17:05:00.330+0800] GC(195) Pause Young (Mixed) (G1 Evacuation Pause) 455M->428M(512M) 1.725ms
[2021-05-10T17:05:00.330+0800] GC(195) User=0.00s Sys=0.00s Real=0.00s
[2021-05-10T17:05:00.331+0800] GC(196) Pause Young (Concurrent Start) (G1 Humongous Allocation)
[2021-05-10T17:05:00.331+0800] GC(196) Using 10 workers of 10 for evacuation
[2021-05-10T17:05:00.332+0800] GC(196)   Pre Evacuate Collection Set: 0.1ms
[2021-05-10T17:05:00.332+0800] GC(196)   Evacuate Collection Set: 0.5ms
[2021-05-10T17:05:00.332+0800] GC(196)   Post Evacuate Collection Set: 0.2ms
[2021-05-10T17:05:00.332+0800] GC(196)   Other: 0.1ms
[2021-05-10T17:05:00.332+0800] GC(196) Eden regions: 4->0(24)
[2021-05-10T17:05:00.332+0800] GC(196) Survivor regions: 4->1(4)
[2021-05-10T17:05:00.332+0800] GC(196) Old regions: 291->295
[2021-05-10T17:05:00.332+0800] GC(196) Humongous regions: 168->168
[2021-05-10T17:05:00.332+0800] GC(196) Metaspace: 14995K->14995K(1062912K)
[2021-05-10T17:05:00.332+0800] GC(196) Pause Young (Concurrent Start) (G1 Humongous Allocation) 431M->429M(512M) 1.013ms
[2021-05-10T17:05:00.332+0800] GC(196) User=0.00s Sys=0.00s Real=0.00s
[2021-05-10T17:05:00.332+0800] GC(197) Concurrent Cycle
[2021-05-10T17:05:00.332+0800] GC(197) Concurrent Clear Claimed Marks
[2021-05-10T17:05:00.332+0800] GC(197) Concurrent Clear Claimed Marks 0.016ms
[2021-05-10T17:05:00.332+0800] GC(197) Concurrent Scan Root Regions
[2021-05-10T17:05:00.332+0800] GC(197) Concurrent Scan Root Regions 0.098ms
[2021-05-10T17:05:00.332+0800] GC(197) Concurrent Mark (1.411s)
[2021-05-10T17:05:00.332+0800] GC(197) Concurrent Mark From Roots
[2021-05-10T17:05:00.332+0800] GC(197) Using 3 workers of 3 for marking
[2021-05-10T17:05:00.335+0800] GC(197) Concurrent Mark From Roots 2.948ms
[2021-05-10T17:05:00.335+0800] GC(197) Concurrent Preclean
[2021-05-10T17:05:00.335+0800] GC(197) Concurrent Preclean 0.063ms
[2021-05-10T17:05:00.335+0800] GC(197) Concurrent Mark (1.411s, 1.414s) 3.090ms
[2021-05-10T17:05:00.336+0800] GC(197) Pause Remark
[2021-05-10T17:05:00.336+0800] GC(197) Cleaned string and symbol table, strings: 5932 processed, 0 removed, symbols: 50052 processed, 0 removed
[2021-05-10T17:05:00.337+0800] GC(197) Pause Remark 472M->472M(512M) 0.985ms
[2021-05-10T17:05:00.337+0800] GC(197) User=0.00s Sys=0.00s Real=0.00s
[2021-05-10T17:05:00.337+0800] GC(197) Concurrent Rebuild Remembered Sets
[2021-05-10T17:05:00.338+0800] GC(198) Pause Young (Normal) (G1 Evacuation Pause)
[2021-05-10T17:05:00.338+0800] GC(198) Using 10 workers of 10 for evacuation
[2021-05-10T17:05:00.338+0800] GC(198) To-space exhausted
[2021-05-10T17:05:00.338+0800] GC(198)   Pre Evacuate Collection Set: 0.1ms
[2021-05-10T17:05:00.338+0800] GC(198)   Evacuate Collection Set: 0.2ms
[2021-05-10T17:05:00.339+0800] GC(198)   Post Evacuate Collection Set: 0.5ms
[2021-05-10T17:05:00.339+0800] GC(198)   Other: 0.1ms
[2021-05-10T17:05:00.339+0800] GC(198) Eden regions: 24->0(25)
[2021-05-10T17:05:00.339+0800] GC(198) Survivor regions: 1->0(4)
[2021-05-10T17:05:00.339+0800] GC(198) Old regions: 295->320
[2021-05-10T17:05:00.339+0800] GC(198) Humongous regions: 192->174
[2021-05-10T17:05:00.339+0800] GC(198) Metaspace: 14995K->14995K(1062912K)
[2021-05-10T17:05:00.339+0800] GC(198) Pause Young (Normal) (G1 Evacuation Pause) 476M->459M(512M) 0.989ms
[2021-05-10T17:05:00.339+0800] GC(198) User=0.00s Sys=0.02s Real=0.00s
[2021-05-10T17:05:00.340+0800] GC(197) Concurrent Rebuild Remembered Sets 2.802ms
[2021-05-10T17:05:00.340+0800] GC(197) Pause Cleanup
[2021-05-10T17:05:00.340+0800] GC(197) Pause Cleanup 465M->465M(512M) 0.162ms
[2021-05-10T17:05:00.340+0800] GC(197) User=0.00s Sys=0.00s Real=0.00s
[2021-05-10T17:05:00.340+0800] GC(197) Concurrent Cleanup for Next Mark
[2021-05-10T17:05:00.340+0800] GC(197) Concurrent Cleanup for Next Mark 0.327ms
[2021-05-10T17:05:00.340+0800] GC(197) Concurrent Cycle 8.187ms
[2021-05-10T17:05:00.342+0800] GC(199) Pause Young (Prepare Mixed) (G1 Evacuation Pause)
[2021-05-10T17:05:00.342+0800] GC(199) Using 10 workers of 10 for evacuation
[2021-05-10T17:05:00.343+0800] GC(199) To-space exhausted
[2021-05-10T17:05:00.343+0800] GC(199)   Pre Evacuate Collection Set: 0.1ms
[2021-05-10T17:05:00.343+0800] GC(199)   Evacuate Collection Set: 0.1ms
[2021-05-10T17:05:00.343+0800] GC(199)   Post Evacuate Collection Set: 0.3ms
[2021-05-10T17:05:00.343+0800] GC(199)   Other: 0.1ms
[2021-05-10T17:05:00.343+0800] GC(199) Eden regions: 11->0(25)
[2021-05-10T17:05:00.343+0800] GC(199) Survivor regions: 0->0(4)
[2021-05-10T17:05:00.343+0800] GC(199) Old regions: 320->331
[2021-05-10T17:05:00.343+0800] GC(199) Humongous regions: 181->175
[2021-05-10T17:05:00.343+0800] GC(199) Metaspace: 14995K->14995K(1062912K)
[2021-05-10T17:05:00.343+0800] GC(199) Pause Young (Prepare Mixed) (G1 Evacuation Pause) 477M->471M(512M) 0.722ms
[2021-05-10T17:05:00.343+0800] GC(199) User=0.00s Sys=0.00s Real=0.00s
[2021-05-10T17:05:00.344+0800] GC(200) Pause Young (Mixed) (G1 Humongous Allocation)
[2021-05-10T17:05:00.344+0800] GC(200) Using 10 workers of 10 for evacuation
[2021-05-10T17:05:00.344+0800] GC(200) To-space exhausted
[2021-05-10T17:05:00.344+0800] GC(200)   Pre Evacuate Collection Set: 0.1ms
[2021-05-10T17:05:00.344+0800] GC(200)   Evacuate Collection Set: 0.2ms
[2021-05-10T17:05:00.344+0800] GC(200)   Post Evacuate Collection Set: 0.4ms
[2021-05-10T17:05:00.344+0800] GC(200)   Other: 0.1ms
[2021-05-10T17:05:00.344+0800] GC(200) Eden regions: 5->0(25)
[2021-05-10T17:05:00.344+0800] GC(200) Survivor regions: 0->0(4)
[2021-05-10T17:05:00.344+0800] GC(200) Old regions: 331->335
[2021-05-10T17:05:00.344+0800] GC(200) Humongous regions: 176->173
[2021-05-10T17:05:00.344+0800] GC(200) Metaspace: 14995K->14995K(1062912K)
[2021-05-10T17:05:00.344+0800] GC(200) Pause Young (Mixed) (G1 Humongous Allocation) 476M->473M(512M) 0.810ms
[2021-05-10T17:05:00.344+0800] GC(200) User=0.00s Sys=0.00s Real=0.00s
[2021-05-10T17:05:00.345+0800] GC(201) Pause Young (Mixed) (G1 Evacuation Pause)
[2021-05-10T17:05:00.345+0800] GC(201) Using 10 workers of 10 for evacuation
[2021-05-10T17:05:00.345+0800] GC(201) To-space exhausted
[2021-05-10T17:05:00.345+0800] GC(201)   Pre Evacuate Collection Set: 0.0ms
[2021-05-10T17:05:00.345+0800] GC(201)   Evacuate Collection Set: 0.2ms
[2021-05-10T17:05:00.345+0800] GC(201)   Post Evacuate Collection Set: 0.4ms
[2021-05-10T17:05:00.345+0800] GC(201)   Other: 0.1ms
[2021-05-10T17:05:00.345+0800] GC(201) Eden regions: 2->0(25)
[2021-05-10T17:05:00.345+0800] GC(201) Survivor regions: 0->0(4)
[2021-05-10T17:05:00.345+0800] GC(201) Old regions: 335->337
[2021-05-10T17:05:00.345+0800] GC(201) Humongous regions: 175->174
[2021-05-10T17:05:00.345+0800] GC(201) Metaspace: 14995K->14995K(1062912K)
[2021-05-10T17:05:00.345+0800] GC(201) Pause Young (Mixed) (G1 Evacuation Pause) 477M->476M(512M) 0.811ms
[2021-05-10T17:05:00.345+0800] GC(201) User=0.00s Sys=0.00s Real=0.00s
[2021-05-10T17:05:00.346+0800] GC(202) Pause Young (Concurrent Start) (G1 Evacuation Pause)
[2021-05-10T17:05:00.346+0800] GC(202) Using 10 workers of 10 for evacuation
[2021-05-10T17:05:00.346+0800] GC(202) To-space exhausted
[2021-05-10T17:05:00.346+0800] GC(202)   Pre Evacuate Collection Set: 0.0ms
[2021-05-10T17:05:00.346+0800] GC(202)   Evacuate Collection Set: 0.2ms
[2021-05-10T17:05:00.346+0800] GC(202)   Post Evacuate Collection Set: 0.3ms
[2021-05-10T17:05:00.346+0800] GC(202)   Other: 0.1ms
[2021-05-10T17:05:00.346+0800] GC(202) Eden regions: 1->0(25)
[2021-05-10T17:05:00.346+0800] GC(202) Survivor regions: 0->0(4)
[2021-05-10T17:05:00.346+0800] GC(202) Old regions: 337->338
[2021-05-10T17:05:00.346+0800] GC(202) Humongous regions: 174->174
[2021-05-10T17:05:00.346+0800] GC(202) Metaspace: 14995K->14995K(1062912K)
[2021-05-10T17:05:00.346+0800] GC(202) Pause Young (Concurrent Start) (G1 Evacuation Pause) 476M->476M(512M) 0.676ms
[2021-05-10T17:05:00.346+0800] GC(202) User=0.00s Sys=0.00s Real=0.00s
[2021-05-10T17:05:00.346+0800] GC(203) Using 10 workers of 10 for full compaction
[2021-05-10T17:05:00.346+0800] GC(204) Concurrent Cycle
[2021-05-10T17:05:00.346+0800] GC(204) Concurrent Clear Claimed Marks
[2021-05-10T17:05:00.346+0800] GC(204) Concurrent Clear Claimed Marks 0.015ms
[2021-05-10T17:05:00.346+0800] GC(204) Concurrent Scan Root Regions
[2021-05-10T17:05:00.346+0800] GC(204) Concurrent Scan Root Regions 0.009ms
[2021-05-10T17:05:00.346+0800] GC(204) Concurrent Mark (1.425s)
[2021-05-10T17:05:00.346+0800] GC(204) Concurrent Mark From Roots
[2021-05-10T17:05:00.346+0800] GC(204) Using 3 workers of 3 for marking
[2021-05-10T17:05:00.347+0800] GC(203) Pause Full (G1 Evacuation Pause)
[2021-05-10T17:05:00.347+0800] GC(203) Phase 1: Mark live objects
[2021-05-10T17:05:00.348+0800] GC(203) Cleaned string and symbol table, strings: 5932 processed, 0 removed, symbols: 50052 processed, 0 removed
[2021-05-10T17:05:00.348+0800] GC(203) Phase 1: Mark live objects 1.351ms
[2021-05-10T17:05:00.348+0800] GC(203) Phase 2: Prepare for compaction
[2021-05-10T17:05:00.349+0800] GC(203) Phase 2: Prepare for compaction 0.395ms
[2021-05-10T17:05:00.349+0800] GC(203) Phase 3: Adjust pointers
[2021-05-10T17:05:00.350+0800] GC(203) Phase 3: Adjust pointers 0.932ms
[2021-05-10T17:05:00.350+0800] GC(203) Phase 4: Compact heap
[2021-05-10T17:05:00.366+0800] GC(203) Phase 4: Compact heap 16.727ms
[2021-05-10T17:05:00.367+0800] GC(203) Eden regions: 0->0(25)
[2021-05-10T17:05:00.367+0800] GC(203) Survivor regions: 0->0(4)
[2021-05-10T17:05:00.367+0800] GC(203) Old regions: 338->261
[2021-05-10T17:05:00.367+0800] GC(203) Humongous regions: 174->174
[2021-05-10T17:05:00.367+0800] GC(203) Metaspace: 14995K->14995K(1062912K)
[2021-05-10T17:05:00.367+0800] GC(203) Pause Full (G1 Evacuation Pause) 476M->401M(512M) 20.811ms
[2021-05-10T17:05:00.368+0800] GC(203) User=0.13s Sys=0.00s Real=0.02s
[2021-05-10T17:05:00.368+0800] GC(204) Concurrent Mark From Roots 21.246ms
[2021-05-10T17:05:00.368+0800] GC(204) Concurrent Mark Abort
[2021-05-10T17:05:00.368+0800] GC(204) Concurrent Cycle 21.373ms
[2021-05-10T17:05:00.368+0800] GC(205) Pause Young (Concurrent Start) (G1 Humongous Allocation)
[2021-05-10T17:05:00.368+0800] GC(205) Using 10 workers of 10 for evacuation
[2021-05-10T17:05:00.369+0800] GC(205)   Pre Evacuate Collection Set: 0.0ms
[2021-05-10T17:05:00.369+0800] GC(205)   Evacuate Collection Set: 0.3ms
[2021-05-10T17:05:00.369+0800] GC(205)   Post Evacuate Collection Set: 0.3ms
[2021-05-10T17:05:00.369+0800] GC(205)   Other: 0.1ms
[2021-05-10T17:05:00.369+0800] GC(205) Eden regions: 3->0(23)
[2021-05-10T17:05:00.369+0800] GC(205) Survivor regions: 0->2(4)
[2021-05-10T17:05:00.369+0800] GC(205) Old regions: 261->261
[2021-05-10T17:05:00.369+0800] GC(205) Humongous regions: 174->174
[2021-05-10T17:05:00.369+0800] GC(205) Metaspace: 14995K->14995K(1062912K)
[2021-05-10T17:05:00.369+0800] GC(205) Pause Young (Concurrent Start) (G1 Humongous Allocation) 403M->402M(512M) 0.834ms
[2021-05-10T17:05:00.369+0800] GC(205) User=0.00s Sys=0.00s Real=0.00s
[2021-05-10T17:05:00.369+0800] GC(206) Concurrent Cycle
[2021-05-10T17:05:00.369+0800] GC(206) Concurrent Clear Claimed Marks
[2021-05-10T17:05:00.369+0800] GC(206) Concurrent Clear Claimed Marks 0.017ms
[2021-05-10T17:05:00.369+0800] GC(206) Concurrent Scan Root Regions
[2021-05-10T17:05:00.369+0800] GC(206) Concurrent Scan Root Regions 0.078ms
[2021-05-10T17:05:00.369+0800] GC(206) Concurrent Mark (1.448s)
[2021-05-10T17:05:00.369+0800] GC(206) Concurrent Mark From Roots
[2021-05-10T17:05:00.369+0800] GC(206) Using 3 workers of 3 for marking
[2021-05-10T17:05:00.373+0800] GC(206) Concurrent Mark From Roots 4.104ms
[2021-05-10T17:05:00.373+0800] GC(206) Concurrent Preclean
[2021-05-10T17:05:00.373+0800] GC(206) Concurrent Preclean 0.060ms
[2021-05-10T17:05:00.373+0800] GC(206) Concurrent Mark (1.448s, 1.452s) 4.239ms
[2021-05-10T17:05:00.373+0800] GC(206) Pause Remark
[2021-05-10T17:05:00.374+0800] GC(206) Cleaned string and symbol table, strings: 5932 processed, 0 removed, symbols: 50052 processed, 0 removed
[2021-05-10T17:05:00.374+0800] GC(206) Pause Remark 438M->437M(512M) 0.955ms
[2021-05-10T17:05:00.374+0800] GC(206) User=0.00s Sys=0.00s Real=0.00s
[2021-05-10T17:05:00.374+0800] GC(206) Concurrent Rebuild Remembered Sets
[2021-05-10T17:05:00.376+0800] GC(207) Pause Young (Normal) (G1 Evacuation Pause)
[2021-05-10T17:05:00.376+0800] GC(207) Using 10 workers of 10 for evacuation
[2021-05-10T17:05:00.377+0800] GC(207)   Pre Evacuate Collection Set: 0.0ms
[2021-05-10T17:05:00.377+0800] GC(207)   Evacuate Collection Set: 0.7ms
[2021-05-10T17:05:00.377+0800] GC(207)   Post Evacuate Collection Set: 0.3ms
[2021-05-10T17:05:00.377+0800] GC(207)   Other: 0.1ms
[2021-05-10T17:05:00.377+0800] GC(207) Eden regions: 23->0(21)
[2021-05-10T17:05:00.377+0800] GC(207) Survivor regions: 2->4(4)
[2021-05-10T17:05:00.377+0800] GC(207) Old regions: 261->267
[2021-05-10T17:05:00.377+0800] GC(207) Humongous regions: 195->179
[2021-05-10T17:05:00.377+0800] GC(207) Metaspace: 14995K->14995K(1062912K)
[2021-05-10T17:05:00.377+0800] GC(207) Pause Young (Normal) (G1 Evacuation Pause) 446M->415M(512M) 1.217ms
[2021-05-10T17:05:00.377+0800] GC(207) User=0.00s Sys=0.00s Real=0.00s
[2021-05-10T17:05:00.378+0800] GC(206) Concurrent Rebuild Remembered Sets 3.080ms
[2021-05-10T17:05:00.378+0800] GC(206) Pause Cleanup
[2021-05-10T17:05:00.378+0800] GC(206) Pause Cleanup 422M->422M(512M) 0.191ms
[2021-05-10T17:05:00.378+0800] GC(206) User=0.00s Sys=0.00s Real=0.00s
[2021-05-10T17:05:00.378+0800] GC(206) Concurrent Cleanup for Next Mark
[2021-05-10T17:05:00.379+0800] GC(206) Concurrent Cleanup for Next Mark 0.342ms
[2021-05-10T17:05:00.379+0800] GC(206) Concurrent Cycle 9.759ms
[2021-05-10T17:05:00.390+0800] Heap
[2021-05-10T17:05:00.390+0800]  garbage-first heap   total 524288K, used 431019K [0x00000000e0000000, 0x0000000100000000)
[2021-05-10T17:05:00.390+0800]   region size 1024K, 9 young (9216K), 4 survivors (4096K)
[2021-05-10T17:05:00.390+0800]  Metaspace       used 15171K, capacity 15519K, committed 15616K, reserved 1062912K
[2021-05-10T17:05:00.390+0800]   class space    used 1642K, capacity 1758K, committed 1792K, reserved 1048576K
