[2021-05-10T17:09:32.992+0800] Using Parallel
[2021-05-10T17:09:32.992+0800] Heap address: 0x00000000e0000000, size: 512 MB, Compressed Oops mode: 32-bit
[2021-05-10T17:09:33.457+0800] GC(0) Pause Young (Allocation Failure)
[2021-05-10T17:09:33.467+0800] GC(0) PSYoungGen: 131416K->21501K(153088K)
[2021-05-10T17:09:33.467+0800] GC(0) ParOldGen: 0K->15792K(349696K)
[2021-05-10T17:09:33.467+0800] GC(0) Metaspace: 15015K->15015K(1062912K)
[2021-05-10T17:09:33.467+0800] GC(0) Pause Young (Allocation Failure) 128M->36M(491M) 10.126ms
[2021-05-10T17:09:33.467+0800] GC(0) User=0.00s Sys=0.00s Real=0.01s
[2021-05-10T17:09:33.482+0800] GC(1) Pause Young (Allocation Failure)
[2021-05-10T17:09:33.490+0800] GC(1) PSYoungGen: 153085K->21495K(153088K)
[2021-05-10T17:09:33.490+0800] GC(1) ParOldGen: 15792K->59303K(349696K)
[2021-05-10T17:09:33.490+0800] GC(1) Metaspace: 15017K->15017K(1062912K)
[2021-05-10T17:09:33.490+0800] GC(1) Pause Young (Allocation Failure) 164M->78M(491M) 7.743ms
[2021-05-10T17:09:33.490+0800] GC(1) User=0.00s Sys=0.00s Real=0.01s
[2021-05-10T17:09:33.504+0800] GC(2) Pause Young (Allocation Failure)
[2021-05-10T17:09:33.512+0800] GC(2) PSYoungGen: 153079K->21496K(153088K)
[2021-05-10T17:09:33.512+0800] GC(2) ParOldGen: 59303K->105253K(349696K)
[2021-05-10T17:09:33.512+0800] GC(2) Metaspace: 15017K->15017K(1062912K)
[2021-05-10T17:09:33.512+0800] GC(2) Pause Young (Allocation Failure) 207M->123M(491M) 7.646ms
[2021-05-10T17:09:33.512+0800] GC(2) User=0.00s Sys=0.16s Real=0.01s
[2021-05-10T17:09:33.526+0800] GC(3) Pause Young (Allocation Failure)
[2021-05-10T17:09:33.533+0800] GC(3) PSYoungGen: 153035K->21487K(153088K)
[2021-05-10T17:09:33.533+0800] GC(3) ParOldGen: 105253K->150962K(349696K)
[2021-05-10T17:09:33.533+0800] GC(3) Metaspace: 15017K->15017K(1062912K)
[2021-05-10T17:09:33.533+0800] GC(3) Pause Young (Allocation Failure) 252M->168M(491M) 7.307ms
[2021-05-10T17:09:33.533+0800] GC(3) User=0.00s Sys=0.00s Real=0.01s
[2021-05-10T17:09:33.547+0800] GC(4) Pause Young (Allocation Failure)
[2021-05-10T17:09:33.554+0800] GC(4) PSYoungGen: 152865K->21502K(153088K)
[2021-05-10T17:09:33.554+0800] GC(4) ParOldGen: 150962K->201880K(349696K)
[2021-05-10T17:09:33.554+0800] GC(4) Metaspace: 15017K->15017K(1062912K)
[2021-05-10T17:09:33.554+0800] GC(4) Pause Young (Allocation Failure) 296M->218M(491M) 7.619ms
[2021-05-10T17:09:33.554+0800] GC(4) User=0.00s Sys=0.00s Real=0.01s
[2021-05-10T17:09:33.566+0800] GC(5) Pause Young (Allocation Failure)
[2021-05-10T17:09:33.575+0800] GC(5) PSYoungGen: 153086K->21498K(80384K)
[2021-05-10T17:09:33.575+0800] GC(5) ParOldGen: 201880K->248818K(349696K)
[2021-05-10T17:09:33.575+0800] GC(5) Metaspace: 15017K->15017K(1062912K)
[2021-05-10T17:09:33.575+0800] GC(5) Pause Young (Allocation Failure) 346M->263M(420M) 8.074ms
[2021-05-10T17:09:33.575+0800] GC(5) User=0.05s Sys=0.11s Real=0.01s
[2021-05-10T17:09:33.581+0800] GC(6) Pause Young (Allocation Failure)
[2021-05-10T17:09:33.586+0800] GC(6) PSYoungGen: 80329K->37189K(116736K)
[2021-05-10T17:09:33.586+0800] GC(6) ParOldGen: 248818K->254754K(349696K)
[2021-05-10T17:09:33.586+0800] GC(6) Metaspace: 15017K->15017K(1062912K)
[2021-05-10T17:09:33.586+0800] GC(6) Pause Young (Allocation Failure) 321M->285M(455M) 4.780ms
[2021-05-10T17:09:33.586+0800] GC(6) User=0.00s Sys=0.00s Real=0.00s
[2021-05-10T17:09:33.592+0800] GC(7) Pause Young (Allocation Failure)
[2021-05-10T17:09:33.598+0800] GC(7) PSYoungGen: 95311K->53807K(116736K)
[2021-05-10T17:09:33.598+0800] GC(7) ParOldGen: 254754K->259750K(349696K)
[2021-05-10T17:09:33.598+0800] GC(7) Metaspace: 15017K->15017K(1062912K)
[2021-05-10T17:09:33.598+0800] GC(7) Pause Young (Allocation Failure) 341M->306M(455M) 5.312ms
[2021-05-10T17:09:33.598+0800] GC(7) User=0.00s Sys=0.00s Real=0.01s
[2021-05-10T17:09:33.604+0800] GC(8) Pause Young (Allocation Failure)
[2021-05-10T17:09:33.611+0800] GC(8) PSYoungGen: 112687K->57843K(116736K)
[2021-05-10T17:09:33.611+0800] GC(8) ParOldGen: 259750K->272431K(349696K)
[2021-05-10T17:09:33.611+0800] GC(8) Metaspace: 15017K->15017K(1062912K)
[2021-05-10T17:09:33.611+0800] GC(8) Pause Young (Allocation Failure) 363M->322M(455M) 6.909ms
[2021-05-10T17:09:33.611+0800] GC(8) User=0.00s Sys=0.00s Real=0.01s
[2021-05-10T17:09:33.619+0800] GC(9) Pause Young (Allocation Failure)
[2021-05-10T17:09:33.625+0800] GC(9) PSYoungGen: 116723K->33966K(116736K)
[2021-05-10T17:09:33.625+0800] GC(9) ParOldGen: 272431K->311109K(349696K)
[2021-05-10T17:09:33.625+0800] GC(9) Metaspace: 15017K->15017K(1062912K)
[2021-05-10T17:09:33.625+0800] GC(9) Pause Young (Allocation Failure) 380M->336M(455M) 6.874ms
[2021-05-10T17:09:33.625+0800] GC(9) User=0.11s Sys=0.05s Real=0.01s
[2021-05-10T17:09:33.625+0800] GC(10) Pause Full (Ergonomics)
[2021-05-10T17:09:33.626+0800] GC(10) Marking Phase
[2021-05-10T17:09:33.629+0800] GC(10) Marking Phase 3.569ms
[2021-05-10T17:09:33.629+0800] GC(10) Summary Phase
[2021-05-10T17:09:33.629+0800] GC(10) Summary Phase 0.017ms
[2021-05-10T17:09:33.629+0800] GC(10) Adjust Roots
[2021-05-10T17:09:33.632+0800] GC(10) Adjust Roots 2.650ms
[2021-05-10T17:09:33.632+0800] GC(10) Compaction Phase
[2021-05-10T17:09:33.651+0800] GC(10) Compaction Phase 19.067ms
[2021-05-10T17:09:33.651+0800] GC(10) Post Compact
[2021-05-10T17:09:33.652+0800] GC(10) Post Compact 1.169ms
[2021-05-10T17:09:33.652+0800] GC(10) PSYoungGen: 33966K->0K(116736K)
[2021-05-10T17:09:33.652+0800] GC(10) ParOldGen: 311109K->234173K(349696K)
[2021-05-10T17:09:33.652+0800] GC(10) Metaspace: 15017K->15017K(1062912K)
[2021-05-10T17:09:33.652+0800] GC(10) Pause Full (Ergonomics) 336M->228M(455M) 26.669ms
[2021-05-10T17:09:33.652+0800] GC(10) User=0.17s Sys=0.00s Real=0.03s
[2021-05-10T17:09:33.660+0800] GC(11) Pause Young (Allocation Failure)
[2021-05-10T17:09:33.663+0800] GC(11) PSYoungGen: 58880K->25094K(116736K)
[2021-05-10T17:09:33.663+0800] GC(11) ParOldGen: 234173K->234173K(349696K)
[2021-05-10T17:09:33.663+0800] GC(11) Metaspace: 15017K->15017K(1062912K)
[2021-05-10T17:09:33.663+0800] GC(11) Pause Young (Allocation Failure) 286M->253M(455M) 2.671ms
[2021-05-10T17:09:33.663+0800] GC(11) User=0.00s Sys=0.00s Real=0.00s
[2021-05-10T17:09:33.671+0800] GC(12) Pause Young (Allocation Failure)
[2021-05-10T17:09:33.675+0800] GC(12) PSYoungGen: 83831K->25620K(116736K)
[2021-05-10T17:09:33.675+0800] GC(12) ParOldGen: 234173K->257055K(349696K)
[2021-05-10T17:09:33.675+0800] GC(12) Metaspace: 15017K->15017K(1062912K)
[2021-05-10T17:09:33.675+0800] GC(12) Pause Young (Allocation Failure) 310M->276M(455M) 4.612ms
[2021-05-10T17:09:33.675+0800] GC(12) User=0.00s Sys=0.00s Real=0.00s
[2021-05-10T17:09:33.682+0800] GC(13) Pause Young (Allocation Failure)
[2021-05-10T17:09:33.687+0800] GC(13) PSYoungGen: 84500K->22635K(116736K)
[2021-05-10T17:09:33.687+0800] GC(13) ParOldGen: 257055K->281778K(349696K)
[2021-05-10T17:09:33.687+0800] GC(13) Metaspace: 15017K->15017K(1062912K)
[2021-05-10T17:09:33.687+0800] GC(13) Pause Young (Allocation Failure) 333M->297M(455M) 4.163ms
[2021-05-10T17:09:33.687+0800] GC(13) User=0.00s Sys=0.00s Real=0.01s
[2021-05-10T17:09:33.695+0800] GC(14) Pause Young (Allocation Failure)
[2021-05-10T17:09:33.699+0800] GC(14) PSYoungGen: 81515K->21326K(116736K)
[2021-05-10T17:09:33.699+0800] GC(14) ParOldGen: 281778K->301846K(349696K)
[2021-05-10T17:09:33.699+0800] GC(14) Metaspace: 15017K->15017K(1062912K)
[2021-05-10T17:09:33.699+0800] GC(14) Pause Young (Allocation Failure) 354M->315M(455M) 3.920ms
[2021-05-10T17:09:33.699+0800] GC(14) User=0.16s Sys=0.00s Real=0.00s
[2021-05-10T17:09:33.699+0800] GC(15) Pause Full (Ergonomics)
[2021-05-10T17:09:33.699+0800] GC(15) Marking Phase
[2021-05-10T17:09:33.703+0800] GC(15) Marking Phase 3.190ms
[2021-05-10T17:09:33.703+0800] GC(15) Summary Phase
[2021-05-10T17:09:33.703+0800] GC(15) Summary Phase 0.026ms
[2021-05-10T17:09:33.703+0800] GC(15) Adjust Roots
[2021-05-10T17:09:33.705+0800] GC(15) Adjust Roots 2.168ms
[2021-05-10T17:09:33.705+0800] GC(15) Compaction Phase
[2021-05-10T17:09:33.727+0800] GC(15) Compaction Phase 21.590ms
[2021-05-10T17:09:33.727+0800] GC(15) Post Compact
[2021-05-10T17:09:33.727+0800] GC(15) Post Compact 0.598ms
[2021-05-10T17:09:33.727+0800] GC(15) PSYoungGen: 21326K->0K(116736K)
[2021-05-10T17:09:33.727+0800] GC(15) ParOldGen: 301846K->266906K(349696K)
[2021-05-10T17:09:33.727+0800] GC(15) Metaspace: 15017K->15017K(1062912K)
[2021-05-10T17:09:33.727+0800] GC(15) Pause Full (Ergonomics) 315M->260M(455M) 27.777ms
[2021-05-10T17:09:33.727+0800] GC(15) User=0.16s Sys=0.00s Real=0.03s
[2021-05-10T17:09:33.735+0800] GC(16) Pause Young (Allocation Failure)
[2021-05-10T17:09:33.738+0800] GC(16) PSYoungGen: 58847K->23680K(116736K)
[2021-05-10T17:09:33.738+0800] GC(16) ParOldGen: 266906K->266906K(349696K)
[2021-05-10T17:09:33.738+0800] GC(16) Metaspace: 15017K->15017K(1062912K)
[2021-05-10T17:09:33.738+0800] GC(16) Pause Young (Allocation Failure) 318M->283M(455M) 2.579ms
[2021-05-10T17:09:33.738+0800] GC(16) User=0.00s Sys=0.00s Real=0.00s
[2021-05-10T17:09:33.746+0800] GC(17) Pause Young (Allocation Failure)
[2021-05-10T17:09:33.750+0800] GC(17) PSYoungGen: 82560K->24258K(116736K)
[2021-05-10T17:09:33.750+0800] GC(17) ParOldGen: 266906K->289688K(349696K)
[2021-05-10T17:09:33.750+0800] GC(17) Metaspace: 15017K->15017K(1062912K)
[2021-05-10T17:09:33.750+0800] GC(17) Pause Young (Allocation Failure) 341M->306M(455M) 4.292ms
[2021-05-10T17:09:33.750+0800] GC(17) User=0.00s Sys=0.00s Real=0.00s
[2021-05-10T17:09:33.759+0800] GC(18) Pause Young (Allocation Failure)
[2021-05-10T17:09:33.763+0800] GC(18) PSYoungGen: 82849K->21761K(116736K)
[2021-05-10T17:09:33.763+0800] GC(18) ParOldGen: 289688K->312665K(349696K)
[2021-05-10T17:09:33.763+0800] GC(18) Metaspace: 15017K->15017K(1062912K)
[2021-05-10T17:09:33.763+0800] GC(18) Pause Young (Allocation Failure) 363M->326M(455M) 4.494ms
[2021-05-10T17:09:33.763+0800] GC(18) User=0.16s Sys=0.00s Real=0.00s
[2021-05-10T17:09:33.763+0800] GC(19) Pause Full (Ergonomics)
[2021-05-10T17:09:33.763+0800] GC(19) Marking Phase
[2021-05-10T17:09:33.766+0800] GC(19) Marking Phase 3.391ms
[2021-05-10T17:09:33.766+0800] GC(19) Summary Phase
[2021-05-10T17:09:33.766+0800] GC(19) Summary Phase 0.022ms
[2021-05-10T17:09:33.766+0800] GC(19) Adjust Roots
[2021-05-10T17:09:33.768+0800] GC(19) Adjust Roots 1.770ms
[2021-05-10T17:09:33.768+0800] GC(19) Compaction Phase
[2021-05-10T17:09:33.790+0800] GC(19) Compaction Phase 22.001ms
[2021-05-10T17:09:33.790+0800] GC(19) Post Compact
[2021-05-10T17:09:33.790+0800] GC(19) Post Compact 0.642ms
[2021-05-10T17:09:33.790+0800] GC(19) PSYoungGen: 21761K->0K(116736K)
[2021-05-10T17:09:33.791+0800] GC(19) ParOldGen: 312665K->285087K(349696K)
[2021-05-10T17:09:33.791+0800] GC(19) Metaspace: 15017K->15017K(1062912K)
[2021-05-10T17:09:33.791+0800] GC(19) Pause Full (Ergonomics) 326M->278M(455M) 28.058ms
[2021-05-10T17:09:33.791+0800] GC(19) User=0.16s Sys=0.00s Real=0.03s
[2021-05-10T17:09:33.800+0800] GC(20) Pause Young (Allocation Failure)
[2021-05-10T17:09:33.803+0800] GC(20) PSYoungGen: 58880K->25981K(116736K)
[2021-05-10T17:09:33.803+0800] GC(20) ParOldGen: 285087K->285087K(349696K)
[2021-05-10T17:09:33.803+0800] GC(20) Metaspace: 15017K->15017K(1062912K)
[2021-05-10T17:09:33.803+0800] GC(20) Pause Young (Allocation Failure) 335M->303M(455M) 3.031ms
[2021-05-10T17:09:33.803+0800] GC(20) User=0.00s Sys=0.00s Real=0.00s
[2021-05-10T17:09:33.810+0800] GC(21) Pause Young (Allocation Failure)
[2021-05-10T17:09:33.815+0800] GC(21) PSYoungGen: 84628K->22314K(116736K)
[2021-05-10T17:09:33.815+0800] GC(21) ParOldGen: 285087K->309791K(349696K)
[2021-05-10T17:09:33.815+0800] GC(21) Metaspace: 15017K->15017K(1062912K)
[2021-05-10T17:09:33.815+0800] GC(21) Pause Young (Allocation Failure) 361M->324M(455M) 4.774ms
[2021-05-10T17:09:33.815+0800] GC(21) User=0.00s Sys=0.00s Real=0.01s
[2021-05-10T17:09:33.815+0800] GC(22) Pause Full (Ergonomics)
[2021-05-10T17:09:33.815+0800] GC(22) Marking Phase
[2021-05-10T17:09:33.818+0800] GC(22) Marking Phase 3.591ms
[2021-05-10T17:09:33.818+0800] GC(22) Summary Phase
[2021-05-10T17:09:33.818+0800] GC(22) Summary Phase 0.023ms
[2021-05-10T17:09:33.818+0800] GC(22) Adjust Roots
[2021-05-10T17:09:33.820+0800] GC(22) Adjust Roots 1.777ms
[2021-05-10T17:09:33.820+0800] GC(22) Compaction Phase
[2021-05-10T17:09:33.843+0800] GC(22) Compaction Phase 22.915ms
[2021-05-10T17:09:33.843+0800] GC(22) Post Compact
[2021-05-10T17:09:33.843+0800] GC(22) Post Compact 0.664ms
[2021-05-10T17:09:33.844+0800] GC(22) PSYoungGen: 22314K->0K(116736K)
[2021-05-10T17:09:33.844+0800] GC(22) ParOldGen: 309791K->300959K(349696K)
[2021-05-10T17:09:33.844+0800] GC(22) Metaspace: 15017K->15017K(1062912K)
[2021-05-10T17:09:33.844+0800] GC(22) Pause Full (Ergonomics) 324M->293M(455M) 29.205ms
[2021-05-10T17:09:33.844+0800] GC(22) User=0.31s Sys=0.00s Real=0.03s
[2021-05-10T17:09:33.854+0800] GC(23) Pause Young (Allocation Failure)
[2021-05-10T17:09:33.856+0800] GC(23) PSYoungGen: 58859K->22857K(116736K)
[2021-05-10T17:09:33.856+0800] GC(23) ParOldGen: 300959K->300959K(349696K)
[2021-05-10T17:09:33.856+0800] GC(23) Metaspace: 15017K->15017K(1062912K)
[2021-05-10T17:09:33.856+0800] GC(23) Pause Young (Allocation Failure) 351M->316M(455M) 2.709ms
[2021-05-10T17:09:33.856+0800] GC(23) User=0.16s Sys=0.00s Real=0.00s
[2021-05-10T17:09:33.864+0800] GC(24) Pause Young (Allocation Failure)
[2021-05-10T17:09:33.869+0800] GC(24) PSYoungGen: 81737K->23137K(116736K)
[2021-05-10T17:09:33.869+0800] GC(24) ParOldGen: 300959K->323140K(349696K)
[2021-05-10T17:09:33.869+0800] GC(24) Metaspace: 15017K->15017K(1062912K)
[2021-05-10T17:09:33.869+0800] GC(24) Pause Young (Allocation Failure) 373M->338M(455M) 4.450ms
[2021-05-10T17:09:33.869+0800] GC(24) User=0.00s Sys=0.00s Real=0.00s
[2021-05-10T17:09:33.869+0800] GC(25) Pause Full (Ergonomics)
[2021-05-10T17:09:33.869+0800] GC(25) Marking Phase
[2021-05-10T17:09:33.872+0800] GC(25) Marking Phase 3.328ms
[2021-05-10T17:09:33.872+0800] GC(25) Summary Phase
[2021-05-10T17:09:33.872+0800] GC(25) Summary Phase 0.023ms
[2021-05-10T17:09:33.872+0800] GC(25) Adjust Roots
[2021-05-10T17:09:33.874+0800] GC(25) Adjust Roots 2.078ms
[2021-05-10T17:09:33.874+0800] GC(25) Compaction Phase
[2021-05-10T17:09:33.898+0800] GC(25) Compaction Phase 23.733ms
[2021-05-10T17:09:33.898+0800] GC(25) Post Compact
[2021-05-10T17:09:33.899+0800] GC(25) Post Compact 0.683ms
[2021-05-10T17:09:33.899+0800] GC(25) PSYoungGen: 23137K->0K(116736K)
[2021-05-10T17:09:33.899+0800] GC(25) ParOldGen: 323140K->302644K(349696K)
[2021-05-10T17:09:33.899+0800] GC(25) Metaspace: 15017K->15017K(1062912K)
[2021-05-10T17:09:33.899+0800] GC(25) Pause Full (Ergonomics) 338M->295M(455M) 30.066ms
[2021-05-10T17:09:33.899+0800] GC(25) User=0.31s Sys=0.00s Real=0.03s
[2021-05-10T17:09:33.909+0800] GC(26) Pause Young (Allocation Failure)
[2021-05-10T17:09:33.912+0800] GC(26) PSYoungGen: 58880K->20721K(116736K)
[2021-05-10T17:09:33.912+0800] GC(26) ParOldGen: 302644K->302644K(349696K)
[2021-05-10T17:09:33.912+0800] GC(26) Metaspace: 15017K->15017K(1062912K)
[2021-05-10T17:09:33.912+0800] GC(26) Pause Young (Allocation Failure) 353M->315M(455M) 2.473ms
[2021-05-10T17:09:33.912+0800] GC(26) User=0.00s Sys=0.00s Real=0.00s
[2021-05-10T17:09:33.920+0800] GC(27) Pause Young (Allocation Failure)
[2021-05-10T17:09:33.924+0800] GC(27) PSYoungGen: 79516K->23503K(116736K)
[2021-05-10T17:09:33.924+0800] GC(27) ParOldGen: 302644K->322403K(349696K)
[2021-05-10T17:09:33.924+0800] GC(27) Metaspace: 15017K->15017K(1062912K)
[2021-05-10T17:09:33.924+0800] GC(27) Pause Young (Allocation Failure) 373M->337M(455M) 4.029ms
[2021-05-10T17:09:33.924+0800] GC(27) User=0.00s Sys=0.00s Real=0.00s
[2021-05-10T17:09:33.924+0800] GC(28) Pause Full (Ergonomics)
[2021-05-10T17:09:33.924+0800] GC(28) Marking Phase
[2021-05-10T17:09:33.927+0800] GC(28) Marking Phase 3.266ms
[2021-05-10T17:09:33.927+0800] GC(28) Summary Phase
[2021-05-10T17:09:33.927+0800] GC(28) Summary Phase 0.024ms
[2021-05-10T17:09:33.927+0800] GC(28) Adjust Roots
[2021-05-10T17:09:33.929+0800] GC(28) Adjust Roots 1.796ms
[2021-05-10T17:09:33.929+0800] GC(28) Compaction Phase
[2021-05-10T17:09:33.952+0800] GC(28) Compaction Phase 23.120ms
[2021-05-10T17:09:33.952+0800] GC(28) Post Compact
[2021-05-10T17:09:33.953+0800] GC(28) Post Compact 0.692ms
[2021-05-10T17:09:33.953+0800] GC(28) PSYoungGen: 23503K->0K(116736K)
[2021-05-10T17:09:33.953+0800] GC(28) ParOldGen: 322403K->301330K(349696K)
[2021-05-10T17:09:33.953+0800] GC(28) Metaspace: 15017K->15017K(1062912K)
[2021-05-10T17:09:33.953+0800] GC(28) Pause Full (Ergonomics) 337M->294M(455M) 29.181ms
[2021-05-10T17:09:33.953+0800] GC(28) User=0.31s Sys=0.00s Real=0.03s
[2021-05-10T17:09:33.961+0800] GC(29) Pause Young (Allocation Failure)
[2021-05-10T17:09:33.963+0800] GC(29) PSYoungGen: 58674K->26208K(116736K)
[2021-05-10T17:09:33.963+0800] GC(29) ParOldGen: 301330K->301330K(349696K)
[2021-05-10T17:09:33.963+0800] GC(29) Metaspace: 15017K->15017K(1062912K)
[2021-05-10T17:09:33.963+0800] GC(29) Pause Young (Allocation Failure) 351M->319M(455M) 2.661ms
[2021-05-10T17:09:33.963+0800] GC(29) User=0.00s Sys=0.00s Real=0.00s
[2021-05-10T17:09:33.972+0800] GC(30) Pause Young (Allocation Failure)
[2021-05-10T17:09:33.976+0800] GC(30) PSYoungGen: 85025K->24115K(116736K)
[2021-05-10T17:09:33.976+0800] GC(30) ParOldGen: 301330K->325865K(349696K)
[2021-05-10T17:09:33.976+0800] GC(30) Metaspace: 15017K->15017K(1062912K)
[2021-05-10T17:09:33.976+0800] GC(30) Pause Young (Allocation Failure) 377M->341M(455M) 4.491ms
[2021-05-10T17:09:33.976+0800] GC(30) User=0.00s Sys=0.00s Real=0.00s
[2021-05-10T17:09:33.976+0800] GC(31) Pause Full (Ergonomics)
[2021-05-10T17:09:33.976+0800] GC(31) Marking Phase
[2021-05-10T17:09:33.980+0800] GC(31) Marking Phase 3.418ms
[2021-05-10T17:09:33.980+0800] GC(31) Summary Phase
[2021-05-10T17:09:33.980+0800] GC(31) Summary Phase 0.024ms
[2021-05-10T17:09:33.980+0800] GC(31) Adjust Roots
[2021-05-10T17:09:33.981+0800] GC(31) Adjust Roots 1.442ms
[2021-05-10T17:09:33.981+0800] GC(31) Compaction Phase
[2021-05-10T17:09:34.007+0800] GC(31) Compaction Phase 25.296ms
[2021-05-10T17:09:34.007+0800] GC(31) Post Compact
[2021-05-10T17:09:34.007+0800] GC(31) Post Compact 0.626ms
[2021-05-10T17:09:34.007+0800] GC(31) PSYoungGen: 24115K->0K(116736K)
[2021-05-10T17:09:34.007+0800] GC(31) ParOldGen: 325865K->319839K(349696K)
[2021-05-10T17:09:34.007+0800] GC(31) Metaspace: 15017K->15017K(1062912K)
[2021-05-10T17:09:34.007+0800] GC(31) Pause Full (Ergonomics) 341M->312M(455M) 31.037ms
[2021-05-10T17:09:34.007+0800] GC(31) User=0.17s Sys=0.00s Real=0.03s
[2021-05-10T17:09:34.018+0800] GC(32) Pause Full (Ergonomics)
[2021-05-10T17:09:34.018+0800] GC(32) Marking Phase
[2021-05-10T17:09:34.022+0800] GC(32) Marking Phase 3.333ms
[2021-05-10T17:09:34.022+0800] GC(32) Summary Phase
[2021-05-10T17:09:34.022+0800] GC(32) Summary Phase 0.025ms
[2021-05-10T17:09:34.022+0800] GC(32) Adjust Roots
[2021-05-10T17:09:34.023+0800] GC(32) Adjust Roots 1.285ms
[2021-05-10T17:09:34.023+0800] GC(32) Compaction Phase
[2021-05-10T17:09:34.048+0800] GC(32) Compaction Phase 24.605ms
[2021-05-10T17:09:34.048+0800] GC(32) Post Compact
[2021-05-10T17:09:34.049+0800] GC(32) Post Compact 0.956ms
[2021-05-10T17:09:34.049+0800] GC(32) PSYoungGen: 58880K->0K(116736K)
[2021-05-10T17:09:34.049+0800] GC(32) ParOldGen: 319839K->316906K(349696K)
[2021-05-10T17:09:34.049+0800] GC(32) Metaspace: 15017K->15017K(1062912K)
[2021-05-10T17:09:34.049+0800] GC(32) Pause Full (Ergonomics) 369M->309M(455M) 30.462ms
[2021-05-10T17:09:34.049+0800] GC(32) User=0.31s Sys=0.00s Real=0.03s
[2021-05-10T17:09:34.058+0800] GC(33) Pause Full (Ergonomics)
[2021-05-10T17:09:34.058+0800] GC(33) Marking Phase
[2021-05-10T17:09:34.061+0800] GC(33) Marking Phase 3.182ms
[2021-05-10T17:09:34.061+0800] GC(33) Summary Phase
[2021-05-10T17:09:34.061+0800] GC(33) Summary Phase 0.026ms
[2021-05-10T17:09:34.061+0800] GC(33) Adjust Roots
[2021-05-10T17:09:34.063+0800] GC(33) Adjust Roots 1.261ms
[2021-05-10T17:09:34.063+0800] GC(33) Compaction Phase
[2021-05-10T17:09:34.087+0800] GC(33) Compaction Phase 25.550ms
[2021-05-10T17:09:34.087+0800] GC(33) Post Compact
[2021-05-10T17:09:34.088+0800] GC(33) Post Compact 0.760ms
[2021-05-10T17:09:34.088+0800] GC(33) PSYoungGen: 58394K->0K(116736K)
[2021-05-10T17:09:34.088+0800] GC(33) ParOldGen: 316906K->321195K(349696K)
[2021-05-10T17:09:34.088+0800] GC(33) Metaspace: 15017K->15017K(1062912K)
[2021-05-10T17:09:34.088+0800] GC(33) Pause Full (Ergonomics) 366M->313M(455M) 31.139ms
[2021-05-10T17:09:34.088+0800] GC(33) User=0.17s Sys=0.00s Real=0.03s
[2021-05-10T17:09:34.097+0800] GC(34) Pause Full (Ergonomics)
[2021-05-10T17:09:34.097+0800] GC(34) Marking Phase
[2021-05-10T17:09:34.101+0800] GC(34) Marking Phase 3.099ms
[2021-05-10T17:09:34.101+0800] GC(34) Summary Phase
[2021-05-10T17:09:34.101+0800] GC(34) Summary Phase 0.025ms
[2021-05-10T17:09:34.101+0800] GC(34) Adjust Roots
[2021-05-10T17:09:34.103+0800] GC(34) Adjust Roots 1.677ms
[2021-05-10T17:09:34.103+0800] GC(34) Compaction Phase
[2021-05-10T17:09:34.128+0800] GC(34) Compaction Phase 25.655ms
[2021-05-10T17:09:34.128+0800] GC(34) Post Compact
[2021-05-10T17:09:34.129+0800] GC(34) Post Compact 0.802ms
[2021-05-10T17:09:34.129+0800] GC(34) PSYoungGen: 58880K->0K(116736K)
[2021-05-10T17:09:34.129+0800] GC(34) ParOldGen: 321195K->330619K(349696K)
[2021-05-10T17:09:34.129+0800] GC(34) Metaspace: 15017K->15017K(1062912K)
[2021-05-10T17:09:34.129+0800] GC(34) Pause Full (Ergonomics) 371M->322M(455M) 31.540ms
[2021-05-10T17:09:34.129+0800] GC(34) User=0.30s Sys=0.02s Real=0.03s
[2021-05-10T17:09:34.139+0800] GC(35) Pause Full (Ergonomics)
[2021-05-10T17:09:34.139+0800] GC(35) Marking Phase
[2021-05-10T17:09:34.142+0800] GC(35) Marking Phase 3.076ms
[2021-05-10T17:09:34.142+0800] GC(35) Summary Phase
[2021-05-10T17:09:34.142+0800] GC(35) Summary Phase 0.026ms
[2021-05-10T17:09:34.142+0800] GC(35) Adjust Roots
[2021-05-10T17:09:34.144+0800] GC(35) Adjust Roots 1.715ms
[2021-05-10T17:09:34.144+0800] GC(35) Compaction Phase
[2021-05-10T17:09:34.172+0800] GC(35) Compaction Phase 27.805ms
[2021-05-10T17:09:34.172+0800] GC(35) Post Compact
[2021-05-10T17:09:34.173+0800] GC(35) Post Compact 0.786ms
[2021-05-10T17:09:34.173+0800] GC(35) PSYoungGen: 58880K->0K(116736K)
[2021-05-10T17:09:34.173+0800] GC(35) ParOldGen: 330619K->332743K(349696K)
[2021-05-10T17:09:34.173+0800] GC(35) Metaspace: 15017K->15017K(1062912K)
[2021-05-10T17:09:34.173+0800] GC(35) Pause Full (Ergonomics) 380M->324M(455M) 33.678ms
[2021-05-10T17:09:34.173+0800] GC(35) User=0.31s Sys=0.00s Real=0.03s
[2021-05-10T17:09:34.184+0800] GC(36) Pause Full (Ergonomics)
[2021-05-10T17:09:34.184+0800] GC(36) Marking Phase
[2021-05-10T17:09:34.187+0800] GC(36) Marking Phase 3.179ms
[2021-05-10T17:09:34.187+0800] GC(36) Summary Phase
[2021-05-10T17:09:34.187+0800] GC(36) Summary Phase 0.026ms
[2021-05-10T17:09:34.187+0800] GC(36) Adjust Roots
[2021-05-10T17:09:34.188+0800] GC(36) Adjust Roots 1.061ms
[2021-05-10T17:09:34.188+0800] GC(36) Compaction Phase
[2021-05-10T17:09:34.214+0800] GC(36) Compaction Phase 25.927ms
[2021-05-10T17:09:34.214+0800] GC(36) Post Compact
[2021-05-10T17:09:34.215+0800] GC(36) Post Compact 0.804ms
[2021-05-10T17:09:34.215+0800] GC(36) PSYoungGen: 58840K->0K(116736K)
[2021-05-10T17:09:34.215+0800] GC(36) ParOldGen: 332743K->333717K(349696K)
[2021-05-10T17:09:34.215+0800] GC(36) Metaspace: 15017K->15017K(1062912K)
[2021-05-10T17:09:34.215+0800] GC(36) Pause Full (Ergonomics) 382M->325M(455M) 31.274ms
[2021-05-10T17:09:34.215+0800] GC(36) User=0.31s Sys=0.00s Real=0.03s
[2021-05-10T17:09:34.225+0800] GC(37) Pause Full (Ergonomics)
[2021-05-10T17:09:34.225+0800] GC(37) Marking Phase
[2021-05-10T17:09:34.228+0800] GC(37) Marking Phase 3.152ms
[2021-05-10T17:09:34.228+0800] GC(37) Summary Phase
[2021-05-10T17:09:34.228+0800] GC(37) Summary Phase 0.022ms
[2021-05-10T17:09:34.228+0800] GC(37) Adjust Roots
[2021-05-10T17:09:34.230+0800] GC(37) Adjust Roots 1.579ms
[2021-05-10T17:09:34.230+0800] GC(37) Compaction Phase
[2021-05-10T17:09:34.258+0800] GC(37) Compaction Phase 27.921ms
[2021-05-10T17:09:34.258+0800] GC(37) Post Compact
[2021-05-10T17:09:34.259+0800] GC(37) Post Compact 0.833ms
[2021-05-10T17:09:34.259+0800] GC(37) PSYoungGen: 58437K->0K(116736K)
[2021-05-10T17:09:34.259+0800] GC(37) ParOldGen: 333717K->335892K(349696K)
[2021-05-10T17:09:34.259+0800] GC(37) Metaspace: 15017K->15017K(1062912K)
[2021-05-10T17:09:34.259+0800] GC(37) Pause Full (Ergonomics) 382M->328M(455M) 33.788ms
[2021-05-10T17:09:34.259+0800] GC(37) User=0.17s Sys=0.00s Real=0.03s
[2021-05-10T17:09:34.269+0800] GC(38) Pause Full (Ergonomics)
[2021-05-10T17:09:34.269+0800] GC(38) Marking Phase
[2021-05-10T17:09:34.272+0800] GC(38) Marking Phase 3.022ms
[2021-05-10T17:09:34.272+0800] GC(38) Summary Phase
[2021-05-10T17:09:34.272+0800] GC(38) Summary Phase 0.026ms
[2021-05-10T17:09:34.272+0800] GC(38) Adjust Roots
[2021-05-10T17:09:34.274+0800] GC(38) Adjust Roots 1.344ms
[2021-05-10T17:09:34.274+0800] GC(38) Compaction Phase
[2021-05-10T17:09:34.303+0800] GC(38) Compaction Phase 29.133ms
[2021-05-10T17:09:34.303+0800] GC(38) Post Compact
[2021-05-10T17:09:34.304+0800] GC(38) Post Compact 0.820ms
[2021-05-10T17:09:34.304+0800] GC(38) PSYoungGen: 58626K->0K(116736K)
[2021-05-10T17:09:34.304+0800] GC(38) ParOldGen: 335892K->338471K(349696K)
[2021-05-10T17:09:34.304+0800] GC(38) Metaspace: 15017K->15017K(1062912K)
[2021-05-10T17:09:34.304+0800] GC(38) Pause Full (Ergonomics) 385M->330M(455M) 34.635ms
[2021-05-10T17:09:34.304+0800] GC(38) User=0.30s Sys=0.00s Real=0.03s
[2021-05-10T17:09:34.315+0800] GC(39) Pause Full (Ergonomics)
[2021-05-10T17:09:34.315+0800] GC(39) Marking Phase
[2021-05-10T17:09:34.318+0800] GC(39) Marking Phase 3.067ms
[2021-05-10T17:09:34.318+0800] GC(39) Summary Phase
[2021-05-10T17:09:34.318+0800] GC(39) Summary Phase 0.026ms
[2021-05-10T17:09:34.318+0800] GC(39) Adjust Roots
[2021-05-10T17:09:34.320+0800] GC(39) Adjust Roots 1.450ms
[2021-05-10T17:09:34.320+0800] GC(39) Compaction Phase
[2021-05-10T17:09:34.352+0800] GC(39) Compaction Phase 32.409ms
[2021-05-10T17:09:34.352+0800] GC(39) Post Compact
[2021-05-10T17:09:34.353+0800] GC(39) Post Compact 0.796ms
[2021-05-10T17:09:34.353+0800] GC(39) PSYoungGen: 58735K->0K(116736K)
[2021-05-10T17:09:34.353+0800] GC(39) ParOldGen: 338471K->338415K(349696K)
[2021-05-10T17:09:34.353+0800] GC(39) Metaspace: 15017K->15017K(1062912K)
[2021-05-10T17:09:34.353+0800] GC(39) Pause Full (Ergonomics) 387M->330M(455M) 38.034ms
[2021-05-10T17:09:34.353+0800] GC(39) User=0.30s Sys=0.00s Real=0.04s
[2021-05-10T17:09:34.363+0800] GC(40) Pause Full (Ergonomics)
[2021-05-10T17:09:34.363+0800] GC(40) Marking Phase
[2021-05-10T17:09:34.366+0800] GC(40) Marking Phase 3.022ms
[2021-05-10T17:09:34.366+0800] GC(40) Summary Phase
[2021-05-10T17:09:34.366+0800] GC(40) Summary Phase 0.031ms
[2021-05-10T17:09:34.366+0800] GC(40) Adjust Roots
[2021-05-10T17:09:34.368+0800] GC(40) Adjust Roots 1.722ms
[2021-05-10T17:09:34.368+0800] GC(40) Compaction Phase
[2021-05-10T17:09:34.397+0800] GC(40) Compaction Phase 29.380ms
[2021-05-10T17:09:34.397+0800] GC(40) Post Compact
[2021-05-10T17:09:34.398+0800] GC(40) Post Compact 0.820ms
[2021-05-10T17:09:34.398+0800] GC(40) PSYoungGen: 58860K->0K(116736K)
[2021-05-10T17:09:34.398+0800] GC(40) ParOldGen: 338415K->344045K(349696K)
[2021-05-10T17:09:34.398+0800] GC(40) Metaspace: 15017K->15017K(1062912K)
[2021-05-10T17:09:34.398+0800] GC(40) Pause Full (Ergonomics) 387M->335M(455M) 35.273ms
[2021-05-10T17:09:34.398+0800] GC(40) User=0.30s Sys=0.02s Real=0.04s
[2021-05-10T17:09:34.408+0800] GC(41) Pause Full (Ergonomics)
[2021-05-10T17:09:34.408+0800] GC(41) Marking Phase
[2021-05-10T17:09:34.411+0800] GC(41) Marking Phase 3.151ms
[2021-05-10T17:09:34.411+0800] GC(41) Summary Phase
[2021-05-10T17:09:34.411+0800] GC(41) Summary Phase 0.026ms
[2021-05-10T17:09:34.411+0800] GC(41) Adjust Roots
[2021-05-10T17:09:34.412+0800] GC(41) Adjust Roots 1.437ms
[2021-05-10T17:09:34.412+0800] GC(41) Compaction Phase
[2021-05-10T17:09:34.441+0800] GC(41) Compaction Phase 28.226ms
[2021-05-10T17:09:34.441+0800] GC(41) Post Compact
[2021-05-10T17:09:34.442+0800] GC(41) Post Compact 0.979ms
[2021-05-10T17:09:34.442+0800] GC(41) PSYoungGen: 58880K->0K(116736K)
[2021-05-10T17:09:34.442+0800] GC(41) ParOldGen: 344045K->340028K(349696K)
[2021-05-10T17:09:34.442+0800] GC(41) Metaspace: 15017K->15017K(1062912K)
[2021-05-10T17:09:34.442+0800] GC(41) Pause Full (Ergonomics) 393M->332M(455M) 34.155ms
[2021-05-10T17:09:34.442+0800] GC(41) User=0.30s Sys=0.00s Real=0.03s
[2021-05-10T17:09:34.456+0800] Heap
[2021-05-10T17:09:34.456+0800]  PSYoungGen      total 116736K, used 3473K [0x00000000f5580000, 0x0000000100000000, 0x0000000100000000)
[2021-05-10T17:09:34.456+0800]   eden space 58880K, 5% used [0x00000000f5580000,0x00000000f58e4508,0x00000000f8f00000)
[2021-05-10T17:09:34.456+0800]   from space 57856K, 0% used [0x00000000fc780000,0x00000000fc780000,0x0000000100000000)
[2021-05-10T17:09:34.456+0800]   to   space 57856K, 0% used [0x00000000f8f00000,0x00000000f8f00000,0x00000000fc780000)
[2021-05-10T17:09:34.456+0800]  ParOldGen       total 349696K, used 340028K [0x00000000e0000000, 0x00000000f5580000, 0x00000000f5580000)
[2021-05-10T17:09:34.456+0800]   object space 349696K, 97% used [0x00000000e0000000,0x00000000f4c0f168,0x00000000f5580000)
[2021-05-10T17:09:34.456+0800]  Metaspace       used 15191K, capacity 15520K, committed 15616K, reserved 1062912K
[2021-05-10T17:09:34.456+0800]   class space    used 1638K, capacity 1758K, committed 1792K, reserved 1048576K
