[2021-05-10T17:09:22.571+0800] Using Serial
[2021-05-10T17:09:22.571+0800] Heap address: 0x00000000e0000000, size: 512 MB, Compressed Oops mode: 32-bit
[2021-05-10T17:09:23.044+0800] GC(0) Pause Young (Allocation Failure)
[2021-05-10T17:09:23.073+0800] GC(0) DefNew: 139776K->17472K(157248K)
[2021-05-10T17:09:23.073+0800] GC(0) Tenured: 0K->28757K(349568K)
[2021-05-10T17:09:23.073+0800] GC(0) Metaspace: 14985K->14985K(1062912K)
[2021-05-10T17:09:23.073+0800] GC(0) Pause Young (Allocation Failure) 136M->45M(494M) 29.448ms
[2021-05-10T17:09:23.074+0800] GC(0) User=0.00s Sys=0.03s Real=0.03s
[2021-05-10T17:09:23.090+0800] GC(1) Pause Young (Allocation Failure)
[2021-05-10T17:09:23.112+0800] GC(1) DefNew: 157248K->17471K(157248K)
[2021-05-10T17:09:23.112+0800] GC(1) Tenured: 28757K->74701K(349568K)
[2021-05-10T17:09:23.112+0800] GC(1) Metaspace: 14985K->14985K(1062912K)
[2021-05-10T17:09:23.112+0800] GC(1) Pause Young (Allocation Failure) 181M->90M(494M) 22.605ms
[2021-05-10T17:09:23.112+0800] GC(1) User=0.00s Sys=0.02s Real=0.02s
[2021-05-10T17:09:23.125+0800] GC(2) Pause Young (Allocation Failure)
[2021-05-10T17:09:23.144+0800] GC(2) DefNew: 157247K->17471K(157248K)
[2021-05-10T17:09:23.144+0800] GC(2) Tenured: 74701K->126595K(349568K)
[2021-05-10T17:09:23.144+0800] GC(2) Metaspace: 14985K->14985K(1062912K)
[2021-05-10T17:09:23.144+0800] GC(2) Pause Young (Allocation Failure) 226M->140M(494M) 18.804ms
[2021-05-10T17:09:23.144+0800] GC(2) User=0.00s Sys=0.02s Real=0.02s
[2021-05-10T17:09:23.156+0800] GC(3) Pause Young (Allocation Failure)
[2021-05-10T17:09:23.175+0800] GC(3) DefNew: 157247K->17471K(157248K)
[2021-05-10T17:09:23.175+0800] GC(3) Tenured: 126595K->179787K(349568K)
[2021-05-10T17:09:23.175+0800] GC(3) Metaspace: 14985K->14985K(1062912K)
[2021-05-10T17:09:23.175+0800] GC(3) Pause Young (Allocation Failure) 277M->192M(494M) 18.700ms
[2021-05-10T17:09:23.175+0800] GC(3) User=0.00s Sys=0.02s Real=0.02s
[2021-05-10T17:09:23.188+0800] GC(4) Pause Young (Allocation Failure)
[2021-05-10T17:09:23.207+0800] GC(4) DefNew: 157247K->17471K(157248K)
[2021-05-10T17:09:23.207+0800] GC(4) Tenured: 179787K->231900K(349568K)
[2021-05-10T17:09:23.207+0800] GC(4) Metaspace: 14985K->14985K(1062912K)
[2021-05-10T17:09:23.207+0800] GC(4) Pause Young (Allocation Failure) 329M->243M(494M) 18.829ms
[2021-05-10T17:09:23.207+0800] GC(4) User=0.00s Sys=0.02s Real=0.02s
[2021-05-10T17:09:23.221+0800] GC(5) Pause Young (Allocation Failure)
[2021-05-10T17:09:23.238+0800] GC(5) DefNew: 157247K->17472K(157248K)
[2021-05-10T17:09:23.238+0800] GC(5) Tenured: 231900K->280892K(349568K)
[2021-05-10T17:09:23.238+0800] GC(5) Metaspace: 14985K->14985K(1062912K)
[2021-05-10T17:09:23.238+0800] GC(5) Pause Young (Allocation Failure) 380M->291M(494M) 17.766ms
[2021-05-10T17:09:23.238+0800] GC(5) User=0.02s Sys=0.00s Real=0.02s
[2021-05-10T17:09:23.253+0800] GC(6) Pause Young (Allocation Failure)
[2021-05-10T17:09:23.272+0800] GC(6) DefNew: 157248K->17471K(157248K)
[2021-05-10T17:09:23.272+0800] GC(6) Tenured: 280892K->334386K(349568K)
[2021-05-10T17:09:23.272+0800] GC(6) Metaspace: 14985K->14985K(1062912K)
[2021-05-10T17:09:23.272+0800] GC(6) Pause Young (Allocation Failure) 427M->343M(494M) 19.162ms
[2021-05-10T17:09:23.272+0800] GC(6) User=0.02s Sys=0.00s Real=0.02s
[2021-05-10T17:09:23.287+0800] GC(7) Pause Young (Allocation Failure)
[2021-05-10T17:09:23.287+0800] GC(8) Pause Full (Allocation Failure)
[2021-05-10T17:09:23.287+0800] GC(8) Phase 1: Mark live objects
[2021-05-10T17:09:23.290+0800] GC(8) Phase 1: Mark live objects 3.219ms
[2021-05-10T17:09:23.290+0800] GC(8) Phase 2: Compute new object addresses
[2021-05-10T17:09:23.291+0800] GC(8) Phase 2: Compute new object addresses 1.020ms
[2021-05-10T17:09:23.291+0800] GC(8) Phase 3: Adjust pointers
[2021-05-10T17:09:23.293+0800] GC(8) Phase 3: Adjust pointers 2.026ms
[2021-05-10T17:09:23.293+0800] GC(8) Phase 4: Move objects
[2021-05-10T17:09:23.319+0800] GC(8) Phase 4: Move objects 26.249ms
[2021-05-10T17:09:23.319+0800] GC(8) Pause Full (Allocation Failure) 480M->258M(494M) 32.753ms
[2021-05-10T17:09:23.320+0800] GC(7) DefNew: 157247K->0K(157248K)
[2021-05-10T17:09:23.320+0800] GC(7) Tenured: 334386K->264318K(349568K)
[2021-05-10T17:09:23.320+0800] GC(7) Metaspace: 14985K->14985K(1062912K)
[2021-05-10T17:09:23.320+0800] GC(7) Pause Young (Allocation Failure) 480M->258M(494M) 32.900ms
[2021-05-10T17:09:23.320+0800] GC(7) User=0.03s Sys=0.00s Real=0.03s
[2021-05-10T17:09:23.334+0800] GC(9) Pause Young (Allocation Failure)
[2021-05-10T17:09:23.340+0800] GC(9) DefNew: 139776K->17471K(157248K)
[2021-05-10T17:09:23.340+0800] GC(9) Tenured: 264318K->298425K(349568K)
[2021-05-10T17:09:23.340+0800] GC(9) Metaspace: 14985K->14985K(1062912K)
[2021-05-10T17:09:23.340+0800] GC(9) Pause Young (Allocation Failure) 394M->308M(494M) 5.688ms
[2021-05-10T17:09:23.340+0800] GC(9) User=0.02s Sys=0.00s Real=0.01s
[2021-05-10T17:09:23.354+0800] GC(10) Pause Young (Allocation Failure)
[2021-05-10T17:09:23.354+0800] GC(11) Pause Full (Allocation Failure)
[2021-05-10T17:09:23.354+0800] GC(11) Phase 1: Mark live objects
[2021-05-10T17:09:23.357+0800] GC(11) Phase 1: Mark live objects 2.991ms
[2021-05-10T17:09:23.357+0800] GC(11) Phase 2: Compute new object addresses
[2021-05-10T17:09:23.358+0800] GC(11) Phase 2: Compute new object addresses 1.049ms
[2021-05-10T17:09:23.358+0800] GC(11) Phase 3: Adjust pointers
[2021-05-10T17:09:23.360+0800] GC(11) Phase 3: Adjust pointers 2.067ms
[2021-05-10T17:09:23.360+0800] GC(11) Phase 4: Move objects
[2021-05-10T17:09:23.389+0800] GC(11) Phase 4: Move objects 28.875ms
[2021-05-10T17:09:23.389+0800] GC(11) Pause Full (Allocation Failure) 444M->292M(494M) 35.203ms
[2021-05-10T17:09:23.389+0800] GC(10) DefNew: 157247K->0K(157248K)
[2021-05-10T17:09:23.389+0800] GC(10) Tenured: 298425K->299563K(349568K)
[2021-05-10T17:09:23.389+0800] GC(10) Metaspace: 14985K->14985K(1062912K)
[2021-05-10T17:09:23.389+0800] GC(10) Pause Young (Allocation Failure) 444M->292M(494M) 35.298ms
[2021-05-10T17:09:23.389+0800] GC(10) User=0.05s Sys=0.00s Real=0.03s
[2021-05-10T17:09:23.403+0800] GC(12) Pause Young (Allocation Failure)
[2021-05-10T17:09:23.403+0800] GC(13) Pause Full (Allocation Failure)
[2021-05-10T17:09:23.403+0800] GC(13) Phase 1: Mark live objects
[2021-05-10T17:09:23.406+0800] GC(13) Phase 1: Mark live objects 2.998ms
[2021-05-10T17:09:23.406+0800] GC(13) Phase 2: Compute new object addresses
[2021-05-10T17:09:23.407+0800] GC(13) Phase 2: Compute new object addresses 0.919ms
[2021-05-10T17:09:23.407+0800] GC(13) Phase 3: Adjust pointers
[2021-05-10T17:09:23.409+0800] GC(13) Phase 3: Adjust pointers 2.112ms
[2021-05-10T17:09:23.409+0800] GC(13) Phase 4: Move objects
[2021-05-10T17:09:23.440+0800] GC(13) Phase 4: Move objects 30.580ms
[2021-05-10T17:09:23.440+0800] GC(13) Pause Full (Allocation Failure) 428M->307M(494M) 36.825ms
[2021-05-10T17:09:23.440+0800] GC(12) DefNew: 139719K->0K(157248K)
[2021-05-10T17:09:23.440+0800] GC(12) Tenured: 299563K->315337K(349568K)
[2021-05-10T17:09:23.440+0800] GC(12) Metaspace: 14985K->14985K(1062912K)
[2021-05-10T17:09:23.440+0800] GC(12) Pause Young (Allocation Failure) 428M->307M(494M) 36.938ms
[2021-05-10T17:09:23.440+0800] GC(12) User=0.03s Sys=0.00s Real=0.04s
[2021-05-10T17:09:23.454+0800] GC(14) Pause Young (Allocation Failure)
[2021-05-10T17:09:23.454+0800] GC(15) Pause Full (Allocation Failure)
[2021-05-10T17:09:23.454+0800] GC(15) Phase 1: Mark live objects
[2021-05-10T17:09:23.458+0800] GC(15) Phase 1: Mark live objects 3.157ms
[2021-05-10T17:09:23.458+0800] GC(15) Phase 2: Compute new object addresses
[2021-05-10T17:09:23.459+0800] GC(15) Phase 2: Compute new object addresses 0.959ms
[2021-05-10T17:09:23.459+0800] GC(15) Phase 3: Adjust pointers
[2021-05-10T17:09:23.461+0800] GC(15) Phase 3: Adjust pointers 2.057ms
[2021-05-10T17:09:23.461+0800] GC(15) Phase 4: Move objects
[2021-05-10T17:09:23.493+0800] GC(15) Phase 4: Move objects 32.968ms
[2021-05-10T17:09:23.493+0800] GC(15) Pause Full (Allocation Failure) 444M->303M(494M) 39.354ms
[2021-05-10T17:09:23.493+0800] GC(14) DefNew: 139776K->0K(157248K)
[2021-05-10T17:09:23.493+0800] GC(14) Tenured: 315337K->310420K(349568K)
[2021-05-10T17:09:23.493+0800] GC(14) Metaspace: 14985K->14985K(1062912K)
[2021-05-10T17:09:23.493+0800] GC(14) Pause Young (Allocation Failure) 444M->303M(494M) 39.510ms
[2021-05-10T17:09:23.493+0800] GC(14) User=0.03s Sys=0.00s Real=0.04s
[2021-05-10T17:09:23.508+0800] GC(16) Pause Young (Allocation Failure)
[2021-05-10T17:09:23.508+0800] GC(17) Pause Full (Allocation Failure)
[2021-05-10T17:09:23.508+0800] GC(17) Phase 1: Mark live objects
[2021-05-10T17:09:23.511+0800] GC(17) Phase 1: Mark live objects 3.104ms
[2021-05-10T17:09:23.511+0800] GC(17) Phase 2: Compute new object addresses
[2021-05-10T17:09:23.512+0800] GC(17) Phase 2: Compute new object addresses 0.984ms
[2021-05-10T17:09:23.512+0800] GC(17) Phase 3: Adjust pointers
[2021-05-10T17:09:23.514+0800] GC(17) Phase 3: Adjust pointers 2.016ms
[2021-05-10T17:09:23.514+0800] GC(17) Phase 4: Move objects
[2021-05-10T17:09:23.534+0800] GC(17) Phase 4: Move objects 19.286ms
[2021-05-10T17:09:23.534+0800] GC(17) Pause Full (Allocation Failure) 439M->323M(494M) 25.612ms
[2021-05-10T17:09:23.534+0800] GC(16) DefNew: 139776K->0K(157248K)
[2021-05-10T17:09:23.534+0800] GC(16) Tenured: 310420K->331070K(349568K)
[2021-05-10T17:09:23.534+0800] GC(16) Metaspace: 14985K->14985K(1062912K)
[2021-05-10T17:09:23.534+0800] GC(16) Pause Young (Allocation Failure) 439M->323M(494M) 25.715ms
[2021-05-10T17:09:23.534+0800] GC(16) User=0.03s Sys=0.00s Real=0.03s
[2021-05-10T17:09:23.548+0800] GC(18) Pause Young (Allocation Failure)
[2021-05-10T17:09:23.548+0800] GC(19) Pause Full (Allocation Failure)
[2021-05-10T17:09:23.548+0800] GC(19) Phase 1: Mark live objects
[2021-05-10T17:09:23.551+0800] GC(19) Phase 1: Mark live objects 3.138ms
[2021-05-10T17:09:23.551+0800] GC(19) Phase 2: Compute new object addresses
[2021-05-10T17:09:23.552+0800] GC(19) Phase 2: Compute new object addresses 1.108ms
[2021-05-10T17:09:23.552+0800] GC(19) Phase 3: Adjust pointers
[2021-05-10T17:09:23.555+0800] GC(19) Phase 3: Adjust pointers 2.332ms
[2021-05-10T17:09:23.555+0800] GC(19) Phase 4: Move objects
[2021-05-10T17:09:23.585+0800] GC(19) Phase 4: Move objects 30.687ms
[2021-05-10T17:09:23.585+0800] GC(19) Pause Full (Allocation Failure) 459M->332M(494M) 37.498ms
[2021-05-10T17:09:23.585+0800] GC(18) DefNew: 139776K->0K(157248K)
[2021-05-10T17:09:23.585+0800] GC(18) Tenured: 331070K->340682K(349568K)
[2021-05-10T17:09:23.585+0800] GC(18) Metaspace: 14985K->14985K(1062912K)
[2021-05-10T17:09:23.586+0800] GC(18) Pause Young (Allocation Failure) 459M->332M(494M) 37.591ms
[2021-05-10T17:09:23.586+0800] GC(18) User=0.03s Sys=0.00s Real=0.04s
[2021-05-10T17:09:23.600+0800] GC(20) Pause Young (Allocation Failure)
[2021-05-10T17:09:23.600+0800] GC(21) Pause Full (Allocation Failure)
[2021-05-10T17:09:23.600+0800] GC(21) Phase 1: Mark live objects
[2021-05-10T17:09:23.603+0800] GC(21) Phase 1: Mark live objects 3.010ms
[2021-05-10T17:09:23.603+0800] GC(21) Phase 2: Compute new object addresses
[2021-05-10T17:09:23.604+0800] GC(21) Phase 2: Compute new object addresses 0.976ms
[2021-05-10T17:09:23.604+0800] GC(21) Phase 3: Adjust pointers
[2021-05-10T17:09:23.606+0800] GC(21) Phase 3: Adjust pointers 1.968ms
[2021-05-10T17:09:23.606+0800] GC(21) Phase 4: Move objects
[2021-05-10T17:09:23.640+0800] GC(21) Phase 4: Move objects 33.532ms
[2021-05-10T17:09:23.640+0800] GC(21) Pause Full (Allocation Failure) 469M->343M(494M) 39.712ms
[2021-05-10T17:09:23.640+0800] GC(20) DefNew: 139776K->2269K(157248K)
[2021-05-10T17:09:23.640+0800] GC(20) Tenured: 340682K->349290K(349568K)
[2021-05-10T17:09:23.640+0800] GC(20) Metaspace: 14985K->14985K(1062912K)
[2021-05-10T17:09:23.640+0800] GC(20) Pause Young (Allocation Failure) 469M->343M(494M) 39.811ms
[2021-05-10T17:09:23.640+0800] GC(20) User=0.05s Sys=0.00s Real=0.04s
[2021-05-10T17:09:23.656+0800] GC(22) Pause Full (Allocation Failure)
[2021-05-10T17:09:23.656+0800] GC(22) Phase 1: Mark live objects
[2021-05-10T17:09:23.659+0800] GC(22) Phase 1: Mark live objects 3.144ms
[2021-05-10T17:09:23.659+0800] GC(22) Phase 2: Compute new object addresses
[2021-05-10T17:09:23.660+0800] GC(22) Phase 2: Compute new object addresses 1.031ms
[2021-05-10T17:09:23.660+0800] GC(22) Phase 3: Adjust pointers
[2021-05-10T17:09:23.662+0800] GC(22) Phase 3: Adjust pointers 2.107ms
[2021-05-10T17:09:23.662+0800] GC(22) Phase 4: Move objects
[2021-05-10T17:09:23.699+0800] GC(22) Phase 4: Move objects 36.267ms
[2021-05-10T17:09:23.699+0800] GC(22) DefNew: 156931K->0K(157248K)
[2021-05-10T17:09:23.699+0800] GC(22) Tenured: 349290K->342826K(349568K)
[2021-05-10T17:09:23.699+0800] GC(22) Metaspace: 14985K->14985K(1062912K)
[2021-05-10T17:09:23.699+0800] GC(22) Pause Full (Allocation Failure) 494M->334M(494M) 42.849ms
[2021-05-10T17:09:23.699+0800] GC(22) User=0.05s Sys=0.00s Real=0.04s
[2021-05-10T17:09:23.715+0800] GC(23) Pause Young (Allocation Failure)
[2021-05-10T17:09:23.715+0800] GC(24) Pause Full (Allocation Failure)
[2021-05-10T17:09:23.715+0800] GC(24) Phase 1: Mark live objects
[2021-05-10T17:09:23.718+0800] GC(24) Phase 1: Mark live objects 3.157ms
[2021-05-10T17:09:23.718+0800] GC(24) Phase 2: Compute new object addresses
[2021-05-10T17:09:23.719+0800] GC(24) Phase 2: Compute new object addresses 1.052ms
[2021-05-10T17:09:23.719+0800] GC(24) Phase 3: Adjust pointers
[2021-05-10T17:09:23.722+0800] GC(24) Phase 3: Adjust pointers 2.147ms
[2021-05-10T17:09:23.722+0800] GC(24) Phase 4: Move objects
[2021-05-10T17:09:23.744+0800] GC(24) Phase 4: Move objects 22.198ms
[2021-05-10T17:09:23.744+0800] GC(24) Pause Full (Allocation Failure) 471M->349M(494M) 28.782ms
[2021-05-10T17:09:23.744+0800] GC(23) DefNew: 139776K->8597K(157248K)
[2021-05-10T17:09:23.744+0800] GC(23) Tenured: 342826K->349468K(349568K)
[2021-05-10T17:09:23.744+0800] GC(23) Metaspace: 14985K->14985K(1062912K)
[2021-05-10T17:09:23.744+0800] GC(23) Pause Young (Allocation Failure) 471M->349M(494M) 28.889ms
[2021-05-10T17:09:23.744+0800] GC(23) User=0.02s Sys=0.00s Real=0.03s
[2021-05-10T17:09:23.760+0800] GC(25) Pause Full (Allocation Failure)
[2021-05-10T17:09:23.760+0800] GC(25) Phase 1: Mark live objects
[2021-05-10T17:09:23.763+0800] GC(25) Phase 1: Mark live objects 3.066ms
[2021-05-10T17:09:23.763+0800] GC(25) Phase 2: Compute new object addresses
[2021-05-10T17:09:23.764+0800] GC(25) Phase 2: Compute new object addresses 0.989ms
[2021-05-10T17:09:23.764+0800] GC(25) Phase 3: Adjust pointers
[2021-05-10T17:09:23.766+0800] GC(25) Phase 3: Adjust pointers 2.011ms
[2021-05-10T17:09:23.766+0800] GC(25) Phase 4: Move objects
[2021-05-10T17:09:23.797+0800] GC(25) Phase 4: Move objects 30.993ms
[2021-05-10T17:09:23.797+0800] GC(25) DefNew: 157154K->11729K(157248K)
[2021-05-10T17:09:23.797+0800] GC(25) Tenured: 349468K->349520K(349568K)
[2021-05-10T17:09:23.797+0800] GC(25) Metaspace: 14985K->14985K(1062912K)
[2021-05-10T17:09:23.797+0800] GC(25) Pause Full (Allocation Failure) 494M->352M(494M) 37.352ms
[2021-05-10T17:09:23.797+0800] GC(25) User=0.05s Sys=0.00s Real=0.04s
[2021-05-10T17:09:23.813+0800] GC(26) Pause Full (Allocation Failure)
[2021-05-10T17:09:23.813+0800] GC(26) Phase 1: Mark live objects
[2021-05-10T17:09:23.817+0800] GC(26) Phase 1: Mark live objects 3.062ms
[2021-05-10T17:09:23.817+0800] GC(26) Phase 2: Compute new object addresses
[2021-05-10T17:09:23.818+0800] GC(26) Phase 2: Compute new object addresses 1.045ms
[2021-05-10T17:09:23.818+0800] GC(26) Phase 3: Adjust pointers
[2021-05-10T17:09:23.820+0800] GC(26) Phase 3: Adjust pointers 2.097ms
[2021-05-10T17:09:23.820+0800] GC(26) Phase 4: Move objects
[2021-05-10T17:09:23.853+0800] GC(26) Phase 4: Move objects 33.541ms
[2021-05-10T17:09:23.853+0800] GC(26) DefNew: 157126K->14491K(157248K)
[2021-05-10T17:09:23.853+0800] GC(26) Tenured: 349520K->349560K(349568K)
[2021-05-10T17:09:23.853+0800] GC(26) Metaspace: 14985K->14985K(1062912K)
[2021-05-10T17:09:23.853+0800] GC(26) Pause Full (Allocation Failure) 494M->355M(494M) 40.053ms
[2021-05-10T17:09:23.853+0800] GC(26) User=0.03s Sys=0.00s Real=0.04s
[2021-05-10T17:09:23.868+0800] GC(27) Pause Full (Allocation Failure)
[2021-05-10T17:09:23.868+0800] GC(27) Phase 1: Mark live objects
[2021-05-10T17:09:23.871+0800] GC(27) Phase 1: Mark live objects 3.118ms
[2021-05-10T17:09:23.871+0800] GC(27) Phase 2: Compute new object addresses
[2021-05-10T17:09:23.872+0800] GC(27) Phase 2: Compute new object addresses 1.027ms
[2021-05-10T17:09:23.872+0800] GC(27) Phase 3: Adjust pointers
[2021-05-10T17:09:23.875+0800] GC(27) Phase 3: Adjust pointers 2.212ms
[2021-05-10T17:09:23.875+0800] GC(27) Phase 4: Move objects
[2021-05-10T17:09:23.911+0800] GC(27) Phase 4: Move objects 35.796ms
[2021-05-10T17:09:23.911+0800] GC(27) DefNew: 156942K->0K(157248K)
[2021-05-10T17:09:23.911+0800] GC(27) Tenured: 349560K->340633K(349568K)
[2021-05-10T17:09:23.911+0800] GC(27) Metaspace: 14985K->14985K(1062912K)
[2021-05-10T17:09:23.911+0800] GC(27) Pause Full (Allocation Failure) 494M->332M(494M) 42.459ms
[2021-05-10T17:09:23.911+0800] GC(27) User=0.05s Sys=0.00s Real=0.04s
[2021-05-10T17:09:23.925+0800] GC(28) Pause Young (Allocation Failure)
[2021-05-10T17:09:23.925+0800] GC(29) Pause Full (Allocation Failure)
[2021-05-10T17:09:23.925+0800] GC(29) Phase 1: Mark live objects
[2021-05-10T17:09:23.928+0800] GC(29) Phase 1: Mark live objects 3.075ms
[2021-05-10T17:09:23.928+0800] GC(29) Phase 2: Compute new object addresses
[2021-05-10T17:09:23.929+0800] GC(29) Phase 2: Compute new object addresses 0.980ms
[2021-05-10T17:09:23.929+0800] GC(29) Phase 3: Adjust pointers
[2021-05-10T17:09:23.932+0800] GC(29) Phase 3: Adjust pointers 2.040ms
[2021-05-10T17:09:23.932+0800] GC(29) Phase 4: Move objects
[2021-05-10T17:09:23.958+0800] GC(29) Phase 4: Move objects 25.919ms
[2021-05-10T17:09:23.958+0800] GC(29) Pause Full (Allocation Failure) 469M->359M(494M) 32.230ms
[2021-05-10T17:09:23.958+0800] GC(28) DefNew: 139776K->18142K(157248K)
[2021-05-10T17:09:23.958+0800] GC(28) Tenured: 340633K->349537K(349568K)
[2021-05-10T17:09:23.958+0800] GC(28) Metaspace: 14985K->14985K(1062912K)
[2021-05-10T17:09:23.958+0800] GC(28) Pause Young (Allocation Failure) 469M->359M(494M) 32.335ms
[2021-05-10T17:09:23.958+0800] GC(28) User=0.03s Sys=0.00s Real=0.03s
[2021-05-10T17:09:23.974+0800] GC(30) Pause Full (Allocation Failure)
[2021-05-10T17:09:23.974+0800] GC(30) Phase 1: Mark live objects
[2021-05-10T17:09:23.977+0800] GC(30) Phase 1: Mark live objects 3.058ms
[2021-05-10T17:09:23.977+0800] GC(30) Phase 2: Compute new object addresses
[2021-05-10T17:09:23.978+0800] GC(30) Phase 2: Compute new object addresses 1.013ms
[2021-05-10T17:09:23.978+0800] GC(30) Phase 3: Adjust pointers
[2021-05-10T17:09:23.980+0800] GC(30) Phase 3: Adjust pointers 2.079ms
[2021-05-10T17:09:23.980+0800] GC(30) Phase 4: Move objects
[2021-05-10T17:09:24.011+0800] GC(30) Phase 4: Move objects 30.844ms
[2021-05-10T17:09:24.011+0800] GC(30) DefNew: 156882K->17947K(157248K)
[2021-05-10T17:09:24.011+0800] GC(30) Tenured: 349537K->348936K(349568K)
[2021-05-10T17:09:24.011+0800] GC(30) Metaspace: 14985K->14985K(1062912K)
[2021-05-10T17:09:24.011+0800] GC(30) Pause Full (Allocation Failure) 494M->358M(494M) 37.297ms
[2021-05-10T17:09:24.011+0800] GC(30) User=0.05s Sys=0.00s Real=0.04s
[2021-05-10T17:09:24.021+0800] Heap
[2021-05-10T17:09:24.021+0800]  def new generation   total 157248K, used 25497K [0x00000000e0000000, 0x00000000eaaa0000, 0x00000000eaaa0000)
[2021-05-10T17:09:24.021+0800]   eden space 139776K,  18% used [0x00000000e0000000, 0x00000000e18e6560, 0x00000000e8880000)
[2021-05-10T17:09:24.021+0800]   from space 17472K,   0% used [0x00000000e8880000, 0x00000000e8880000, 0x00000000e9990000)
[2021-05-10T17:09:24.021+0800]   to   space 17472K,   0% used [0x00000000e9990000, 0x00000000e9990000, 0x00000000eaaa0000)
[2021-05-10T17:09:24.021+0800]  tenured generation   total 349568K, used 348936K [0x00000000eaaa0000, 0x0000000100000000, 0x0000000100000000)
[2021-05-10T17:09:24.021+0800]    the space 349568K,  99% used [0x00000000eaaa0000, 0x00000000fff62128, 0x00000000fff62200, 0x0000000100000000)
[2021-05-10T17:09:24.021+0800]  Metaspace       used 15166K, capacity 15520K, committed 15616K, reserved 1062912K
[2021-05-10T17:09:24.021+0800]   class space    used 1641K, capacity 1758K, committed 1792K, reserved 1048576K
